Archive member included to satisfy reference by file (symbol)

.\CortexM3\ARM_GCC_541\Debug\BMS_Master.a(Vehicle_CAN.o)
                              .\CortexM3\ARM_GCC_541\Debug\main.o (Vehicle_CAN_Start)
.\CortexM3\ARM_GCC_541\Debug\BMS_Master.a(Vehicle_CAN_INT.o)
                              .\CortexM3\ARM_GCC_541\Debug\BMS_Master.a(Vehicle_CAN.o) (Vehicle_CAN_ISR)
.\CortexM3\ARM_GCC_541\Debug\BMS_Master.a(Vehicle_CAN_TX_RX_func.o)
                              .\CortexM3\ARM_GCC_541\Debug\BMS_Master.a(Vehicle_CAN_INT.o) (Vehicle_CAN_ReceiveMsg)
.\CortexM3\ARM_GCC_541\Debug\BMS_Master.a(SPICAN.o)
                              .\CortexM3\ARM_GCC_541\Debug\main.o (SPICAN_Start)
.\CortexM3\ARM_GCC_541\Debug\BMS_Master.a(CyLib.o)
                              .\CortexM3\ARM_GCC_541\Debug\Cm3Start.o (CyHalt)
.\CortexM3\ARM_GCC_541\Debug\BMS_Master.a(cyPm.o)
                              .\CortexM3\ARM_GCC_541\Debug\BMS_Master.a(CyLib.o) (CyPmReadStatus)
.\CortexM3\ARM_GCC_541\Debug\BMS_Master.a(CyBootAsmGnu.o)
                              .\CortexM3\ARM_GCC_541\Debug\cyfitter_cfg.o (CyDelayCycles)
.\CortexM3\ARM_GCC_541\Debug\BMS_Master.a(CyFlash.o)
                              .\CortexM3\ARM_GCC_541\Debug\BMS_Master.a(cyPm.o) (CyFlash_SetWaitCycles)
.\CortexM3\ARM_GCC_541\Debug\BMS_Master.a(CySpc.o)
                              .\CortexM3\ARM_GCC_541\Debug\BMS_Master.a(CyFlash.o) (CySpcStart)
c:/program files (x86)/cypress/psoc creator/4.2/psoc creator/import/gnu/arm/5.4.1/bin/../lib/gcc/arm-none-eabi/5.4.1/../../../../arm-none-eabi/lib/armv7-m\libg_nano.a(lib_a-errno.o)
                              .\CortexM3\ARM_GCC_541\Debug\Cm3Start.o (__errno)
c:/program files (x86)/cypress/psoc creator/4.2/psoc creator/import/gnu/arm/5.4.1/bin/../lib/gcc/arm-none-eabi/5.4.1/../../../../arm-none-eabi/lib/armv7-m\libg_nano.a(lib_a-exit.o)
                              c:/program files (x86)/cypress/psoc creator/4.2/psoc creator/import/gnu/arm/5.4.1/bin/../lib/gcc/arm-none-eabi/5.4.1/../../../../arm-none-eabi/lib/armv7-m/crt0.o (exit)
c:/program files (x86)/cypress/psoc creator/4.2/psoc creator/import/gnu/arm/5.4.1/bin/../lib/gcc/arm-none-eabi/5.4.1/../../../../arm-none-eabi/lib/armv7-m\libg_nano.a(lib_a-impure.o)
                              c:/program files (x86)/cypress/psoc creator/4.2/psoc creator/import/gnu/arm/5.4.1/bin/../lib/gcc/arm-none-eabi/5.4.1/../../../../arm-none-eabi/lib/armv7-m\libg_nano.a(lib_a-exit.o) (_global_impure_ptr)
c:/program files (x86)/cypress/psoc creator/4.2/psoc creator/import/gnu/arm/5.4.1/bin/../lib/gcc/arm-none-eabi/5.4.1/../../../../arm-none-eabi/lib/armv7-m\libg_nano.a(lib_a-init.o)
                              c:/program files (x86)/cypress/psoc creator/4.2/psoc creator/import/gnu/arm/5.4.1/bin/../lib/gcc/arm-none-eabi/5.4.1/../../../../arm-none-eabi/lib/armv7-m/crt0.o (__libc_init_array)
c:/program files (x86)/cypress/psoc creator/4.2/psoc creator/import/gnu/arm/5.4.1/bin/../lib/gcc/arm-none-eabi/5.4.1/../../../../arm-none-eabi/lib/armv7-m\libg_nano.a(lib_a-memcpy-stub.o)
                              .\CortexM3\ARM_GCC_541\Debug\cyfitter_cfg.o (memcpy)
c:/program files (x86)/cypress/psoc creator/4.2/psoc creator/import/gnu/arm/5.4.1/bin/../lib/gcc/arm-none-eabi/5.4.1/../../../../arm-none-eabi/lib/armv7-m\libg_nano.a(lib_a-memset.o)
                              c:/program files (x86)/cypress/psoc creator/4.2/psoc creator/import/gnu/arm/5.4.1/bin/../lib/gcc/arm-none-eabi/5.4.1/../../../../arm-none-eabi/lib/armv7-m/crt0.o (memset)

Allocating common symbols
Common symbol       size              file

SPICAN_swStatusTx   0x1               .\CortexM3\ARM_GCC_541\Debug\BMS_Master.a(SPICAN.o)
SPICAN_swStatusRx   0x1               .\CortexM3\ARM_GCC_541\Debug\BMS_Master.a(SPICAN.o)
dieTemperature      0x2               .\CortexM3\ARM_GCC_541\Debug\BMS_Master.a(CyFlash.o)

Discarded input sections

 .text          0x00000000        0x0 c:/program files (x86)/cypress/psoc creator/4.2/psoc creator/import/gnu/arm/5.4.1/bin/../lib/gcc/arm-none-eabi/5.4.1/armv7-m/crti.o
 .data          0x00000000        0x0 c:/program files (x86)/cypress/psoc creator/4.2/psoc creator/import/gnu/arm/5.4.1/bin/../lib/gcc/arm-none-eabi/5.4.1/armv7-m/crti.o
 .bss           0x00000000        0x0 c:/program files (x86)/cypress/psoc creator/4.2/psoc creator/import/gnu/arm/5.4.1/bin/../lib/gcc/arm-none-eabi/5.4.1/armv7-m/crti.o
 .data          0x00000000        0x4 c:/program files (x86)/cypress/psoc creator/4.2/psoc creator/import/gnu/arm/5.4.1/bin/../lib/gcc/arm-none-eabi/5.4.1/armv7-m/crtbegin.o
 .text          0x00000000       0x74 c:/program files (x86)/cypress/psoc creator/4.2/psoc creator/import/gnu/arm/5.4.1/bin/../lib/gcc/arm-none-eabi/5.4.1/../../../../arm-none-eabi/lib/armv7-m/crt0.o
 .data          0x00000000        0x0 c:/program files (x86)/cypress/psoc creator/4.2/psoc creator/import/gnu/arm/5.4.1/bin/../lib/gcc/arm-none-eabi/5.4.1/../../../../arm-none-eabi/lib/armv7-m/crt0.o
 .bss           0x00000000        0x0 c:/program files (x86)/cypress/psoc creator/4.2/psoc creator/import/gnu/arm/5.4.1/bin/../lib/gcc/arm-none-eabi/5.4.1/../../../../arm-none-eabi/lib/armv7-m/crt0.o
 .ARM.extab     0x00000000        0x0 c:/program files (x86)/cypress/psoc creator/4.2/psoc creator/import/gnu/arm/5.4.1/bin/../lib/gcc/arm-none-eabi/5.4.1/../../../../arm-none-eabi/lib/armv7-m/crt0.o
 .ARM.exidx     0x00000000        0x8 c:/program files (x86)/cypress/psoc creator/4.2/psoc creator/import/gnu/arm/5.4.1/bin/../lib/gcc/arm-none-eabi/5.4.1/../../../../arm-none-eabi/lib/armv7-m/crt0.o
 .text          0x00000000        0x0 .\CortexM3\ARM_GCC_541\Debug\mainState.o
 .data          0x00000000        0x0 .\CortexM3\ARM_GCC_541\Debug\mainState.o
 .bss           0x00000000        0x0 .\CortexM3\ARM_GCC_541\Debug\mainState.o
 .text          0x00000000        0x0 .\CortexM3\ARM_GCC_541\Debug\DriverControls.o
 .data          0x00000000        0x0 .\CortexM3\ARM_GCC_541\Debug\DriverControls.o
 .bss           0x00000000        0x0 .\CortexM3\ARM_GCC_541\Debug\DriverControls.o
 .text.BrakeInputPlausibility
                0x00000000       0x28 .\CortexM3\ARM_GCC_541\Debug\DriverControls.o
 .text.OutputBrakeLight
                0x00000000       0x14 .\CortexM3\ARM_GCC_541\Debug\DriverControls.o
 .text          0x00000000        0x0 .\CortexM3\ARM_GCC_541\Debug\DTC.o
 .data          0x00000000        0x0 .\CortexM3\ARM_GCC_541\Debug\DTC.o
 .bss           0x00000000        0x0 .\CortexM3\ARM_GCC_541\Debug\DTC.o
 .text          0x00000000        0x0 .\CortexM3\ARM_GCC_541\Debug\main.o
 .data          0x00000000        0x0 .\CortexM3\ARM_GCC_541\Debug\main.o
 .bss           0x00000000        0x0 .\CortexM3\ARM_GCC_541\Debug\main.o
 .text.initializeComms
                0x00000000        0xc .\CortexM3\ARM_GCC_541\Debug\main.o
 .text          0x00000000        0x0 .\CortexM3\ARM_GCC_541\Debug\cyfitter_cfg.o
 .data          0x00000000        0x0 .\CortexM3\ARM_GCC_541\Debug\cyfitter_cfg.o
 .bss           0x00000000        0x0 .\CortexM3\ARM_GCC_541\Debug\cyfitter_cfg.o
 .text.SetAnalogRoutingPumps
                0x00000000       0x10 .\CortexM3\ARM_GCC_541\Debug\cyfitter_cfg.o
 .text          0x00000000        0x0 .\CortexM3\ARM_GCC_541\Debug\cymetadata.o
 .data          0x00000000        0x0 .\CortexM3\ARM_GCC_541\Debug\cymetadata.o
 .bss           0x00000000        0x0 .\CortexM3\ARM_GCC_541\Debug\cymetadata.o
 .text          0x00000000        0x0 .\CortexM3\ARM_GCC_541\Debug\Cm3Start.o
 .data          0x00000000        0x4 .\CortexM3\ARM_GCC_541\Debug\Cm3Start.o
 .bss           0x00000000        0x0 .\CortexM3\ARM_GCC_541\Debug\Cm3Start.o
 .text._exit    0x00000000        0xc .\CortexM3\ARM_GCC_541\Debug\Cm3Start.o
 .text._sbrk    0x00000000       0x30 .\CortexM3\ARM_GCC_541\Debug\Cm3Start.o
 .text          0x00000000        0x0 .\CortexM3\ARM_GCC_541\Debug\BMS_Master.a(Vehicle_CAN.o)
 .data          0x00000000        0x0 .\CortexM3\ARM_GCC_541\Debug\BMS_Master.a(Vehicle_CAN.o)
 .bss           0x00000000        0x1 .\CortexM3\ARM_GCC_541\Debug\BMS_Master.a(Vehicle_CAN.o)
 .text.Vehicle_CAN_Stop
                0x00000000       0x5c .\CortexM3\ARM_GCC_541\Debug\BMS_Master.a(Vehicle_CAN.o)
 .text.Vehicle_CAN_GlobalIntEnable
                0x00000000       0x20 .\CortexM3\ARM_GCC_541\Debug\BMS_Master.a(Vehicle_CAN.o)
 .text.Vehicle_CAN_Enable
                0x00000000       0x6c .\CortexM3\ARM_GCC_541\Debug\BMS_Master.a(Vehicle_CAN.o)
 .text.Vehicle_CAN_GlobalIntDisable
                0x00000000       0x20 .\CortexM3\ARM_GCC_541\Debug\BMS_Master.a(Vehicle_CAN.o)
 .text.Vehicle_CAN_SetPreScaler
                0x00000000       0x24 .\CortexM3\ARM_GCC_541\Debug\BMS_Master.a(Vehicle_CAN.o)
 .text.Vehicle_CAN_SetArbiter
                0x00000000       0x3c .\CortexM3\ARM_GCC_541\Debug\BMS_Master.a(Vehicle_CAN.o)
 .text.Vehicle_CAN_SetTsegSample
                0x00000000       0x84 .\CortexM3\ARM_GCC_541\Debug\BMS_Master.a(Vehicle_CAN.o)
 .text.Vehicle_CAN_SetRestartType
                0x00000000       0x3c .\CortexM3\ARM_GCC_541\Debug\BMS_Master.a(Vehicle_CAN.o)
 .text.Vehicle_CAN_SetEdgeMode
                0x00000000       0x3c .\CortexM3\ARM_GCC_541\Debug\BMS_Master.a(Vehicle_CAN.o)
 .text.Vehicle_CAN_SetOpMode
                0x00000000       0x78 .\CortexM3\ARM_GCC_541\Debug\BMS_Master.a(Vehicle_CAN.o)
 .text.Vehicle_CAN_RXRegisterInit
                0x00000000       0x5c .\CortexM3\ARM_GCC_541\Debug\BMS_Master.a(Vehicle_CAN.o)
 .text.Vehicle_CAN_SetIrqMask
                0x00000000       0x18 .\CortexM3\ARM_GCC_541\Debug\BMS_Master.a(Vehicle_CAN.o)
 .text.Vehicle_CAN_GetTXErrorFlag
                0x00000000       0x18 .\CortexM3\ARM_GCC_541\Debug\BMS_Master.a(Vehicle_CAN.o)
 .text.Vehicle_CAN_GetRXErrorFlag
                0x00000000       0x18 .\CortexM3\ARM_GCC_541\Debug\BMS_Master.a(Vehicle_CAN.o)
 .text.Vehicle_CAN_GetTXErrorCount
                0x00000000        0xc .\CortexM3\ARM_GCC_541\Debug\BMS_Master.a(Vehicle_CAN.o)
 .text.Vehicle_CAN_GetRXErrorCount
                0x00000000        0xc .\CortexM3\ARM_GCC_541\Debug\BMS_Master.a(Vehicle_CAN.o)
 .text.Vehicle_CAN_GetErrorState
                0x00000000       0x10 .\CortexM3\ARM_GCC_541\Debug\BMS_Master.a(Vehicle_CAN.o)
 .text.Vehicle_CAN_RxBufConfig
                0x00000000       0x90 .\CortexM3\ARM_GCC_541\Debug\BMS_Master.a(Vehicle_CAN.o)
 .text.Vehicle_CAN_TxBufConfig
                0x00000000       0x54 .\CortexM3\ARM_GCC_541\Debug\BMS_Master.a(Vehicle_CAN.o)
 .text.Vehicle_CAN_RxTxBuffersConfig
                0x00000000       0x50 .\CortexM3\ARM_GCC_541\Debug\BMS_Master.a(Vehicle_CAN.o)
 .text.Vehicle_CAN_Init
                0x00000000       0xe0 .\CortexM3\ARM_GCC_541\Debug\BMS_Master.a(Vehicle_CAN.o)
 .text.Vehicle_CAN_Start
                0x00000000       0x24 .\CortexM3\ARM_GCC_541\Debug\BMS_Master.a(Vehicle_CAN.o)
 .rodata        0x00000000      0x160 .\CortexM3\ARM_GCC_541\Debug\BMS_Master.a(Vehicle_CAN.o)
 .text          0x00000000        0x0 .\CortexM3\ARM_GCC_541\Debug\BMS_Master.a(Vehicle_CAN_INT.o)
 .data          0x00000000        0x0 .\CortexM3\ARM_GCC_541\Debug\BMS_Master.a(Vehicle_CAN_INT.o)
 .bss           0x00000000        0x0 .\CortexM3\ARM_GCC_541\Debug\BMS_Master.a(Vehicle_CAN_INT.o)
 .text.Vehicle_CAN_BusOffIsr
                0x00000000       0x18 .\CortexM3\ARM_GCC_541\Debug\BMS_Master.a(Vehicle_CAN_INT.o)
 .text.Vehicle_CAN_MsgRXIsr
                0x00000000       0x44 .\CortexM3\ARM_GCC_541\Debug\BMS_Master.a(Vehicle_CAN_INT.o)
 .text.Vehicle_CAN_ISR
                0x00000000       0x24 .\CortexM3\ARM_GCC_541\Debug\BMS_Master.a(Vehicle_CAN_INT.o)
 .text          0x00000000        0x0 .\CortexM3\ARM_GCC_541\Debug\BMS_Master.a(Vehicle_CAN_TX_RX_func.o)
 .data          0x00000000        0x0 .\CortexM3\ARM_GCC_541\Debug\BMS_Master.a(Vehicle_CAN_TX_RX_func.o)
 .bss           0x00000000        0x0 .\CortexM3\ARM_GCC_541\Debug\BMS_Master.a(Vehicle_CAN_TX_RX_func.o)
 .text.Vehicle_CAN_SendMsg
                0x00000000       0xd8 .\CortexM3\ARM_GCC_541\Debug\BMS_Master.a(Vehicle_CAN_TX_RX_func.o)
 .text.Vehicle_CAN_TxCancel
                0x00000000       0x1c .\CortexM3\ARM_GCC_541\Debug\BMS_Master.a(Vehicle_CAN_TX_RX_func.o)
 .text.Vehicle_CAN_ReceiveMsg
                0x00000000       0x1c .\CortexM3\ARM_GCC_541\Debug\BMS_Master.a(Vehicle_CAN_TX_RX_func.o)
 .text          0x00000000        0x0 .\CortexM3\ARM_GCC_541\Debug\BMS_Master.a(SPICAN.o)
 .data          0x00000000        0x0 .\CortexM3\ARM_GCC_541\Debug\BMS_Master.a(SPICAN.o)
 .bss           0x00000000        0x1 .\CortexM3\ARM_GCC_541\Debug\BMS_Master.a(SPICAN.o)
 .text.SPICAN_Enable
                0x00000000       0x30 .\CortexM3\ARM_GCC_541\Debug\BMS_Master.a(SPICAN.o)
 .text.SPICAN_Stop
                0x00000000       0x24 .\CortexM3\ARM_GCC_541\Debug\BMS_Master.a(SPICAN.o)
 .text.SPICAN_EnableTxInt
                0x00000000        0x4 .\CortexM3\ARM_GCC_541\Debug\BMS_Master.a(SPICAN.o)
 .text.SPICAN_EnableRxInt
                0x00000000        0x4 .\CortexM3\ARM_GCC_541\Debug\BMS_Master.a(SPICAN.o)
 .text.SPICAN_DisableTxInt
                0x00000000        0x4 .\CortexM3\ARM_GCC_541\Debug\BMS_Master.a(SPICAN.o)
 .text.SPICAN_DisableRxInt
                0x00000000        0x4 .\CortexM3\ARM_GCC_541\Debug\BMS_Master.a(SPICAN.o)
 .text.SPICAN_SetTxInterruptMode
                0x00000000        0xc .\CortexM3\ARM_GCC_541\Debug\BMS_Master.a(SPICAN.o)
 .text.SPICAN_SetRxInterruptMode
                0x00000000        0xc .\CortexM3\ARM_GCC_541\Debug\BMS_Master.a(SPICAN.o)
 .text.SPICAN_ReadTxStatus
                0x00000000        0xc .\CortexM3\ARM_GCC_541\Debug\BMS_Master.a(SPICAN.o)
 .text.SPICAN_ReadRxStatus
                0x00000000        0xc .\CortexM3\ARM_GCC_541\Debug\BMS_Master.a(SPICAN.o)
 .text.SPICAN_WriteTxData
                0x00000000       0x18 .\CortexM3\ARM_GCC_541\Debug\BMS_Master.a(SPICAN.o)
 .text.SPICAN_ReadRxData
                0x00000000        0xc .\CortexM3\ARM_GCC_541\Debug\BMS_Master.a(SPICAN.o)
 .text.SPICAN_GetRxBufferSize
                0x00000000       0x18 .\CortexM3\ARM_GCC_541\Debug\BMS_Master.a(SPICAN.o)
 .text.SPICAN_GetTxBufferSize
                0x00000000       0x24 .\CortexM3\ARM_GCC_541\Debug\BMS_Master.a(SPICAN.o)
 .text.SPICAN_ClearRxBuffer
                0x00000000       0x1c .\CortexM3\ARM_GCC_541\Debug\BMS_Master.a(SPICAN.o)
 .text.SPICAN_ClearTxBuffer
                0x00000000       0x24 .\CortexM3\ARM_GCC_541\Debug\BMS_Master.a(SPICAN.o)
 .text.SPICAN_PutArray
                0x00000000       0x20 .\CortexM3\ARM_GCC_541\Debug\BMS_Master.a(SPICAN.o)
 .text.SPICAN_ClearFIFO
                0x00000000       0x3c .\CortexM3\ARM_GCC_541\Debug\BMS_Master.a(SPICAN.o)
 .text.SPICAN_Init
                0x00000000       0x28 .\CortexM3\ARM_GCC_541\Debug\BMS_Master.a(SPICAN.o)
 .text.SPICAN_Start
                0x00000000       0x1c .\CortexM3\ARM_GCC_541\Debug\BMS_Master.a(SPICAN.o)
 .text.SPICAN_EnableInt
                0x00000000        0x4 .\CortexM3\ARM_GCC_541\Debug\BMS_Master.a(SPICAN.o)
 .text.SPICAN_DisableInt
                0x00000000        0x4 .\CortexM3\ARM_GCC_541\Debug\BMS_Master.a(SPICAN.o)
 .text.SPICAN_SetInterruptMode
                0x00000000       0x14 .\CortexM3\ARM_GCC_541\Debug\BMS_Master.a(SPICAN.o)
 .text.SPICAN_ReadStatus
                0x00000000       0x18 .\CortexM3\ARM_GCC_541\Debug\BMS_Master.a(SPICAN.o)
 COMMON         0x00000000        0x2 .\CortexM3\ARM_GCC_541\Debug\BMS_Master.a(SPICAN.o)
 .text          0x00000000        0x0 .\CortexM3\ARM_GCC_541\Debug\BMS_Master.a(CyLib.o)
 .data          0x00000000       0x10 .\CortexM3\ARM_GCC_541\Debug\BMS_Master.a(CyLib.o)
 .bss           0x00000000       0x1c .\CortexM3\ARM_GCC_541\Debug\BMS_Master.a(CyLib.o)
 .text.CyUSB_PowerOnCheck
                0x00000000       0x48 .\CortexM3\ARM_GCC_541\Debug\BMS_Master.a(CyLib.o)
 .text.CyBusClk_Internal_SetDivider
                0x00000000       0x48 .\CortexM3\ARM_GCC_541\Debug\BMS_Master.a(CyLib.o)
 .text.CyPLL_OUT_Stop
                0x00000000       0x10 .\CortexM3\ARM_GCC_541\Debug\BMS_Master.a(CyLib.o)
 .text.CyIMO_Stop
                0x00000000       0x1c .\CortexM3\ARM_GCC_541\Debug\BMS_Master.a(CyLib.o)
 .text.CyIMO_EnableDoubler
                0x00000000       0x10 .\CortexM3\ARM_GCC_541\Debug\BMS_Master.a(CyLib.o)
 .text.CyIMO_DisableDoubler
                0x00000000       0x10 .\CortexM3\ARM_GCC_541\Debug\BMS_Master.a(CyLib.o)
 .text.CyMasterClk_SetSource
                0x00000000       0x18 .\CortexM3\ARM_GCC_541\Debug\BMS_Master.a(CyLib.o)
 .text.CyMasterClk_SetDivider
                0x00000000        0xc .\CortexM3\ARM_GCC_541\Debug\BMS_Master.a(CyLib.o)
 .text.CyBusClk_SetDivider
                0x00000000       0x70 .\CortexM3\ARM_GCC_541\Debug\BMS_Master.a(CyLib.o)
 .text.CyUsbClk_SetSource
                0x00000000       0x18 .\CortexM3\ARM_GCC_541\Debug\BMS_Master.a(CyLib.o)
 .text.CyILO_Start1K
                0x00000000       0x10 .\CortexM3\ARM_GCC_541\Debug\BMS_Master.a(CyLib.o)
 .text.CyILO_Stop1K
                0x00000000       0x10 .\CortexM3\ARM_GCC_541\Debug\BMS_Master.a(CyLib.o)
 .text.CyILO_Start100K
                0x00000000       0x10 .\CortexM3\ARM_GCC_541\Debug\BMS_Master.a(CyLib.o)
 .text.CyILO_Stop100K
                0x00000000       0x10 .\CortexM3\ARM_GCC_541\Debug\BMS_Master.a(CyLib.o)
 .text.CyPLL_OUT_Start
                0x00000000       0x78 .\CortexM3\ARM_GCC_541\Debug\BMS_Master.a(CyLib.o)
 .text.CyIMO_Start
                0x00000000       0x60 .\CortexM3\ARM_GCC_541\Debug\BMS_Master.a(CyLib.o)
 .text.CyILO_Enable33K
                0x00000000       0x10 .\CortexM3\ARM_GCC_541\Debug\BMS_Master.a(CyLib.o)
 .text.CyILO_Disable33K
                0x00000000       0x10 .\CortexM3\ARM_GCC_541\Debug\BMS_Master.a(CyLib.o)
 .text.CyILO_SetSource
                0x00000000       0x18 .\CortexM3\ARM_GCC_541\Debug\BMS_Master.a(CyLib.o)
 .text.CyILO_SetPowerMode
                0x00000000       0x24 .\CortexM3\ARM_GCC_541\Debug\BMS_Master.a(CyLib.o)
 .text.CyXTAL_32KHZ_Stop
                0x00000000       0x30 .\CortexM3\ARM_GCC_541\Debug\BMS_Master.a(CyLib.o)
 .text.CyXTAL_32KHZ_ReadStatus
                0x00000000       0x10 .\CortexM3\ARM_GCC_541\Debug\BMS_Master.a(CyLib.o)
 .text.CyXTAL_Start
                0x00000000       0xac .\CortexM3\ARM_GCC_541\Debug\BMS_Master.a(CyLib.o)
 .text.CyXTAL_Stop
                0x00000000       0x10 .\CortexM3\ARM_GCC_541\Debug\BMS_Master.a(CyLib.o)
 .text.CyXTAL_EnableErrStatus
                0x00000000       0x10 .\CortexM3\ARM_GCC_541\Debug\BMS_Master.a(CyLib.o)
 .text.CyXTAL_DisableErrStatus
                0x00000000       0x10 .\CortexM3\ARM_GCC_541\Debug\BMS_Master.a(CyLib.o)
 .text.CyXTAL_ReadStatus
                0x00000000       0x18 .\CortexM3\ARM_GCC_541\Debug\BMS_Master.a(CyLib.o)
 .text.CyXTAL_EnableFaultRecovery
                0x00000000       0x10 .\CortexM3\ARM_GCC_541\Debug\BMS_Master.a(CyLib.o)
 .text.CyXTAL_DisableFaultRecovery
                0x00000000       0x10 .\CortexM3\ARM_GCC_541\Debug\BMS_Master.a(CyLib.o)
 .text.CyXTAL_SetStartup
                0x00000000       0x18 .\CortexM3\ARM_GCC_541\Debug\BMS_Master.a(CyLib.o)
 .text.CyXTAL_SetFbVoltage
                0x00000000       0x18 .\CortexM3\ARM_GCC_541\Debug\BMS_Master.a(CyLib.o)
 .text.CyXTAL_SetWdVoltage
                0x00000000       0x18 .\CortexM3\ARM_GCC_541\Debug\BMS_Master.a(CyLib.o)
 .text.CyHalt   0x00000000        0x4 .\CortexM3\ARM_GCC_541\Debug\BMS_Master.a(CyLib.o)
 .text.CyPLL_OUT_SetPQ
                0x00000000       0x60 .\CortexM3\ARM_GCC_541\Debug\BMS_Master.a(CyLib.o)
 .text.CyPLL_OUT_SetSource
                0x00000000       0x34 .\CortexM3\ARM_GCC_541\Debug\BMS_Master.a(CyLib.o)
 .text.CyIMO_SetTrimValue
                0x00000000       0xcc .\CortexM3\ARM_GCC_541\Debug\BMS_Master.a(CyLib.o)
 .text.CyIMO_SetFreq
                0x00000000       0xf4 .\CortexM3\ARM_GCC_541\Debug\BMS_Master.a(CyLib.o)
 .text.CyIMO_SetSource
                0x00000000       0x58 .\CortexM3\ARM_GCC_541\Debug\BMS_Master.a(CyLib.o)
 .text.CySoftwareReset
                0x00000000       0x10 .\CortexM3\ARM_GCC_541\Debug\BMS_Master.a(CyLib.o)
 .text.CyDelay  0x00000000       0x2c .\CortexM3\ARM_GCC_541\Debug\BMS_Master.a(CyLib.o)
 .text.CyDelayUs
                0x00000000       0x14 .\CortexM3\ARM_GCC_541\Debug\BMS_Master.a(CyLib.o)
 .text.CyXTAL_32KHZ_SetPowerMode
                0x00000000       0x84 .\CortexM3\ARM_GCC_541\Debug\BMS_Master.a(CyLib.o)
 .text.CyXTAL_32KHZ_Start
                0x00000000       0x74 .\CortexM3\ARM_GCC_541\Debug\BMS_Master.a(CyLib.o)
 .text.CyDelayFreq
                0x00000000       0x4c .\CortexM3\ARM_GCC_541\Debug\BMS_Master.a(CyLib.o)
 .text.CyWdtStart
                0x00000000       0x40 .\CortexM3\ARM_GCC_541\Debug\BMS_Master.a(CyLib.o)
 .text.CyWdtClear
                0x00000000        0xc .\CortexM3\ARM_GCC_541\Debug\BMS_Master.a(CyLib.o)
 .text.CyVdStickyStatus
                0x00000000       0x2c .\CortexM3\ARM_GCC_541\Debug\BMS_Master.a(CyLib.o)
 .text.CyVdLvDigitEnable
                0x00000000       0x84 .\CortexM3\ARM_GCC_541\Debug\BMS_Master.a(CyLib.o)
 .text.CyVdLvAnalogEnable
                0x00000000       0x80 .\CortexM3\ARM_GCC_541\Debug\BMS_Master.a(CyLib.o)
 .text.CyVdLvDigitDisable
                0x00000000       0x30 .\CortexM3\ARM_GCC_541\Debug\BMS_Master.a(CyLib.o)
 .text.CyVdLvAnalogDisable
                0x00000000       0x28 .\CortexM3\ARM_GCC_541\Debug\BMS_Master.a(CyLib.o)
 .text.CyVdHvAnalogEnable
                0x00000000       0x54 .\CortexM3\ARM_GCC_541\Debug\BMS_Master.a(CyLib.o)
 .text.CyVdHvAnalogDisable
                0x00000000       0x20 .\CortexM3\ARM_GCC_541\Debug\BMS_Master.a(CyLib.o)
 .text.CyVdRealTimeStatus
                0x00000000       0x1c .\CortexM3\ARM_GCC_541\Debug\BMS_Master.a(CyLib.o)
 .text.CyDisableInts
                0x00000000       0x1c .\CortexM3\ARM_GCC_541\Debug\BMS_Master.a(CyLib.o)
 .text.CyEnableInts
                0x00000000       0x18 .\CortexM3\ARM_GCC_541\Debug\BMS_Master.a(CyLib.o)
 .text.CyFlushCache
                0x00000000       0x44 .\CortexM3\ARM_GCC_541\Debug\BMS_Master.a(CyLib.o)
 .text.CyIntSetSysVector
                0x00000000       0x28 .\CortexM3\ARM_GCC_541\Debug\BMS_Master.a(CyLib.o)
 .text.CyIntGetSysVector
                0x00000000       0x20 .\CortexM3\ARM_GCC_541\Debug\BMS_Master.a(CyLib.o)
 .text.CyIntSetVector
                0x00000000       0x28 .\CortexM3\ARM_GCC_541\Debug\BMS_Master.a(CyLib.o)
 .text.CyIntGetVector
                0x00000000       0x24 .\CortexM3\ARM_GCC_541\Debug\BMS_Master.a(CyLib.o)
 .text.CyIntSetPriority
                0x00000000       0x30 .\CortexM3\ARM_GCC_541\Debug\BMS_Master.a(CyLib.o)
 .text.CyIntGetPriority
                0x00000000       0x20 .\CortexM3\ARM_GCC_541\Debug\BMS_Master.a(CyLib.o)
 .text.CyIntGetState
                0x00000000       0x24 .\CortexM3\ARM_GCC_541\Debug\BMS_Master.a(CyLib.o)
 .text.CySysTickStop
                0x00000000       0x10 .\CortexM3\ARM_GCC_541\Debug\BMS_Master.a(CyLib.o)
 .text.CySysTickEnableInterrupt
                0x00000000       0x10 .\CortexM3\ARM_GCC_541\Debug\BMS_Master.a(CyLib.o)
 .text.CySysTickEnable
                0x00000000       0x18 .\CortexM3\ARM_GCC_541\Debug\BMS_Master.a(CyLib.o)
 .text.CySysTickDisableInterrupt
                0x00000000       0x10 .\CortexM3\ARM_GCC_541\Debug\BMS_Master.a(CyLib.o)
 .text.CySysTickSetReload
                0x00000000       0x10 .\CortexM3\ARM_GCC_541\Debug\BMS_Master.a(CyLib.o)
 .text.CySysTickGetReload
                0x00000000       0x10 .\CortexM3\ARM_GCC_541\Debug\BMS_Master.a(CyLib.o)
 .text.CySysTickGetValue
                0x00000000       0x10 .\CortexM3\ARM_GCC_541\Debug\BMS_Master.a(CyLib.o)
 .text.CySysTickSetClockSource
                0x00000000       0x20 .\CortexM3\ARM_GCC_541\Debug\BMS_Master.a(CyLib.o)
 .text.CySysTickGetClockSource
                0x00000000       0x10 .\CortexM3\ARM_GCC_541\Debug\BMS_Master.a(CyLib.o)
 .text.CySysTickGetCountFlag
                0x00000000       0x10 .\CortexM3\ARM_GCC_541\Debug\BMS_Master.a(CyLib.o)
 .text.CySysTickServiceCallbacks
                0x00000000       0x28 .\CortexM3\ARM_GCC_541\Debug\BMS_Master.a(CyLib.o)
 .text.CySysTickClear
                0x00000000        0xc .\CortexM3\ARM_GCC_541\Debug\BMS_Master.a(CyLib.o)
 .text.CySysTickInit
                0x00000000       0x58 .\CortexM3\ARM_GCC_541\Debug\BMS_Master.a(CyLib.o)
 .text.CySysTickStart
                0x00000000       0x1c .\CortexM3\ARM_GCC_541\Debug\BMS_Master.a(CyLib.o)
 .text.CySysTickSetCallback
                0x00000000       0x10 .\CortexM3\ARM_GCC_541\Debug\BMS_Master.a(CyLib.o)
 .text.CySysTickGetCallback
                0x00000000       0x10 .\CortexM3\ARM_GCC_541\Debug\BMS_Master.a(CyLib.o)
 .text.CyGetUniqueId
                0x00000000       0x70 .\CortexM3\ARM_GCC_541\Debug\BMS_Master.a(CyLib.o)
 .text          0x00000000        0x0 .\CortexM3\ARM_GCC_541\Debug\BMS_Master.a(cyPm.o)
 .data          0x00000000        0x0 .\CortexM3\ARM_GCC_541\Debug\BMS_Master.a(cyPm.o)
 .bss           0x00000000       0x43 .\CortexM3\ARM_GCC_541\Debug\BMS_Master.a(cyPm.o)
 .text.CyPmHibSlpSaveSet
                0x00000000      0x1dc .\CortexM3\ARM_GCC_541\Debug\BMS_Master.a(cyPm.o)
 .text.CyPmHibSlpRestore
                0x00000000       0xd8 .\CortexM3\ARM_GCC_541\Debug\BMS_Master.a(cyPm.o)
 .text.CyPmHviLviSaveDisable
                0x00000000       0xa0 .\CortexM3\ARM_GCC_541\Debug\BMS_Master.a(cyPm.o)
 .text.CyPmHibSaveSet
                0x00000000       0x98 .\CortexM3\ARM_GCC_541\Debug\BMS_Master.a(cyPm.o)
 .text.CyPmHviLviRestore
                0x00000000       0x48 .\CortexM3\ARM_GCC_541\Debug\BMS_Master.a(cyPm.o)
 .text.CyPmHibRestore
                0x00000000       0x60 .\CortexM3\ARM_GCC_541\Debug\BMS_Master.a(cyPm.o)
 .text.CyPmSaveClocks
                0x00000000      0x218 .\CortexM3\ARM_GCC_541\Debug\BMS_Master.a(cyPm.o)
 .text.CyPmRestoreClocks
                0x00000000      0x24c .\CortexM3\ARM_GCC_541\Debug\BMS_Master.a(cyPm.o)
 .text.CyPmAltAct
                0x00000000       0x6c .\CortexM3\ARM_GCC_541\Debug\BMS_Master.a(cyPm.o)
 .text.CyPmSleep
                0x00000000       0xf4 .\CortexM3\ARM_GCC_541\Debug\BMS_Master.a(cyPm.o)
 .text.CyPmHibernateEx
                0x00000000       0xf4 .\CortexM3\ARM_GCC_541\Debug\BMS_Master.a(cyPm.o)
 .text.CyPmHibernate
                0x00000000        0xc .\CortexM3\ARM_GCC_541\Debug\BMS_Master.a(cyPm.o)
 .text.CyPmReadStatus
                0x00000000       0x30 .\CortexM3\ARM_GCC_541\Debug\BMS_Master.a(cyPm.o)
 .text.CyPmCtwSetInterval
                0x00000000       0x5c .\CortexM3\ARM_GCC_541\Debug\BMS_Master.a(cyPm.o)
 .text.CyPmOppsSet
                0x00000000       0x2c .\CortexM3\ARM_GCC_541\Debug\BMS_Master.a(cyPm.o)
 .text.CyPmFtwSetInterval
                0x00000000       0x5c .\CortexM3\ARM_GCC_541\Debug\BMS_Master.a(cyPm.o)
 .rodata        0x00000000        0xf .\CortexM3\ARM_GCC_541\Debug\BMS_Master.a(cyPm.o)
 .data          0x00000000        0x0 .\CortexM3\ARM_GCC_541\Debug\BMS_Master.a(CyBootAsmGnu.o)
 .bss           0x00000000        0x0 .\CortexM3\ARM_GCC_541\Debug\BMS_Master.a(CyBootAsmGnu.o)
 .text          0x00000000        0x0 .\CortexM3\ARM_GCC_541\Debug\BMS_Master.a(CyFlash.o)
 .data          0x00000000        0x0 .\CortexM3\ARM_GCC_541\Debug\BMS_Master.a(CyFlash.o)
 .bss           0x00000000        0x0 .\CortexM3\ARM_GCC_541\Debug\BMS_Master.a(CyFlash.o)
 .text.CySetTempInt
                0x00000000       0x60 .\CortexM3\ARM_GCC_541\Debug\BMS_Master.a(CyFlash.o)
 .text.CyFlash_Start
                0x00000000       0x54 .\CortexM3\ARM_GCC_541\Debug\BMS_Master.a(CyFlash.o)
 .text.CyFlash_Stop
                0x00000000       0x24 .\CortexM3\ARM_GCC_541\Debug\BMS_Master.a(CyFlash.o)
 .text.CyFlash_EraseRow
                0x00000000       0x78 .\CortexM3\ARM_GCC_541\Debug\BMS_Master.a(CyFlash.o)
 .text.CyFlashGetSpcAlgorithm
                0x00000000       0x4c .\CortexM3\ARM_GCC_541\Debug\BMS_Master.a(CyFlash.o)
 .text.CySetTemp
                0x00000000       0x14 .\CortexM3\ARM_GCC_541\Debug\BMS_Master.a(CyFlash.o)
 .text.CySetFlashEEBuffer
                0x00000000       0x20 .\CortexM3\ARM_GCC_541\Debug\BMS_Master.a(CyFlash.o)
 .text.CyWriteRowFull
                0x00000000       0xf8 .\CortexM3\ARM_GCC_541\Debug\BMS_Master.a(CyFlash.o)
 .text.CyWriteRowData
                0x00000000       0x14 .\CortexM3\ARM_GCC_541\Debug\BMS_Master.a(CyFlash.o)
 .text.CyFlash_SetWaitCycles
                0x00000000       0x7c .\CortexM3\ARM_GCC_541\Debug\BMS_Master.a(CyFlash.o)
 .text.CyEEPROM_Start
                0x00000000       0x54 .\CortexM3\ARM_GCC_541\Debug\BMS_Master.a(CyFlash.o)
 .text.CyEEPROM_Stop
                0x00000000       0x24 .\CortexM3\ARM_GCC_541\Debug\BMS_Master.a(CyFlash.o)
 .text.CyEEPROM_ReadReserve
                0x00000000       0x1c .\CortexM3\ARM_GCC_541\Debug\BMS_Master.a(CyFlash.o)
 .text.CyEEPROM_ReadRelease
                0x00000000       0x10 .\CortexM3\ARM_GCC_541\Debug\BMS_Master.a(CyFlash.o)
 COMMON         0x00000000        0x2 .\CortexM3\ARM_GCC_541\Debug\BMS_Master.a(CyFlash.o)
 .text          0x00000000        0x0 .\CortexM3\ARM_GCC_541\Debug\BMS_Master.a(CySpc.o)
 .data          0x00000000        0x0 .\CortexM3\ARM_GCC_541\Debug\BMS_Master.a(CySpc.o)
 .bss           0x00000000        0x8 .\CortexM3\ARM_GCC_541\Debug\BMS_Master.a(CySpc.o)
 .text.CySpcStart
                0x00000000       0x24 .\CortexM3\ARM_GCC_541\Debug\BMS_Master.a(CySpc.o)
 .text.CySpcStop
                0x00000000       0x24 .\CortexM3\ARM_GCC_541\Debug\BMS_Master.a(CySpc.o)
 .text.CySpcReadData
                0x00000000       0x34 .\CortexM3\ARM_GCC_541\Debug\BMS_Master.a(CySpc.o)
 .text.CySpcLoadMultiByte
                0x00000000       0x78 .\CortexM3\ARM_GCC_541\Debug\BMS_Master.a(CySpc.o)
 .text.CySpcLoadRow
                0x00000000       0x50 .\CortexM3\ARM_GCC_541\Debug\BMS_Master.a(CySpc.o)
 .text.CySpcLoadRowFull
                0x00000000       0x80 .\CortexM3\ARM_GCC_541\Debug\BMS_Master.a(CySpc.o)
 .text.CySpcWriteRow
                0x00000000       0x4c .\CortexM3\ARM_GCC_541\Debug\BMS_Master.a(CySpc.o)
 .text.CySpcEraseSector
                0x00000000       0x3c .\CortexM3\ARM_GCC_541\Debug\BMS_Master.a(CySpc.o)
 .text.CySpcEraseRow
                0x00000000       0x4c .\CortexM3\ARM_GCC_541\Debug\BMS_Master.a(CySpc.o)
 .text.CySpcGetTemp
                0x00000000       0x3c .\CortexM3\ARM_GCC_541\Debug\BMS_Master.a(CySpc.o)
 .text.CySpcLock
                0x00000000       0x4c .\CortexM3\ARM_GCC_541\Debug\BMS_Master.a(CySpc.o)
 .text.CySpcUnlock
                0x00000000       0x38 .\CortexM3\ARM_GCC_541\Debug\BMS_Master.a(CySpc.o)
 .text.CySpcGetAlgorithm
                0x00000000       0x28 .\CortexM3\ARM_GCC_541\Debug\BMS_Master.a(CySpc.o)
 .text          0x00000000        0x0 c:/program files (x86)/cypress/psoc creator/4.2/psoc creator/import/gnu/arm/5.4.1/bin/../lib/gcc/arm-none-eabi/5.4.1/../../../../arm-none-eabi/lib/armv7-m\libg_nano.a(lib_a-errno.o)
 .data          0x00000000        0x0 c:/program files (x86)/cypress/psoc creator/4.2/psoc creator/import/gnu/arm/5.4.1/bin/../lib/gcc/arm-none-eabi/5.4.1/../../../../arm-none-eabi/lib/armv7-m\libg_nano.a(lib_a-errno.o)
 .bss           0x00000000        0x0 c:/program files (x86)/cypress/psoc creator/4.2/psoc creator/import/gnu/arm/5.4.1/bin/../lib/gcc/arm-none-eabi/5.4.1/../../../../arm-none-eabi/lib/armv7-m\libg_nano.a(lib_a-errno.o)
 .text          0x00000000        0x0 c:/program files (x86)/cypress/psoc creator/4.2/psoc creator/import/gnu/arm/5.4.1/bin/../lib/gcc/arm-none-eabi/5.4.1/../../../../arm-none-eabi/lib/armv7-m\libg_nano.a(lib_a-exit.o)
 .data          0x00000000        0x0 c:/program files (x86)/cypress/psoc creator/4.2/psoc creator/import/gnu/arm/5.4.1/bin/../lib/gcc/arm-none-eabi/5.4.1/../../../../arm-none-eabi/lib/armv7-m\libg_nano.a(lib_a-exit.o)
 .bss           0x00000000        0x0 c:/program files (x86)/cypress/psoc creator/4.2/psoc creator/import/gnu/arm/5.4.1/bin/../lib/gcc/arm-none-eabi/5.4.1/../../../../arm-none-eabi/lib/armv7-m\libg_nano.a(lib_a-exit.o)
 .text.exit     0x00000000       0x28 c:/program files (x86)/cypress/psoc creator/4.2/psoc creator/import/gnu/arm/5.4.1/bin/../lib/gcc/arm-none-eabi/5.4.1/../../../../arm-none-eabi/lib/armv7-m\libg_nano.a(lib_a-exit.o)
 .text          0x00000000        0x0 c:/program files (x86)/cypress/psoc creator/4.2/psoc creator/import/gnu/arm/5.4.1/bin/../lib/gcc/arm-none-eabi/5.4.1/../../../../arm-none-eabi/lib/armv7-m\libg_nano.a(lib_a-impure.o)
 .data          0x00000000        0x0 c:/program files (x86)/cypress/psoc creator/4.2/psoc creator/import/gnu/arm/5.4.1/bin/../lib/gcc/arm-none-eabi/5.4.1/../../../../arm-none-eabi/lib/armv7-m\libg_nano.a(lib_a-impure.o)
 .bss           0x00000000        0x0 c:/program files (x86)/cypress/psoc creator/4.2/psoc creator/import/gnu/arm/5.4.1/bin/../lib/gcc/arm-none-eabi/5.4.1/../../../../arm-none-eabi/lib/armv7-m\libg_nano.a(lib_a-impure.o)
 .rodata._global_impure_ptr
                0x00000000        0x4 c:/program files (x86)/cypress/psoc creator/4.2/psoc creator/import/gnu/arm/5.4.1/bin/../lib/gcc/arm-none-eabi/5.4.1/../../../../arm-none-eabi/lib/armv7-m\libg_nano.a(lib_a-impure.o)
 .text          0x00000000        0x0 c:/program files (x86)/cypress/psoc creator/4.2/psoc creator/import/gnu/arm/5.4.1/bin/../lib/gcc/arm-none-eabi/5.4.1/../../../../arm-none-eabi/lib/armv7-m\libg_nano.a(lib_a-init.o)
 .data          0x00000000        0x0 c:/program files (x86)/cypress/psoc creator/4.2/psoc creator/import/gnu/arm/5.4.1/bin/../lib/gcc/arm-none-eabi/5.4.1/../../../../arm-none-eabi/lib/armv7-m\libg_nano.a(lib_a-init.o)
 .bss           0x00000000        0x0 c:/program files (x86)/cypress/psoc creator/4.2/psoc creator/import/gnu/arm/5.4.1/bin/../lib/gcc/arm-none-eabi/5.4.1/../../../../arm-none-eabi/lib/armv7-m\libg_nano.a(lib_a-init.o)
 .text          0x00000000        0x0 c:/program files (x86)/cypress/psoc creator/4.2/psoc creator/import/gnu/arm/5.4.1/bin/../lib/gcc/arm-none-eabi/5.4.1/../../../../arm-none-eabi/lib/armv7-m\libg_nano.a(lib_a-memcpy-stub.o)
 .data          0x00000000        0x0 c:/program files (x86)/cypress/psoc creator/4.2/psoc creator/import/gnu/arm/5.4.1/bin/../lib/gcc/arm-none-eabi/5.4.1/../../../../arm-none-eabi/lib/armv7-m\libg_nano.a(lib_a-memcpy-stub.o)
 .bss           0x00000000        0x0 c:/program files (x86)/cypress/psoc creator/4.2/psoc creator/import/gnu/arm/5.4.1/bin/../lib/gcc/arm-none-eabi/5.4.1/../../../../arm-none-eabi/lib/armv7-m\libg_nano.a(lib_a-memcpy-stub.o)
 .text          0x00000000        0x0 c:/program files (x86)/cypress/psoc creator/4.2/psoc creator/import/gnu/arm/5.4.1/bin/../lib/gcc/arm-none-eabi/5.4.1/../../../../arm-none-eabi/lib/armv7-m\libg_nano.a(lib_a-memset.o)
 .data          0x00000000        0x0 c:/program files (x86)/cypress/psoc creator/4.2/psoc creator/import/gnu/arm/5.4.1/bin/../lib/gcc/arm-none-eabi/5.4.1/../../../../arm-none-eabi/lib/armv7-m\libg_nano.a(lib_a-memset.o)
 .bss           0x00000000        0x0 c:/program files (x86)/cypress/psoc creator/4.2/psoc creator/import/gnu/arm/5.4.1/bin/../lib/gcc/arm-none-eabi/5.4.1/../../../../arm-none-eabi/lib/armv7-m\libg_nano.a(lib_a-memset.o)
 .text          0x00000000        0x0 c:/program files (x86)/cypress/psoc creator/4.2/psoc creator/import/gnu/arm/5.4.1/bin/../lib/gcc/arm-none-eabi/5.4.1/armv7-m/crtend.o
 .data          0x00000000        0x0 c:/program files (x86)/cypress/psoc creator/4.2/psoc creator/import/gnu/arm/5.4.1/bin/../lib/gcc/arm-none-eabi/5.4.1/armv7-m/crtend.o
 .bss           0x00000000        0x0 c:/program files (x86)/cypress/psoc creator/4.2/psoc creator/import/gnu/arm/5.4.1/bin/../lib/gcc/arm-none-eabi/5.4.1/armv7-m/crtend.o
 .text          0x00000000        0x0 c:/program files (x86)/cypress/psoc creator/4.2/psoc creator/import/gnu/arm/5.4.1/bin/../lib/gcc/arm-none-eabi/5.4.1/armv7-m/crtn.o
 .data          0x00000000        0x0 c:/program files (x86)/cypress/psoc creator/4.2/psoc creator/import/gnu/arm/5.4.1/bin/../lib/gcc/arm-none-eabi/5.4.1/armv7-m/crtn.o
 .bss           0x00000000        0x0 c:/program files (x86)/cypress/psoc creator/4.2/psoc creator/import/gnu/arm/5.4.1/bin/../lib/gcc/arm-none-eabi/5.4.1/armv7-m/crtn.o

Memory Configuration

Name             Origin             Length             Attributes
rom              0x00000000         0x00040000         xr
ram              0x1fff8000         0x00010000         xrw
*default*        0x00000000         0xffffffff

Linker script and memory map

LOAD c:/program files (x86)/cypress/psoc creator/4.2/psoc creator/import/gnu/arm/5.4.1/bin/../lib/gcc/arm-none-eabi/5.4.1/armv7-m/crti.o
LOAD c:/program files (x86)/cypress/psoc creator/4.2/psoc creator/import/gnu/arm/5.4.1/bin/../lib/gcc/arm-none-eabi/5.4.1/armv7-m/crtbegin.o
LOAD c:/program files (x86)/cypress/psoc creator/4.2/psoc creator/import/gnu/arm/5.4.1/bin/../lib/gcc/arm-none-eabi/5.4.1/../../../../arm-none-eabi/lib/armv7-m/crt0.o
START GROUP
LOAD .\CortexM3\ARM_GCC_541\Debug\mainState.o
LOAD .\CortexM3\ARM_GCC_541\Debug\DriverControls.o
LOAD .\CortexM3\ARM_GCC_541\Debug\DTC.o
LOAD .\CortexM3\ARM_GCC_541\Debug\main.o
LOAD .\CortexM3\ARM_GCC_541\Debug\cyfitter_cfg.o
LOAD .\CortexM3\ARM_GCC_541\Debug\cymetadata.o
LOAD .\CortexM3\ARM_GCC_541\Debug\Cm3Start.o
LOAD .\CortexM3\ARM_GCC_541\Debug\BMS_Master.a
LOAD C:\Program Files (x86)\Cypress\PSoC Creator\4.2\PSoC Creator\psoc\content\cycomponentlibrary\CyComponentLibrary.cylib\CortexM3\ARM_GCC_541\Debug\CyComponentLibrary.a
END GROUP
START GROUP
LOAD c:/program files (x86)/cypress/psoc creator/4.2/psoc creator/import/gnu/arm/5.4.1/bin/../lib/gcc/arm-none-eabi/5.4.1/armv7-m\libgcc.a
LOAD c:/program files (x86)/cypress/psoc creator/4.2/psoc creator/import/gnu/arm/5.4.1/bin/../lib/gcc/arm-none-eabi/5.4.1/../../../../arm-none-eabi/lib/armv7-m\libg_nano.a
LOAD c:/program files (x86)/cypress/psoc creator/4.2/psoc creator/import/gnu/arm/5.4.1/bin/../lib/gcc/arm-none-eabi/5.4.1/../../../../arm-none-eabi/lib/armv7-m\libc_nano.a
END GROUP
START GROUP
LOAD c:/program files (x86)/cypress/psoc creator/4.2/psoc creator/import/gnu/arm/5.4.1/bin/../lib/gcc/arm-none-eabi/5.4.1/armv7-m\libgcc.a
LOAD c:/program files (x86)/cypress/psoc creator/4.2/psoc creator/import/gnu/arm/5.4.1/bin/../lib/gcc/arm-none-eabi/5.4.1/../../../../arm-none-eabi/lib/armv7-m\libc_nano.a
END GROUP
LOAD c:/program files (x86)/cypress/psoc creator/4.2/psoc creator/import/gnu/arm/5.4.1/bin/../lib/gcc/arm-none-eabi/5.4.1/armv7-m/crtend.o
LOAD c:/program files (x86)/cypress/psoc creator/4.2/psoc creator/import/gnu/arm/5.4.1/bin/../lib/gcc/arm-none-eabi/5.4.1/armv7-m/crtn.o
START GROUP
LOAD c:/program files (x86)/cypress/psoc creator/4.2/psoc creator/import/gnu/arm/5.4.1/bin/../lib/gcc/arm-none-eabi/5.4.1/armv7-m\libgcc.a
LOAD c:/program files (x86)/cypress/psoc creator/4.2/psoc creator/import/gnu/arm/5.4.1/bin/../lib/gcc/arm-none-eabi/5.4.1/../../../../arm-none-eabi/lib/armv7-m\libc.a
LOAD c:/program files (x86)/cypress/psoc creator/4.2/psoc creator/import/gnu/arm/5.4.1/bin/../lib/gcc/arm-none-eabi/5.4.1/../../../../arm-none-eabi/lib/armv7-m\libnosys.a
END GROUP
                0x00000000                CY_APPL_ORIGIN = 0x0
                0x00000100                CY_FLASH_ROW_SIZE = 0x100
                0x00000020                CY_ECC_ROW_SIZE = 0x20
                0x00000000                CY_EE_IN_BTLDR = 0x0
                0x00000000                CY_APPL_LOADABLE = 0x0
                0x00000800                CY_EE_SIZE = 0x800
                0x00000001                CY_APPL_NUM = 0x1
                0x00000001                CY_APPL_MAX = 0x1
                0x00000040                CY_METADATA_SIZE = 0x40
                0x00000000                CY_APPL_LOADABLE = 0x0
                0x00000000                CY_CHECKSUM_EXCLUDE_SIZE = ALIGN (0x0, CY_FLASH_ROW_SIZE)
                [!provide]                PROVIDE (__cy_heap_start, _end)
                0x00000001                PROVIDE (__cy_region_num, ((__cy_regions_end - __cy_regions) / 0x10))
                0x20008000                PROVIDE (__cy_stack, (ORIGIN (ram) + LENGTH (ram)))
                [!provide]                PROVIDE (__cy_heap_end, (__cy_stack - 0x800))

.cybootloader   0x00000000        0x0
 *(.cybootloader)
                0x00000000                appl1_start = CY_APPL_ORIGIN?CY_APPL_ORIGIN:ALIGN (CY_FLASH_ROW_SIZE)
                0x0001ff00                appl2_start = (appl1_start + ALIGN ((((LENGTH (rom) - appl1_start) - (0x2 * CY_FLASH_ROW_SIZE)) / 0x2), CY_FLASH_ROW_SIZE))
                0x00000000                appl_start = (CY_APPL_NUM == 0x1)?appl1_start:appl2_start
                0x00000000                ecc_offset = ((appl_start / CY_FLASH_ROW_SIZE) * CY_ECC_ROW_SIZE)
                0x00000000                ee_offset = (CY_APPL_LOADABLE && ! (CY_EE_IN_BTLDR))?((CY_EE_SIZE / CY_APPL_MAX) * (CY_APPL_NUM - 0x1)):0x0
                0x00000800                ee_size = (CY_APPL_LOADABLE && ! (CY_EE_IN_BTLDR))?(CY_EE_SIZE / CY_APPL_MAX):CY_EE_SIZE
                [!provide]                PROVIDE (CY_ECC_OFFSET, ecc_offset)

.text           0x00000000      0x46e
 CREATE_OBJECT_SYMBOLS
                0x00000000                PROVIDE (__cy_interrupt_vector, RomVectors)
 *(.romvectors)
 .romvectors    0x00000000       0x10 .\CortexM3\ARM_GCC_541\Debug\Cm3Start.o
                0x00000000                RomVectors
                0x00000001                ASSERT ((. != __cy_interrupt_vector), No interrupt vector)
                0x00000001                ASSERT (CY_APPL_ORIGIN?(SIZEOF (.cybootloader) <= CY_APPL_ORIGIN):0x1, Wrong image location)
                0x00000010                PROVIDE (__cy_reset, Reset)
 *(.text.Reset)
 .text.Reset    0x00000010       0x18 .\CortexM3\ARM_GCC_541\Debug\Cm3Start.o
                0x00000010                Reset
                0x00000001                ASSERT ((. != __cy_reset), No reset code)
 *(.dma_init)
                0x00000001                ASSERT ((((appl_start + .) <= 0x10000) || 0x1), DMA Init must be within the first 64k of flash)
 *(.text .text.* .gnu.linkonce.t.*)
 .text          0x00000028       0x5c c:/program files (x86)/cypress/psoc creator/4.2/psoc creator/import/gnu/arm/5.4.1/bin/../lib/gcc/arm-none-eabi/5.4.1/armv7-m/crtbegin.o
 .text.main     0x00000084        0x4 .\CortexM3\ARM_GCC_541\Debug\main.o
                0x00000084                main
 .text.CyClockStartupError
                0x00000088        0x4 .\CortexM3\ARM_GCC_541\Debug\cyfitter_cfg.o
 .text.cfg_write_bytes32
                0x0000008c       0x34 .\CortexM3\ARM_GCC_541\Debug\cyfitter_cfg.o
 .text.AnalogSetDefault
                0x000000c0       0x28 .\CortexM3\ARM_GCC_541\Debug\cyfitter_cfg.o
 .text.CYMEMZERO
                0x000000e8        0xc .\CortexM3\ARM_GCC_541\Debug\cyfitter_cfg.o
 .text.ClockSetup
                0x000000f4       0xc8 .\CortexM3\ARM_GCC_541\Debug\cyfitter_cfg.o
 .text.CYCONFIGCPY
                0x000001bc        0x8 .\CortexM3\ARM_GCC_541\Debug\cyfitter_cfg.o
 .text.cyfitter_cfg
                0x000001c4      0x144 .\CortexM3\ARM_GCC_541\Debug\cyfitter_cfg.o
                0x000001c4                cyfitter_cfg
 .text.IntDefaultHandler
                0x00000308       0x10 .\CortexM3\ARM_GCC_541\Debug\Cm3Start.o
                0x00000308                IntDefaultHandler
 .text.Start_c  0x00000318       0x4c .\CortexM3\ARM_GCC_541\Debug\Cm3Start.o
                0x00000318                Start_c
 .text.initialize_psoc
                0x00000364       0x68 .\CortexM3\ARM_GCC_541\Debug\Cm3Start.o
                0x00000364                initialize_psoc
 *fill*         0x000003cc        0x4 
 .text          0x000003d0       0x20 .\CortexM3\ARM_GCC_541\Debug\BMS_Master.a(CyBootAsmGnu.o)
                0x000003d0                CyDelayCycles
                0x000003e0                CyEnterCriticalSection
                0x000003e8                CyExitCriticalSection
 .text.__errno  0x000003f0        0xc c:/program files (x86)/cypress/psoc creator/4.2/psoc creator/import/gnu/arm/5.4.1/bin/../lib/gcc/arm-none-eabi/5.4.1/../../../../arm-none-eabi/lib/armv7-m\libg_nano.a(lib_a-errno.o)
                0x000003f0                __errno
 .text.__libc_init_array
                0x000003fc       0x4c c:/program files (x86)/cypress/psoc creator/4.2/psoc creator/import/gnu/arm/5.4.1/bin/../lib/gcc/arm-none-eabi/5.4.1/../../../../arm-none-eabi/lib/armv7-m\libg_nano.a(lib_a-init.o)
                0x000003fc                __libc_init_array
 .text.memcpy   0x00000448       0x16 c:/program files (x86)/cypress/psoc creator/4.2/psoc creator/import/gnu/arm/5.4.1/bin/../lib/gcc/arm-none-eabi/5.4.1/../../../../arm-none-eabi/lib/armv7-m\libg_nano.a(lib_a-memcpy-stub.o)
                0x00000448                memcpy
 .text.memset   0x0000045e       0x10 c:/program files (x86)/cypress/psoc creator/4.2/psoc creator/import/gnu/arm/5.4.1/bin/../lib/gcc/arm-none-eabi/5.4.1/../../../../arm-none-eabi/lib/armv7-m\libg_nano.a(lib_a-memset.o)
                0x0000045e                memset
 *(.plt)
 *(.gnu.warning)
 *(.glue_7t)
 .glue_7t       0x0000046e        0x0 linker stubs
 *(.glue_7)
 .glue_7        0x0000046e        0x0 linker stubs
 *(.vfp11_veneer)
 .vfp11_veneer  0x0000046e        0x0 linker stubs
 *(.bootloader)
 *(.ARM.extab* .gnu.linkonce.armextab.*)
 *(.gcc_except_table)

.v4_bx          0x00000470        0x0
 .v4_bx         0x00000470        0x0 linker stubs

.iplt           0x00000470        0x0
 .iplt          0x00000470        0x0 c:/program files (x86)/cypress/psoc creator/4.2/psoc creator/import/gnu/arm/5.4.1/bin/../lib/gcc/arm-none-eabi/5.4.1/armv7-m/crtbegin.o

.eh_frame_hdr
 *(.eh_frame_hdr)

.eh_frame       0x00000470        0x4
 *(.eh_frame)
 .eh_frame      0x00000470        0x0 c:/program files (x86)/cypress/psoc creator/4.2/psoc creator/import/gnu/arm/5.4.1/bin/../lib/gcc/arm-none-eabi/5.4.1/armv7-m/crtbegin.o
 .eh_frame      0x00000470        0x4 c:/program files (x86)/cypress/psoc creator/4.2/psoc creator/import/gnu/arm/5.4.1/bin/../lib/gcc/arm-none-eabi/5.4.1/armv7-m/crtend.o
                [!provide]                PROVIDE (__exidx_start, .)

.ARM.exidx
 *(.ARM.exidx* .gnu.linkonce.armexidx.*)
                0x00000474                __exidx_end = .

.rodata         0x00000474       0x6c
 *(.rodata .rodata.* .gnu.linkonce.r.*)
 .rodata        0x00000474       0x36 .\CortexM3\ARM_GCC_541\Debug\cyfitter_cfg.o
 .rodata.str1.1
                0x000004aa        0x2 c:/program files (x86)/cypress/psoc creator/4.2/psoc creator/import/gnu/arm/5.4.1/bin/../lib/gcc/arm-none-eabi/5.4.1/../../../../arm-none-eabi/lib/armv7-m\libg_nano.a(lib_a-impure.o)
                0x000004ac                . = ALIGN (0x4)
 *(.init)
 .init          0x000004ac        0x4 c:/program files (x86)/cypress/psoc creator/4.2/psoc creator/import/gnu/arm/5.4.1/bin/../lib/gcc/arm-none-eabi/5.4.1/armv7-m/crti.o
                0x000004ac                _init
 .init          0x000004b0        0x8 c:/program files (x86)/cypress/psoc creator/4.2/psoc creator/import/gnu/arm/5.4.1/bin/../lib/gcc/arm-none-eabi/5.4.1/armv7-m/crtn.o
                0x000004b8                . = ALIGN (0x4)
                0x000004b8                __preinit_array_start = .
 *(.preinit_array)
                0x000004b8                __preinit_array_end = .
                0x000004b8                . = ALIGN (0x4)
                0x000004b8                __init_array_start = .
 *(SORT(.init_array.*))
 *(.init_array)
 .init_array    0x000004b8        0x4 c:/program files (x86)/cypress/psoc creator/4.2/psoc creator/import/gnu/arm/5.4.1/bin/../lib/gcc/arm-none-eabi/5.4.1/armv7-m/crtbegin.o
 .init_array    0x000004bc        0x4 .\CortexM3\ARM_GCC_541\Debug\Cm3Start.o
                0x000004c0                __init_array_end = .
                0x000004c0                . = ALIGN (0x4)
 *(.fini)
 .fini          0x000004c0        0x4 c:/program files (x86)/cypress/psoc creator/4.2/psoc creator/import/gnu/arm/5.4.1/bin/../lib/gcc/arm-none-eabi/5.4.1/armv7-m/crti.o
                0x000004c0                _fini
 .fini          0x000004c4        0x8 c:/program files (x86)/cypress/psoc creator/4.2/psoc creator/import/gnu/arm/5.4.1/bin/../lib/gcc/arm-none-eabi/5.4.1/armv7-m/crtn.o
                0x000004cc                . = ALIGN (0x4)
                0x000004cc                __fini_array_start = .
 *(.fini_array)
 .fini_array    0x000004cc        0x4 c:/program files (x86)/cypress/psoc creator/4.2/psoc creator/import/gnu/arm/5.4.1/bin/../lib/gcc/arm-none-eabi/5.4.1/armv7-m/crtbegin.o
 *(SORT(.fini_array.*))
                0x000004d0                __fini_array_end = .
                0x000004d0                . = ALIGN (0x4)
 *crtbegin.o(.ctors)
 *(EXCLUDE_FILE(*crtend.o) .ctors)
 *(SORT(.ctors.*))
 *crtend.o(.ctors)
                0x000004d0                . = ALIGN (0x4)
 *crtbegin.o(.dtors)
 *(EXCLUDE_FILE(*crtend.o) .dtors)
 *(SORT(.dtors.*))
 *crtend.o(.dtors)
                0x000004d0                . = ALIGN (0x4)
                0x000004d0                __cy_regions = .
                0x000004d0        0x4 LONG 0x4e0 __cy_region_init_ram
                0x000004d4        0x4 LONG 0x1fff80c8 __cy_region_start_data
                0x000004d8        0x4 LONG 0x68 __cy_region_init_size_ram
                0x000004dc        0x4 LONG 0x20 __cy_region_zero_size_ram
                0x000004e0                __cy_regions_end = .
                0x000004e0                . = ALIGN (0x8)
                0x000004e0                _etext = .

.cy_checksum_exclude
                0x000004e0        0x0
 *(.cy_checksum_exclude)

.ramvectors     0x1fff8000       0xc0
                0x1fff8000                __cy_region_start_ram = .
 *(.ramvectors)
 .ramvectors    0x1fff8000       0xc0 .\CortexM3\ARM_GCC_541\Debug\Cm3Start.o
                0x1fff8000                CyRamVectors

.noinit         0x1fff80c0        0x1
 *(.noinit)
 .noinit        0x1fff80c0        0x1 .\CortexM3\ARM_GCC_541\Debug\BMS_Master.a(CyLib.o)
                0x1fff80c0                CyResetStatus

.data           0x1fff80c8       0x68 load address 0x000004e0
                0x1fff80c8                __cy_region_start_data = .
 *(.jcr)
 .jcr           0x1fff80c8        0x0 c:/program files (x86)/cypress/psoc creator/4.2/psoc creator/import/gnu/arm/5.4.1/bin/../lib/gcc/arm-none-eabi/5.4.1/armv7-m/crtbegin.o
 .jcr           0x1fff80c8        0x4 c:/program files (x86)/cypress/psoc creator/4.2/psoc creator/import/gnu/arm/5.4.1/bin/../lib/gcc/arm-none-eabi/5.4.1/armv7-m/crtend.o
 *(.got.plt)
 *(.got)
 *(.shdata)
 *(.data .data.* .gnu.linkonce.d.*)
 .data.impure_data
                0x1fff80cc       0x60 c:/program files (x86)/cypress/psoc creator/4.2/psoc creator/import/gnu/arm/5.4.1/bin/../lib/gcc/arm-none-eabi/5.4.1/../../../../arm-none-eabi/lib/armv7-m\libg_nano.a(lib_a-impure.o)
 .data._impure_ptr
                0x1fff812c        0x4 c:/program files (x86)/cypress/psoc creator/4.2/psoc creator/import/gnu/arm/5.4.1/bin/../lib/gcc/arm-none-eabi/5.4.1/../../../../arm-none-eabi/lib/armv7-m\libg_nano.a(lib_a-impure.o)
                0x1fff812c                _impure_ptr
                0x1fff8130                . = ALIGN (0x8)
 *(.ram)
                0x1fff8130                _edata = .

.igot.plt       0x1fff8130        0x0 load address 0x00000548
 .igot.plt      0x1fff8130        0x0 c:/program files (x86)/cypress/psoc creator/4.2/psoc creator/import/gnu/arm/5.4.1/bin/../lib/gcc/arm-none-eabi/5.4.1/armv7-m/crtbegin.o

.bss            0x1fff8130       0x20 load address 0x00000548
                0x1fff8130                PROVIDE (__bss_start__, .)
 *(.shbss)
 *(.bss .bss.* .gnu.linkonce.b.*)
 .bss           0x1fff8130       0x1c c:/program files (x86)/cypress/psoc creator/4.2/psoc creator/import/gnu/arm/5.4.1/bin/../lib/gcc/arm-none-eabi/5.4.1/armv7-m/crtbegin.o
 *(COMMON)
                0x1fff8150                . = ALIGN (0x8)
 *fill*         0x1fff814c        0x4 
 *(.ram.b)
                0x1fff8150                _end = .
                0x1fff8150                __end = .
                0x1fff8150                PROVIDE (end, .)
                0x1fff8150                PROVIDE (__bss_end__, .)
                0x000004e0                __cy_region_init_ram = LOADADDR (.data)
                0x00000068                __cy_region_init_size_ram = (_edata - ADDR (.data))
                0x00000020                __cy_region_zero_size_ram = (_end - _edata)

.heap           0x1fff8150       0x80 load address 0x00000548
                0x1fff8150                . = _end
                0x1fff81d0                . = (. + 0x80)
 *fill*         0x1fff8150       0x80 
                0x1fff81d0                __cy_heap_limit = .

.stack          0x20007800      0x800
                0x20007800                __cy_stack_limit = .
                0x20008000                . = (. + 0x800)
 *fill*         0x20007800      0x800 
                0x00000001                ASSERT ((__cy_stack_limit >= __cy_heap_limit), region RAM overflowed with stack)
                0x00000000                cy_checksum_exclude_size = (CY_APPL_LOADABLE == 0x1)?SIZEOF (.cy_checksum_exclude):0x0
                0x00000001                ASSERT ((cy_checksum_exclude_size <= CY_CHECKSUM_EXCLUDE_SIZE), CY_BOOT: Section .cy_checksum_exclude size exceedes specified limit.)

.cyloadermeta
 *(.cyloadermeta)

.cyloadablemeta
 *(.cyloadablemeta)

.cyconfigecc    0x80000000      0x574
 *(.cyconfigecc)
 .cyconfigecc   0x80000000      0x574 .\CortexM3\ARM_GCC_541\Debug\cymetadata.o
                0x80000000                cy_meta_configecc

.cycustnvl      0x90000000        0x4
 *(.cycustnvl)
 .cycustnvl     0x90000000        0x4 .\CortexM3\ARM_GCC_541\Debug\cymetadata.o
                0x90000000                cy_meta_custnvl

.cywolatch      0x90100000        0x4
 *(.cywolatch)
 .cywolatch     0x90100000        0x4 .\CortexM3\ARM_GCC_541\Debug\cymetadata.o
                0x90100000                cy_meta_wonvl

.cyeeprom       0x90200000        0x0
 *(.cyeeprom)
                0x00000001                ASSERT ((. <= ((0x90200000 + ee_offset) + ee_size)), .cyeeprom data will not fit in EEPROM)

.cyflashprotect
                0x90400000      0x100
 *(.cyflashprotect)
 .cyflashprotect
                0x90400000      0x100 .\CortexM3\ARM_GCC_541\Debug\cymetadata.o
                0x90400000                cy_meta_flashprotect

.cymeta         0x90500000        0xc
 *(.cymeta)
 .cymeta        0x90500000        0xc .\CortexM3\ARM_GCC_541\Debug\cymetadata.o
                0x90500000                cy_metadata

.rel.dyn        0x00000548        0x0 load address 0x9050000c
 .rel.iplt      0x00000548        0x0 c:/program files (x86)/cypress/psoc creator/4.2/psoc creator/import/gnu/arm/5.4.1/bin/../lib/gcc/arm-none-eabi/5.4.1/armv7-m/crtbegin.o

.stab
 *(.stab)

.stabstr
 *(.stabstr)

.debug
 *(.debug)

.line
 *(.line)

.debug_srcinfo
 *(.debug_srcinfo)

.debug_sfnames
 *(.debug_sfnames)

.debug_aranges  0x00000000      0x768
 *(.debug_aranges)
 .debug_aranges
                0x00000000       0x28 .\CortexM3\ARM_GCC_541\Debug\DriverControls.o
 .debug_aranges
                0x00000028       0x28 .\CortexM3\ARM_GCC_541\Debug\main.o
 .debug_aranges
                0x00000050       0x58 .\CortexM3\ARM_GCC_541\Debug\cyfitter_cfg.o
 .debug_aranges
                0x000000a8       0x18 .\CortexM3\ARM_GCC_541\Debug\cymetadata.o
 .debug_aranges
                0x000000c0       0x48 .\CortexM3\ARM_GCC_541\Debug\Cm3Start.o
 .debug_aranges
                0x00000108       0xc8 .\CortexM3\ARM_GCC_541\Debug\BMS_Master.a(Vehicle_CAN.o)
 .debug_aranges
                0x000001d0       0x30 .\CortexM3\ARM_GCC_541\Debug\BMS_Master.a(Vehicle_CAN_INT.o)
 .debug_aranges
                0x00000200       0x30 .\CortexM3\ARM_GCC_541\Debug\BMS_Master.a(Vehicle_CAN_TX_RX_func.o)
 .debug_aranges
                0x00000230       0xd8 .\CortexM3\ARM_GCC_541\Debug\BMS_Master.a(SPICAN.o)
 .debug_aranges
                0x00000308      0x2a0 .\CortexM3\ARM_GCC_541\Debug\BMS_Master.a(CyLib.o)
 .debug_aranges
                0x000005a8       0x98 .\CortexM3\ARM_GCC_541\Debug\BMS_Master.a(cyPm.o)
 .debug_aranges
                0x00000640       0x20 .\CortexM3\ARM_GCC_541\Debug\BMS_Master.a(CyBootAsmGnu.o)
 .debug_aranges
                0x00000660       0x88 .\CortexM3\ARM_GCC_541\Debug\BMS_Master.a(CyFlash.o)
 .debug_aranges
                0x000006e8       0x80 .\CortexM3\ARM_GCC_541\Debug\BMS_Master.a(CySpc.o)

.debug_pubnames
 *(.debug_pubnames)

.debug_info     0x00000000     0x4a5b
 *(.debug_info .gnu.linkonce.wi.*)
 .debug_info    0x00000000      0x160 .\CortexM3\ARM_GCC_541\Debug\DriverControls.o
 .debug_info    0x00000160      0x117 .\CortexM3\ARM_GCC_541\Debug\main.o
 .debug_info    0x00000277      0x604 .\CortexM3\ARM_GCC_541\Debug\cyfitter_cfg.o
 .debug_info    0x0000087b      0x136 .\CortexM3\ARM_GCC_541\Debug\cymetadata.o
 .debug_info    0x000009b1      0x3bb .\CortexM3\ARM_GCC_541\Debug\Cm3Start.o
 .debug_info    0x00000d6c      0x8fb .\CortexM3\ARM_GCC_541\Debug\BMS_Master.a(Vehicle_CAN.o)
 .debug_info    0x00001667      0x256 .\CortexM3\ARM_GCC_541\Debug\BMS_Master.a(Vehicle_CAN_INT.o)
 .debug_info    0x000018bd      0x336 .\CortexM3\ARM_GCC_541\Debug\BMS_Master.a(Vehicle_CAN_TX_RX_func.o)
 .debug_info    0x00001bf3      0x493 .\CortexM3\ARM_GCC_541\Debug\BMS_Master.a(SPICAN.o)
 .debug_info    0x00002086     0x1374 .\CortexM3\ARM_GCC_541\Debug\BMS_Master.a(CyLib.o)
 .debug_info    0x000033fa      0xa2a .\CortexM3\ARM_GCC_541\Debug\BMS_Master.a(cyPm.o)
 .debug_info    0x00003e24       0x9a .\CortexM3\ARM_GCC_541\Debug\BMS_Master.a(CyBootAsmGnu.o)
 .debug_info    0x00003ebe      0x64d .\CortexM3\ARM_GCC_541\Debug\BMS_Master.a(CyFlash.o)
 .debug_info    0x0000450b      0x550 .\CortexM3\ARM_GCC_541\Debug\BMS_Master.a(CySpc.o)

.debug_abbrev   0x00000000     0x11f4
 *(.debug_abbrev)
 .debug_abbrev  0x00000000       0x9f .\CortexM3\ARM_GCC_541\Debug\DriverControls.o
 .debug_abbrev  0x0000009f       0xb8 .\CortexM3\ARM_GCC_541\Debug\main.o
 .debug_abbrev  0x00000157      0x20d .\CortexM3\ARM_GCC_541\Debug\cyfitter_cfg.o
 .debug_abbrev  0x00000364       0x77 .\CortexM3\ARM_GCC_541\Debug\cymetadata.o
 .debug_abbrev  0x000003db      0x1e8 .\CortexM3\ARM_GCC_541\Debug\Cm3Start.o
 .debug_abbrev  0x000005c3      0x195 .\CortexM3\ARM_GCC_541\Debug\BMS_Master.a(Vehicle_CAN.o)
 .debug_abbrev  0x00000758       0xe6 .\CortexM3\ARM_GCC_541\Debug\BMS_Master.a(Vehicle_CAN_INT.o)
 .debug_abbrev  0x0000083e      0x122 .\CortexM3\ARM_GCC_541\Debug\BMS_Master.a(Vehicle_CAN_TX_RX_func.o)
 .debug_abbrev  0x00000960      0x146 .\CortexM3\ARM_GCC_541\Debug\BMS_Master.a(SPICAN.o)
 .debug_abbrev  0x00000aa6      0x254 .\CortexM3\ARM_GCC_541\Debug\BMS_Master.a(CyLib.o)
 .debug_abbrev  0x00000cfa      0x1ab .\CortexM3\ARM_GCC_541\Debug\BMS_Master.a(cyPm.o)
 .debug_abbrev  0x00000ea5       0x14 .\CortexM3\ARM_GCC_541\Debug\BMS_Master.a(CyBootAsmGnu.o)
 .debug_abbrev  0x00000eb9      0x1a7 .\CortexM3\ARM_GCC_541\Debug\BMS_Master.a(CyFlash.o)
 .debug_abbrev  0x00001060      0x194 .\CortexM3\ARM_GCC_541\Debug\BMS_Master.a(CySpc.o)

.debug_line     0x00000000     0x1f2e
 *(.debug_line)
 .debug_line    0x00000000        0x0 .\CortexM3\ARM_GCC_541\Debug\mainState.o
 .debug_line    0x00000000       0x59 .\CortexM3\ARM_GCC_541\Debug\DriverControls.o
 .debug_line    0x00000059        0x0 .\CortexM3\ARM_GCC_541\Debug\DTC.o
 .debug_line    0x00000059      0x187 .\CortexM3\ARM_GCC_541\Debug\main.o
 .debug_line    0x000001e0      0x1f8 .\CortexM3\ARM_GCC_541\Debug\cyfitter_cfg.o
 .debug_line    0x000003d8      0x141 .\CortexM3\ARM_GCC_541\Debug\cymetadata.o
 .debug_line    0x00000519      0x234 .\CortexM3\ARM_GCC_541\Debug\Cm3Start.o
 .debug_line    0x0000074d      0x38e .\CortexM3\ARM_GCC_541\Debug\BMS_Master.a(Vehicle_CAN.o)
 .debug_line    0x00000adb       0xc5 .\CortexM3\ARM_GCC_541\Debug\BMS_Master.a(Vehicle_CAN_INT.o)
 .debug_line    0x00000ba0      0x101 .\CortexM3\ARM_GCC_541\Debug\BMS_Master.a(Vehicle_CAN_TX_RX_func.o)
 .debug_line    0x00000ca1      0x230 .\CortexM3\ARM_GCC_541\Debug\BMS_Master.a(SPICAN.o)
 .debug_line    0x00000ed1      0x816 .\CortexM3\ARM_GCC_541\Debug\BMS_Master.a(CyLib.o)
 .debug_line    0x000016e7      0x367 .\CortexM3\ARM_GCC_541\Debug\BMS_Master.a(cyPm.o)
 .debug_line    0x00001a4e       0x66 .\CortexM3\ARM_GCC_541\Debug\BMS_Master.a(CyBootAsmGnu.o)
 .debug_line    0x00001ab4      0x21a .\CortexM3\ARM_GCC_541\Debug\BMS_Master.a(CyFlash.o)
 .debug_line    0x00001cce      0x260 .\CortexM3\ARM_GCC_541\Debug\BMS_Master.a(CySpc.o)

.debug_frame    0x00000000     0x1390
 *(.debug_frame)
 .debug_frame   0x00000000       0x48 .\CortexM3\ARM_GCC_541\Debug\DriverControls.o
 .debug_frame   0x00000048       0x3c .\CortexM3\ARM_GCC_541\Debug\main.o
 .debug_frame   0x00000084       0xe4 .\CortexM3\ARM_GCC_541\Debug\cyfitter_cfg.o
 .debug_frame   0x00000168       0xb8 .\CortexM3\ARM_GCC_541\Debug\Cm3Start.o
 .debug_frame   0x00000220      0x1cc .\CortexM3\ARM_GCC_541\Debug\BMS_Master.a(Vehicle_CAN.o)
 .debug_frame   0x000003ec       0x68 .\CortexM3\ARM_GCC_541\Debug\BMS_Master.a(Vehicle_CAN_INT.o)
 .debug_frame   0x00000454       0x54 .\CortexM3\ARM_GCC_541\Debug\BMS_Master.a(Vehicle_CAN_TX_RX_func.o)
 .debug_frame   0x000004a8      0x1e8 .\CortexM3\ARM_GCC_541\Debug\BMS_Master.a(SPICAN.o)
 .debug_frame   0x00000690      0x738 .\CortexM3\ARM_GCC_541\Debug\BMS_Master.a(CyLib.o)
 .debug_frame   0x00000dc8      0x1f8 .\CortexM3\ARM_GCC_541\Debug\BMS_Master.a(cyPm.o)
 .debug_frame   0x00000fc0      0x194 .\CortexM3\ARM_GCC_541\Debug\BMS_Master.a(CyFlash.o)
 .debug_frame   0x00001154      0x180 .\CortexM3\ARM_GCC_541\Debug\BMS_Master.a(CySpc.o)
 .debug_frame   0x000012d4       0x20 c:/program files (x86)/cypress/psoc creator/4.2/psoc creator/import/gnu/arm/5.4.1/bin/../lib/gcc/arm-none-eabi/5.4.1/../../../../arm-none-eabi/lib/armv7-m\libg_nano.a(lib_a-errno.o)
 .debug_frame   0x000012f4       0x28 c:/program files (x86)/cypress/psoc creator/4.2/psoc creator/import/gnu/arm/5.4.1/bin/../lib/gcc/arm-none-eabi/5.4.1/../../../../arm-none-eabi/lib/armv7-m\libg_nano.a(lib_a-exit.o)
 .debug_frame   0x0000131c       0x2c c:/program files (x86)/cypress/psoc creator/4.2/psoc creator/import/gnu/arm/5.4.1/bin/../lib/gcc/arm-none-eabi/5.4.1/../../../../arm-none-eabi/lib/armv7-m\libg_nano.a(lib_a-init.o)
 .debug_frame   0x00001348       0x28 c:/program files (x86)/cypress/psoc creator/4.2/psoc creator/import/gnu/arm/5.4.1/bin/../lib/gcc/arm-none-eabi/5.4.1/../../../../arm-none-eabi/lib/armv7-m\libg_nano.a(lib_a-memcpy-stub.o)
 .debug_frame   0x00001370       0x20 c:/program files (x86)/cypress/psoc creator/4.2/psoc creator/import/gnu/arm/5.4.1/bin/../lib/gcc/arm-none-eabi/5.4.1/../../../../arm-none-eabi/lib/armv7-m\libg_nano.a(lib_a-memset.o)

.debug_str      0x00000000     0x1b9f
 *(.debug_str)
 .debug_str     0x00000000       0xdd .\CortexM3\ARM_GCC_541\Debug\mainState.o
 .debug_str     0x000000dd      0x11c .\CortexM3\ARM_GCC_541\Debug\DriverControls.o
                                0x1aa (size before relaxing)
 .debug_str     0x000001f9        0x6 .\CortexM3\ARM_GCC_541\Debug\DTC.o
                                 0xe0 (size before relaxing)
 .debug_str     0x000001ff       0xbd .\CortexM3\ARM_GCC_541\Debug\main.o
                                0x1df (size before relaxing)
 .debug_str     0x000002bc      0x1bc .\CortexM3\ARM_GCC_541\Debug\cyfitter_cfg.o
                                0x34e (size before relaxing)
 .debug_str     0x00000478       0x7f .\CortexM3\ARM_GCC_541\Debug\cymetadata.o
                                0x1ee (size before relaxing)
 .debug_str     0x000004f7      0x144 .\CortexM3\ARM_GCC_541\Debug\Cm3Start.o
                                0x314 (size before relaxing)
 .debug_str     0x0000063b      0x427 .\CortexM3\ARM_GCC_541\Debug\BMS_Master.a(Vehicle_CAN.o)
                                0x5eb (size before relaxing)
 .debug_str     0x00000a62       0x8f .\CortexM3\ARM_GCC_541\Debug\BMS_Master.a(Vehicle_CAN_INT.o)
                                0x2cb (size before relaxing)
 .debug_str     0x00000af1       0xb0 .\CortexM3\ARM_GCC_541\Debug\BMS_Master.a(Vehicle_CAN_TX_RX_func.o)
                                0x30a (size before relaxing)
 .debug_str     0x00000ba1      0x247 .\CortexM3\ARM_GCC_541\Debug\BMS_Master.a(SPICAN.o)
                                0x427 (size before relaxing)
 .debug_str     0x00000de8      0x7f2 .\CortexM3\ARM_GCC_541\Debug\BMS_Master.a(CyLib.o)
                                0xa51 (size before relaxing)
 .debug_str     0x000015da      0x365 .\CortexM3\ARM_GCC_541\Debug\BMS_Master.a(cyPm.o)
                                0x73d (size before relaxing)
 .debug_str     0x0000193f      0x1b4 .\CortexM3\ARM_GCC_541\Debug\BMS_Master.a(CyFlash.o)
                                0x3ca (size before relaxing)
 .debug_str     0x00001af3       0xac .\CortexM3\ARM_GCC_541\Debug\BMS_Master.a(CySpc.o)
                                0x342 (size before relaxing)

.debug_loc      0x00000000     0x26b9
 *(.debug_loc)
 .debug_loc     0x00000000       0x1e .\CortexM3\ARM_GCC_541\Debug\DriverControls.o
 .debug_loc     0x0000001e      0x25a .\CortexM3\ARM_GCC_541\Debug\cyfitter_cfg.o
 .debug_loc     0x00000278      0x144 .\CortexM3\ARM_GCC_541\Debug\Cm3Start.o
 .debug_loc     0x000003bc      0x980 .\CortexM3\ARM_GCC_541\Debug\BMS_Master.a(Vehicle_CAN.o)
 .debug_loc     0x00000d3c       0x54 .\CortexM3\ARM_GCC_541\Debug\BMS_Master.a(Vehicle_CAN_INT.o)
 .debug_loc     0x00000d90      0x17f .\CortexM3\ARM_GCC_541\Debug\BMS_Master.a(Vehicle_CAN_TX_RX_func.o)
 .debug_loc     0x00000f0f       0xfe .\CortexM3\ARM_GCC_541\Debug\BMS_Master.a(SPICAN.o)
 .debug_loc     0x0000100d      0xa11 .\CortexM3\ARM_GCC_541\Debug\BMS_Master.a(CyLib.o)
 .debug_loc     0x00001a1e      0x1e4 .\CortexM3\ARM_GCC_541\Debug\BMS_Master.a(cyPm.o)
 .debug_loc     0x00001c02      0x3b2 .\CortexM3\ARM_GCC_541\Debug\BMS_Master.a(CyFlash.o)
 .debug_loc     0x00001fb4      0x705 .\CortexM3\ARM_GCC_541\Debug\BMS_Master.a(CySpc.o)

.debug_macinfo
 *(.debug_macinfo)

.debug_ranges   0x00000000      0x670
 *(.debug_ranges)
 .debug_ranges  0x00000000       0x18 .\CortexM3\ARM_GCC_541\Debug\DriverControls.o
 .debug_ranges  0x00000018       0x18 .\CortexM3\ARM_GCC_541\Debug\main.o
 .debug_ranges  0x00000030       0x48 .\CortexM3\ARM_GCC_541\Debug\cyfitter_cfg.o
 .debug_ranges  0x00000078       0x38 .\CortexM3\ARM_GCC_541\Debug\Cm3Start.o
 .debug_ranges  0x000000b0       0xb8 .\CortexM3\ARM_GCC_541\Debug\BMS_Master.a(Vehicle_CAN.o)
 .debug_ranges  0x00000168       0x20 .\CortexM3\ARM_GCC_541\Debug\BMS_Master.a(Vehicle_CAN_INT.o)
 .debug_ranges  0x00000188       0x20 .\CortexM3\ARM_GCC_541\Debug\BMS_Master.a(Vehicle_CAN_TX_RX_func.o)
 .debug_ranges  0x000001a8       0xc8 .\CortexM3\ARM_GCC_541\Debug\BMS_Master.a(SPICAN.o)
 .debug_ranges  0x00000270      0x290 .\CortexM3\ARM_GCC_541\Debug\BMS_Master.a(CyLib.o)
 .debug_ranges  0x00000500       0x88 .\CortexM3\ARM_GCC_541\Debug\BMS_Master.a(cyPm.o)
 .debug_ranges  0x00000588       0x78 .\CortexM3\ARM_GCC_541\Debug\BMS_Master.a(CyFlash.o)
 .debug_ranges  0x00000600       0x70 .\CortexM3\ARM_GCC_541\Debug\BMS_Master.a(CySpc.o)

.comment        0x00000000       0x6e
 .comment       0x00000000       0x6e .\CortexM3\ARM_GCC_541\Debug\mainState.o
                                 0x6f (size before relaxing)
 .comment       0x0000006e       0x6f .\CortexM3\ARM_GCC_541\Debug\DriverControls.o
 .comment       0x0000006e       0x6f .\CortexM3\ARM_GCC_541\Debug\DTC.o
 .comment       0x0000006e       0x6f .\CortexM3\ARM_GCC_541\Debug\main.o
 .comment       0x0000006e       0x6f .\CortexM3\ARM_GCC_541\Debug\cyfitter_cfg.o
 .comment       0x0000006e       0x6f .\CortexM3\ARM_GCC_541\Debug\cymetadata.o
 .comment       0x0000006e       0x6f .\CortexM3\ARM_GCC_541\Debug\Cm3Start.o
 .comment       0x0000006e       0x6f .\CortexM3\ARM_GCC_541\Debug\BMS_Master.a(Vehicle_CAN.o)
 .comment       0x0000006e       0x6f .\CortexM3\ARM_GCC_541\Debug\BMS_Master.a(Vehicle_CAN_INT.o)
 .comment       0x0000006e       0x6f .\CortexM3\ARM_GCC_541\Debug\BMS_Master.a(Vehicle_CAN_TX_RX_func.o)
 .comment       0x0000006e       0x6f .\CortexM3\ARM_GCC_541\Debug\BMS_Master.a(SPICAN.o)
 .comment       0x0000006e       0x6f .\CortexM3\ARM_GCC_541\Debug\BMS_Master.a(CyLib.o)
 .comment       0x0000006e       0x6f .\CortexM3\ARM_GCC_541\Debug\BMS_Master.a(cyPm.o)
 .comment       0x0000006e       0x6f .\CortexM3\ARM_GCC_541\Debug\BMS_Master.a(CyFlash.o)
 .comment       0x0000006e       0x6f .\CortexM3\ARM_GCC_541\Debug\BMS_Master.a(CySpc.o)

.debug_weaknames
 *(.debug_weaknames)

.debug_funcnames
 *(.debug_funcnames)

.debug_typenames
 *(.debug_typenames)

.debug_varnames
 *(.debug_varnames)

.note.gnu.arm.ident
 *(.note.gnu.arm.ident)

.ARM.attributes
                0x00000000       0x29
 *(.ARM.attributes)
 .ARM.attributes
                0x00000000       0x1d c:/program files (x86)/cypress/psoc creator/4.2/psoc creator/import/gnu/arm/5.4.1/bin/../lib/gcc/arm-none-eabi/5.4.1/armv7-m/crti.o
 .ARM.attributes
                0x0000001d       0x2d c:/program files (x86)/cypress/psoc creator/4.2/psoc creator/import/gnu/arm/5.4.1/bin/../lib/gcc/arm-none-eabi/5.4.1/armv7-m/crtbegin.o
 .ARM.attributes
                0x0000004a       0x1b c:/program files (x86)/cypress/psoc creator/4.2/psoc creator/import/gnu/arm/5.4.1/bin/../lib/gcc/arm-none-eabi/5.4.1/../../../../arm-none-eabi/lib/armv7-m/crt0.o
 .ARM.attributes
                0x00000065       0x33 .\CortexM3\ARM_GCC_541\Debug\mainState.o
 .ARM.attributes
                0x00000098       0x33 .\CortexM3\ARM_GCC_541\Debug\DriverControls.o
 .ARM.attributes
                0x000000cb       0x33 .\CortexM3\ARM_GCC_541\Debug\DTC.o
 .ARM.attributes
                0x000000fe       0x33 .\CortexM3\ARM_GCC_541\Debug\main.o
 .ARM.attributes
                0x00000131       0x33 .\CortexM3\ARM_GCC_541\Debug\cyfitter_cfg.o
 .ARM.attributes
                0x00000164       0x33 .\CortexM3\ARM_GCC_541\Debug\cymetadata.o
 .ARM.attributes
                0x00000197       0x33 .\CortexM3\ARM_GCC_541\Debug\Cm3Start.o
 .ARM.attributes
                0x000001ca       0x33 .\CortexM3\ARM_GCC_541\Debug\BMS_Master.a(Vehicle_CAN.o)
 .ARM.attributes
                0x000001fd       0x33 .\CortexM3\ARM_GCC_541\Debug\BMS_Master.a(Vehicle_CAN_INT.o)
 .ARM.attributes
                0x00000230       0x33 .\CortexM3\ARM_GCC_541\Debug\BMS_Master.a(Vehicle_CAN_TX_RX_func.o)
 .ARM.attributes
                0x00000263       0x33 .\CortexM3\ARM_GCC_541\Debug\BMS_Master.a(SPICAN.o)
 .ARM.attributes
                0x00000296       0x33 .\CortexM3\ARM_GCC_541\Debug\BMS_Master.a(CyLib.o)
 .ARM.attributes
                0x000002c9       0x33 .\CortexM3\ARM_GCC_541\Debug\BMS_Master.a(cyPm.o)
 .ARM.attributes
                0x000002fc       0x21 .\CortexM3\ARM_GCC_541\Debug\BMS_Master.a(CyBootAsmGnu.o)
 .ARM.attributes
                0x0000031d       0x33 .\CortexM3\ARM_GCC_541\Debug\BMS_Master.a(CyFlash.o)
 .ARM.attributes
                0x00000350       0x33 .\CortexM3\ARM_GCC_541\Debug\BMS_Master.a(CySpc.o)
 .ARM.attributes
                0x00000383       0x2d c:/program files (x86)/cypress/psoc creator/4.2/psoc creator/import/gnu/arm/5.4.1/bin/../lib/gcc/arm-none-eabi/5.4.1/../../../../arm-none-eabi/lib/armv7-m\libg_nano.a(lib_a-errno.o)
 .ARM.attributes
                0x000003b0       0x2d c:/program files (x86)/cypress/psoc creator/4.2/psoc creator/import/gnu/arm/5.4.1/bin/../lib/gcc/arm-none-eabi/5.4.1/../../../../arm-none-eabi/lib/armv7-m\libg_nano.a(lib_a-exit.o)
 .ARM.attributes
                0x000003dd       0x2d c:/program files (x86)/cypress/psoc creator/4.2/psoc creator/import/gnu/arm/5.4.1/bin/../lib/gcc/arm-none-eabi/5.4.1/../../../../arm-none-eabi/lib/armv7-m\libg_nano.a(lib_a-impure.o)
 .ARM.attributes
                0x0000040a       0x2d c:/program files (x86)/cypress/psoc creator/4.2/psoc creator/import/gnu/arm/5.4.1/bin/../lib/gcc/arm-none-eabi/5.4.1/../../../../arm-none-eabi/lib/armv7-m\libg_nano.a(lib_a-init.o)
 .ARM.attributes
                0x00000437       0x2d c:/program files (x86)/cypress/psoc creator/4.2/psoc creator/import/gnu/arm/5.4.1/bin/../lib/gcc/arm-none-eabi/5.4.1/../../../../arm-none-eabi/lib/armv7-m\libg_nano.a(lib_a-memcpy-stub.o)
 .ARM.attributes
                0x00000464       0x2d c:/program files (x86)/cypress/psoc creator/4.2/psoc creator/import/gnu/arm/5.4.1/bin/../lib/gcc/arm-none-eabi/5.4.1/../../../../arm-none-eabi/lib/armv7-m\libg_nano.a(lib_a-memset.o)
 .ARM.attributes
                0x00000491       0x2d c:/program files (x86)/cypress/psoc creator/4.2/psoc creator/import/gnu/arm/5.4.1/bin/../lib/gcc/arm-none-eabi/5.4.1/armv7-m/crtend.o
 .ARM.attributes
                0x000004be       0x1d c:/program files (x86)/cypress/psoc creator/4.2/psoc creator/import/gnu/arm/5.4.1/bin/../lib/gcc/arm-none-eabi/5.4.1/armv7-m/crtn.o

/DISCARD/
 *(.note.GNU-stack)
OUTPUT(C:\Users\Timmo\Documents\GitHub\Software\BMS\BMS_Workspace\BMS_Master.cydsn\CortexM3\ARM_GCC_541\Debug\BMS_Master.elf elf32-littlearm)
