Archive member included to satisfy reference by file (symbol)

.\CortexM3\ARM_GCC_541\Debug\BMS_Master.a(Vehicle_CAN_TX_RX_func.o)
                              .\CortexM3\ARM_GCC_541\Debug\CAN.o (Vehicle_CAN_ReceiveMsg)
.\CortexM3\ARM_GCC_541\Debug\BMS_Master.a(UART_DBG.o)
                              .\CortexM3\ARM_GCC_541\Debug\main.o (UART_DBG_Start)
.\CortexM3\ARM_GCC_541\Debug\BMS_Master.a(UART_DBG_IntClock.o)
                              .\CortexM3\ARM_GCC_541\Debug\BMS_Master.a(UART_DBG.o) (UART_DBG_IntClock_Start)
.\CortexM3\ARM_GCC_541\Debug\BMS_Master.a(CyLib.o)
                              .\CortexM3\ARM_GCC_541\Debug\Cm3Start.o (CyHalt)
.\CortexM3\ARM_GCC_541\Debug\BMS_Master.a(cyPm.o)
                              .\CortexM3\ARM_GCC_541\Debug\BMS_Master.a(CyLib.o) (CyPmReadStatus)
.\CortexM3\ARM_GCC_541\Debug\BMS_Master.a(doBMS_RelayPreCharge.o)
                              .\CortexM3\ARM_GCC_541\Debug\main.o (doBMS_RelayPreCharge_Write)
.\CortexM3\ARM_GCC_541\Debug\BMS_Master.a(Global_Timer.o)
                              .\CortexM3\ARM_GCC_541\Debug\Timer.o (Global_Timer_ReadCounter)
.\CortexM3\ARM_GCC_541\Debug\BMS_Master.a(isr_RxUart.o)
                              .\CortexM3\ARM_GCC_541\Debug\main.o (isr_RxUart_StartEx)
.\CortexM3\ARM_GCC_541\Debug\BMS_Master.a(CyBootAsmGnu.o)
                              .\CortexM3\ARM_GCC_541\Debug\cyfitter_cfg.o (CyDelayCycles)
.\CortexM3\ARM_GCC_541\Debug\BMS_Master.a(CyFlash.o)
                              .\CortexM3\ARM_GCC_541\Debug\BMS_Master.a(cyPm.o) (CyFlash_SetWaitCycles)
.\CortexM3\ARM_GCC_541\Debug\BMS_Master.a(CySpc.o)
                              .\CortexM3\ARM_GCC_541\Debug\BMS_Master.a(CyFlash.o) (CySpcStart)
c:/program files (x86)/cypress/psoc creator/4.2/psoc creator/import/gnu/arm/5.4.1/bin/../lib/gcc/arm-none-eabi/5.4.1/../../../../arm-none-eabi/lib/armv7-m\libg_nano.a(lib_a-errno.o)
                              .\CortexM3\ARM_GCC_541\Debug\Cm3Start.o (__errno)
c:/program files (x86)/cypress/psoc creator/4.2/psoc creator/import/gnu/arm/5.4.1/bin/../lib/gcc/arm-none-eabi/5.4.1/../../../../arm-none-eabi/lib/armv7-m\libg_nano.a(lib_a-exit.o)
                              c:/program files (x86)/cypress/psoc creator/4.2/psoc creator/import/gnu/arm/5.4.1/bin/../lib/gcc/arm-none-eabi/5.4.1/../../../../arm-none-eabi/lib/armv7-m/crt0.o (exit)
c:/program files (x86)/cypress/psoc creator/4.2/psoc creator/import/gnu/arm/5.4.1/bin/../lib/gcc/arm-none-eabi/5.4.1/../../../../arm-none-eabi/lib/armv7-m\libg_nano.a(lib_a-impure.o)
                              c:/program files (x86)/cypress/psoc creator/4.2/psoc creator/import/gnu/arm/5.4.1/bin/../lib/gcc/arm-none-eabi/5.4.1/../../../../arm-none-eabi/lib/armv7-m\libg_nano.a(lib_a-exit.o) (_global_impure_ptr)
c:/program files (x86)/cypress/psoc creator/4.2/psoc creator/import/gnu/arm/5.4.1/bin/../lib/gcc/arm-none-eabi/5.4.1/../../../../arm-none-eabi/lib/armv7-m\libg_nano.a(lib_a-init.o)
                              c:/program files (x86)/cypress/psoc creator/4.2/psoc creator/import/gnu/arm/5.4.1/bin/../lib/gcc/arm-none-eabi/5.4.1/../../../../arm-none-eabi/lib/armv7-m/crt0.o (__libc_init_array)
c:/program files (x86)/cypress/psoc creator/4.2/psoc creator/import/gnu/arm/5.4.1/bin/../lib/gcc/arm-none-eabi/5.4.1/../../../../arm-none-eabi/lib/armv7-m\libg_nano.a(lib_a-memcpy-stub.o)
                              .\CortexM3\ARM_GCC_541\Debug\cyfitter_cfg.o (memcpy)
c:/program files (x86)/cypress/psoc creator/4.2/psoc creator/import/gnu/arm/5.4.1/bin/../lib/gcc/arm-none-eabi/5.4.1/../../../../arm-none-eabi/lib/armv7-m\libg_nano.a(lib_a-memset.o)
                              c:/program files (x86)/cypress/psoc creator/4.2/psoc creator/import/gnu/arm/5.4.1/bin/../lib/gcc/arm-none-eabi/5.4.1/../../../../arm-none-eabi/lib/armv7-m/crt0.o (memset)

Allocating common symbols
Common symbol       size              file

IVT_ModeSelect_E    0x1               .\CortexM3\ARM_GCC_541\Debug\IVT-S.o
dieTemperature      0x2               .\CortexM3\ARM_GCC_541\Debug\BMS_Master.a(CyFlash.o)

Discarded input sections

 .text          0x00000000        0x0 c:/program files (x86)/cypress/psoc creator/4.2/psoc creator/import/gnu/arm/5.4.1/bin/../lib/gcc/arm-none-eabi/5.4.1/armv7-m/crti.o
 .data          0x00000000        0x0 c:/program files (x86)/cypress/psoc creator/4.2/psoc creator/import/gnu/arm/5.4.1/bin/../lib/gcc/arm-none-eabi/5.4.1/armv7-m/crti.o
 .bss           0x00000000        0x0 c:/program files (x86)/cypress/psoc creator/4.2/psoc creator/import/gnu/arm/5.4.1/bin/../lib/gcc/arm-none-eabi/5.4.1/armv7-m/crti.o
 .data          0x00000000        0x4 c:/program files (x86)/cypress/psoc creator/4.2/psoc creator/import/gnu/arm/5.4.1/bin/../lib/gcc/arm-none-eabi/5.4.1/armv7-m/crtbegin.o
 .text          0x00000000       0x74 c:/program files (x86)/cypress/psoc creator/4.2/psoc creator/import/gnu/arm/5.4.1/bin/../lib/gcc/arm-none-eabi/5.4.1/../../../../arm-none-eabi/lib/armv7-m/crt0.o
 .data          0x00000000        0x0 c:/program files (x86)/cypress/psoc creator/4.2/psoc creator/import/gnu/arm/5.4.1/bin/../lib/gcc/arm-none-eabi/5.4.1/../../../../arm-none-eabi/lib/armv7-m/crt0.o
 .bss           0x00000000        0x0 c:/program files (x86)/cypress/psoc creator/4.2/psoc creator/import/gnu/arm/5.4.1/bin/../lib/gcc/arm-none-eabi/5.4.1/../../../../arm-none-eabi/lib/armv7-m/crt0.o
 .ARM.extab     0x00000000        0x0 c:/program files (x86)/cypress/psoc creator/4.2/psoc creator/import/gnu/arm/5.4.1/bin/../lib/gcc/arm-none-eabi/5.4.1/../../../../arm-none-eabi/lib/armv7-m/crt0.o
 .ARM.exidx     0x00000000        0x8 c:/program files (x86)/cypress/psoc creator/4.2/psoc creator/import/gnu/arm/5.4.1/bin/../lib/gcc/arm-none-eabi/5.4.1/../../../../arm-none-eabi/lib/armv7-m/crt0.o
 .text          0x00000000        0x0 .\CortexM3\ARM_GCC_541\Debug\DriverControls.o
 .data          0x00000000        0x0 .\CortexM3\ARM_GCC_541\Debug\DriverControls.o
 .bss           0x00000000        0x4 .\CortexM3\ARM_GCC_541\Debug\DriverControls.o
 .text.BrakeInputPlausibility
                0x00000000       0x28 .\CortexM3\ARM_GCC_541\Debug\DriverControls.o
 .text.OutputBrakeLight
                0x00000000       0x14 .\CortexM3\ARM_GCC_541\Debug\DriverControls.o
 .text          0x00000000        0x0 .\CortexM3\ARM_GCC_541\Debug\DTC.o
 .data          0x00000000        0x0 .\CortexM3\ARM_GCC_541\Debug\DTC.o
 .bss           0x00000000        0x0 .\CortexM3\ARM_GCC_541\Debug\DTC.o
 .text          0x00000000        0x0 .\CortexM3\ARM_GCC_541\Debug\RelayControl.o
 .data          0x00000000        0x3 .\CortexM3\ARM_GCC_541\Debug\RelayControl.o
 .bss           0x00000000        0x1 .\CortexM3\ARM_GCC_541\Debug\RelayControl.o
 .text.PosRelayFeedback
                0x00000000        0xc .\CortexM3\ARM_GCC_541\Debug\RelayControl.o
 .text.ClosePosRelay
                0x00000000       0x44 .\CortexM3\ARM_GCC_541\Debug\RelayControl.o
 .text.NegRelayFeedback
                0x00000000        0xc .\CortexM3\ARM_GCC_541\Debug\RelayControl.o
 .text.CloseNegRelay
                0x00000000       0x44 .\CortexM3\ARM_GCC_541\Debug\RelayControl.o
 .text.PerformPrecharge
                0x00000000       0x30 .\CortexM3\ARM_GCC_541\Debug\RelayControl.o
 .text          0x00000000        0x0 .\CortexM3\ARM_GCC_541\Debug\mainState.o
 .data          0x00000000        0x0 .\CortexM3\ARM_GCC_541\Debug\mainState.o
 .bss           0x00000000        0x0 .\CortexM3\ARM_GCC_541\Debug\mainState.o
 .text          0x00000000        0x0 .\CortexM3\ARM_GCC_541\Debug\SOC.o
 .data          0x00000000        0x0 .\CortexM3\ARM_GCC_541\Debug\SOC.o
 .bss           0x00000000        0x0 .\CortexM3\ARM_GCC_541\Debug\SOC.o
 .text          0x00000000        0x0 .\CortexM3\ARM_GCC_541\Debug\Thermal.o
 .data          0x00000000        0x0 .\CortexM3\ARM_GCC_541\Debug\Thermal.o
 .bss           0x00000000        0x0 .\CortexM3\ARM_GCC_541\Debug\Thermal.o
 .text          0x00000000        0x0 .\CortexM3\ARM_GCC_541\Debug\PowerLimit.o
 .data          0x00000000        0x0 .\CortexM3\ARM_GCC_541\Debug\PowerLimit.o
 .bss           0x00000000        0x0 .\CortexM3\ARM_GCC_541\Debug\PowerLimit.o
 .text          0x00000000        0x0 .\CortexM3\ARM_GCC_541\Debug\IsolationMonitor.o
 .data          0x00000000        0x0 .\CortexM3\ARM_GCC_541\Debug\IsolationMonitor.o
 .bss           0x00000000        0x0 .\CortexM3\ARM_GCC_541\Debug\IsolationMonitor.o
 .text          0x00000000        0x0 .\CortexM3\ARM_GCC_541\Debug\TempSense.o
 .data          0x00000000        0x0 .\CortexM3\ARM_GCC_541\Debug\TempSense.o
 .bss           0x00000000       0x18 .\CortexM3\ARM_GCC_541\Debug\TempSense.o
 .text.ReadTempSensors
                0x00000000       0x78 .\CortexM3\ARM_GCC_541\Debug\TempSense.o
 .text.SetMessage_CellTemps
                0x00000000        0x4 .\CortexM3\ARM_GCC_541\Debug\TempSense.o
 .text          0x00000000        0x0 .\CortexM3\ARM_GCC_541\Debug\Timer.o
 .data          0x00000000        0x0 .\CortexM3\ARM_GCC_541\Debug\Timer.o
 .bss           0x00000000        0x4 .\CortexM3\ARM_GCC_541\Debug\Timer.o
 .text.GlobalTimer_Init
                0x00000000        0x8 .\CortexM3\ARM_GCC_541\Debug\Timer.o
 .text.GetGlobalTime
                0x00000000        0x8 .\CortexM3\ARM_GCC_541\Debug\Timer.o
 .text.CAN_MIA_Expired
                0x00000000       0x2c .\CortexM3\ARM_GCC_541\Debug\Timer.o
 .text.CAN_MIA_SetStartTime
                0x00000000        0x8 .\CortexM3\ARM_GCC_541\Debug\Timer.o
 .text          0x00000000        0x0 .\CortexM3\ARM_GCC_541\Debug\BMS_to_Vehicle.o
 .data          0x00000000        0x0 .\CortexM3\ARM_GCC_541\Debug\BMS_to_Vehicle.o
 .bss           0x00000000        0x0 .\CortexM3\ARM_GCC_541\Debug\BMS_to_Vehicle.o
 .text          0x00000000        0x0 .\CortexM3\ARM_GCC_541\Debug\BMS_to_Slave.o
 .data          0x00000000        0x0 .\CortexM3\ARM_GCC_541\Debug\BMS_to_Slave.o
 .bss           0x00000000        0x0 .\CortexM3\ARM_GCC_541\Debug\BMS_to_Slave.o
 .text          0x00000000        0x0 .\CortexM3\ARM_GCC_541\Debug\IVT-S.o
 .data          0x00000000        0x0 .\CortexM3\ARM_GCC_541\Debug\IVT-S.o
 .bss           0x00000000        0x8 .\CortexM3\ARM_GCC_541\Debug\IVT-S.o
 .text.Configure_IVT
                0x00000000        0x4 .\CortexM3\ARM_GCC_541\Debug\IVT-S.o
 .text.GetCurrent
                0x00000000       0x34 .\CortexM3\ARM_GCC_541\Debug\IVT-S.o
 .text.GetVoltage
                0x00000000       0x2c .\CortexM3\ARM_GCC_541\Debug\IVT-S.o
 COMMON         0x00000000        0x1 .\CortexM3\ARM_GCC_541\Debug\IVT-S.o
 .text          0x00000000        0x0 .\CortexM3\ARM_GCC_541\Debug\CAN.o
 .data          0x00000000        0x4 .\CortexM3\ARM_GCC_541\Debug\CAN.o
 .bss           0x00000000        0x4 .\CortexM3\ARM_GCC_541\Debug\CAN.o
 .text.Tx_TestMessage
                0x00000000       0x28 .\CortexM3\ARM_GCC_541\Debug\CAN.o
 .text.Vehicle_CAN_Recieve_DbgMsg
                0x00000000       0x34 .\CortexM3\ARM_GCC_541\Debug\CAN.o
 .text.checkForNewCanData
                0x00000000       0x6c .\CortexM3\ARM_GCC_541\Debug\CAN.o
 .text          0x00000000        0x0 .\CortexM3\ARM_GCC_541\Debug\SPI.o
 .data          0x00000000        0x0 .\CortexM3\ARM_GCC_541\Debug\SPI.o
 .bss           0x00000000        0x0 .\CortexM3\ARM_GCC_541\Debug\SPI.o
 .text          0x00000000        0x0 .\CortexM3\ARM_GCC_541\Debug\UART.o
 .data          0x00000000        0x0 .\CortexM3\ARM_GCC_541\Debug\UART.o
 .bss           0x00000000        0x0 .\CortexM3\ARM_GCC_541\Debug\UART.o
 .text          0x00000000        0x0 .\CortexM3\ARM_GCC_541\Debug\main.o
 .data          0x00000000        0x0 .\CortexM3\ARM_GCC_541\Debug\main.o
 .bss           0x00000000        0x0 .\CortexM3\ARM_GCC_541\Debug\main.o
 .text          0x00000000        0x0 .\CortexM3\ARM_GCC_541\Debug\cyfitter_cfg.o
 .data          0x00000000        0x0 .\CortexM3\ARM_GCC_541\Debug\cyfitter_cfg.o
 .bss           0x00000000        0x0 .\CortexM3\ARM_GCC_541\Debug\cyfitter_cfg.o
 .text.SetAnalogRoutingPumps
                0x00000000       0x10 .\CortexM3\ARM_GCC_541\Debug\cyfitter_cfg.o
 .text          0x00000000        0x0 .\CortexM3\ARM_GCC_541\Debug\cymetadata.o
 .data          0x00000000        0x0 .\CortexM3\ARM_GCC_541\Debug\cymetadata.o
 .bss           0x00000000        0x0 .\CortexM3\ARM_GCC_541\Debug\cymetadata.o
 .text          0x00000000        0x0 .\CortexM3\ARM_GCC_541\Debug\Cm3Start.o
 .data          0x00000000        0x4 .\CortexM3\ARM_GCC_541\Debug\Cm3Start.o
 .bss           0x00000000        0x0 .\CortexM3\ARM_GCC_541\Debug\Cm3Start.o
 .text._exit    0x00000000        0xc .\CortexM3\ARM_GCC_541\Debug\Cm3Start.o
 .text._sbrk    0x00000000       0x30 .\CortexM3\ARM_GCC_541\Debug\Cm3Start.o
 .text          0x00000000        0x0 .\CortexM3\ARM_GCC_541\Debug\BMS_Master.a(Vehicle_CAN_TX_RX_func.o)
 .data          0x00000000        0x0 .\CortexM3\ARM_GCC_541\Debug\BMS_Master.a(Vehicle_CAN_TX_RX_func.o)
 .bss           0x00000000        0x0 .\CortexM3\ARM_GCC_541\Debug\BMS_Master.a(Vehicle_CAN_TX_RX_func.o)
 .text.Vehicle_CAN_SendMsg
                0x00000000       0xdc .\CortexM3\ARM_GCC_541\Debug\BMS_Master.a(Vehicle_CAN_TX_RX_func.o)
 .text.Vehicle_CAN_TxCancel
                0x00000000       0x1c .\CortexM3\ARM_GCC_541\Debug\BMS_Master.a(Vehicle_CAN_TX_RX_func.o)
 .text.Vehicle_CAN_SendMsg0
                0x00000000       0x20 .\CortexM3\ARM_GCC_541\Debug\BMS_Master.a(Vehicle_CAN_TX_RX_func.o)
 .text.Vehicle_CAN_SendMsg1
                0x00000000       0x20 .\CortexM3\ARM_GCC_541\Debug\BMS_Master.a(Vehicle_CAN_TX_RX_func.o)
 .text.Vehicle_CAN_SendMsg2
                0x00000000       0x20 .\CortexM3\ARM_GCC_541\Debug\BMS_Master.a(Vehicle_CAN_TX_RX_func.o)
 .text.Vehicle_CAN_ReceiveMsg
                0x00000000       0x1c .\CortexM3\ARM_GCC_541\Debug\BMS_Master.a(Vehicle_CAN_TX_RX_func.o)
 .text.Vehicle_CAN_ReceiveMsg0
                0x00000000       0x10 .\CortexM3\ARM_GCC_541\Debug\BMS_Master.a(Vehicle_CAN_TX_RX_func.o)
 .text.Vehicle_CAN_ReceiveMsg1
                0x00000000       0x10 .\CortexM3\ARM_GCC_541\Debug\BMS_Master.a(Vehicle_CAN_TX_RX_func.o)
 .text.Vehicle_CAN_ReceiveMsg2
                0x00000000       0x10 .\CortexM3\ARM_GCC_541\Debug\BMS_Master.a(Vehicle_CAN_TX_RX_func.o)
 .text.Vehicle_CAN_ReceiveMsg3
                0x00000000       0x10 .\CortexM3\ARM_GCC_541\Debug\BMS_Master.a(Vehicle_CAN_TX_RX_func.o)
 .text.Vehicle_CAN_ReceiveMsg4
                0x00000000       0x10 .\CortexM3\ARM_GCC_541\Debug\BMS_Master.a(Vehicle_CAN_TX_RX_func.o)
 .text.Vehicle_CAN_ReceiveMsg5
                0x00000000       0x10 .\CortexM3\ARM_GCC_541\Debug\BMS_Master.a(Vehicle_CAN_TX_RX_func.o)
 .text          0x00000000        0x0 .\CortexM3\ARM_GCC_541\Debug\BMS_Master.a(UART_DBG.o)
 .data          0x00000000        0x0 .\CortexM3\ARM_GCC_541\Debug\BMS_Master.a(UART_DBG.o)
 .text.UART_DBG_Stop
                0x00000000       0x3c .\CortexM3\ARM_GCC_541\Debug\BMS_Master.a(UART_DBG.o)
 .text.UART_DBG_ReadControlRegister
                0x00000000        0x4 .\CortexM3\ARM_GCC_541\Debug\BMS_Master.a(UART_DBG.o)
 .text.UART_DBG_WriteControlRegister
                0x00000000        0x4 .\CortexM3\ARM_GCC_541\Debug\BMS_Master.a(UART_DBG.o)
 .text.UART_DBG_SetRxInterruptMode
                0x00000000        0xc .\CortexM3\ARM_GCC_541\Debug\BMS_Master.a(UART_DBG.o)
 .text.UART_DBG_ReadRxData
                0x00000000        0xc .\CortexM3\ARM_GCC_541\Debug\BMS_Master.a(UART_DBG.o)
 .text.UART_DBG_ReadRxStatus
                0x00000000       0x10 .\CortexM3\ARM_GCC_541\Debug\BMS_Master.a(UART_DBG.o)
 .text.UART_DBG_GetByte
                0x00000000       0x14 .\CortexM3\ARM_GCC_541\Debug\BMS_Master.a(UART_DBG.o)
 .text.UART_DBG_GetRxBufferSize
                0x00000000       0x18 .\CortexM3\ARM_GCC_541\Debug\BMS_Master.a(UART_DBG.o)
 .text.UART_DBG_ClearRxBuffer
                0x00000000       0x24 .\CortexM3\ARM_GCC_541\Debug\BMS_Master.a(UART_DBG.o)
 .text.UART_DBG_SetRxAddressMode
                0x00000000        0x4 .\CortexM3\ARM_GCC_541\Debug\BMS_Master.a(UART_DBG.o)
 .text.UART_DBG_SetRxAddress1
                0x00000000        0xc .\CortexM3\ARM_GCC_541\Debug\BMS_Master.a(UART_DBG.o)
 .text.UART_DBG_SetRxAddress2
                0x00000000        0xc .\CortexM3\ARM_GCC_541\Debug\BMS_Master.a(UART_DBG.o)
 .text.UART_DBG_SetTxInterruptMode
                0x00000000        0xc .\CortexM3\ARM_GCC_541\Debug\BMS_Master.a(UART_DBG.o)
 .text.UART_DBG_WriteTxData
                0x00000000       0x14 .\CortexM3\ARM_GCC_541\Debug\BMS_Master.a(UART_DBG.o)
 .text.UART_DBG_ReadTxStatus
                0x00000000        0xc .\CortexM3\ARM_GCC_541\Debug\BMS_Master.a(UART_DBG.o)
 .text.UART_DBG_PutArray
                0x00000000       0x28 .\CortexM3\ARM_GCC_541\Debug\BMS_Master.a(UART_DBG.o)
 .text.UART_DBG_PutCRLF
                0x00000000       0x20 .\CortexM3\ARM_GCC_541\Debug\BMS_Master.a(UART_DBG.o)
 .text.UART_DBG_GetTxBufferSize
                0x00000000       0x24 .\CortexM3\ARM_GCC_541\Debug\BMS_Master.a(UART_DBG.o)
 .text.UART_DBG_ClearTxBuffer
                0x00000000       0x24 .\CortexM3\ARM_GCC_541\Debug\BMS_Master.a(UART_DBG.o)
 .text.UART_DBG_SendBreak
                0x00000000       0x58 .\CortexM3\ARM_GCC_541\Debug\BMS_Master.a(UART_DBG.o)
 .text.UART_DBG_SetTxAddressMode
                0x00000000        0x4 .\CortexM3\ARM_GCC_541\Debug\BMS_Master.a(UART_DBG.o)
 .text          0x00000000        0x0 .\CortexM3\ARM_GCC_541\Debug\BMS_Master.a(UART_DBG_IntClock.o)
 .data          0x00000000        0x0 .\CortexM3\ARM_GCC_541\Debug\BMS_Master.a(UART_DBG_IntClock.o)
 .bss           0x00000000        0x0 .\CortexM3\ARM_GCC_541\Debug\BMS_Master.a(UART_DBG_IntClock.o)
 .text.UART_DBG_IntClock_Stop
                0x00000000       0x1c .\CortexM3\ARM_GCC_541\Debug\BMS_Master.a(UART_DBG_IntClock.o)
 .text.UART_DBG_IntClock_StopBlock
                0x00000000       0x6c .\CortexM3\ARM_GCC_541\Debug\BMS_Master.a(UART_DBG_IntClock.o)
 .text.UART_DBG_IntClock_StandbyPower
                0x00000000       0x20 .\CortexM3\ARM_GCC_541\Debug\BMS_Master.a(UART_DBG_IntClock.o)
 .text.UART_DBG_IntClock_GetDividerRegister
                0x00000000        0xc .\CortexM3\ARM_GCC_541\Debug\BMS_Master.a(UART_DBG_IntClock.o)
 .text.UART_DBG_IntClock_SetModeRegister
                0x00000000       0x14 .\CortexM3\ARM_GCC_541\Debug\BMS_Master.a(UART_DBG_IntClock.o)
 .text.UART_DBG_IntClock_ClearModeRegister
                0x00000000       0x18 .\CortexM3\ARM_GCC_541\Debug\BMS_Master.a(UART_DBG_IntClock.o)
 .text.UART_DBG_IntClock_GetModeRegister
                0x00000000       0x10 .\CortexM3\ARM_GCC_541\Debug\BMS_Master.a(UART_DBG_IntClock.o)
 .text.UART_DBG_IntClock_GetSourceRegister
                0x00000000       0x10 .\CortexM3\ARM_GCC_541\Debug\BMS_Master.a(UART_DBG_IntClock.o)
 .text.UART_DBG_IntClock_SetDividerRegister
                0x00000000       0xdc .\CortexM3\ARM_GCC_541\Debug\BMS_Master.a(UART_DBG_IntClock.o)
 .text.UART_DBG_IntClock_SetSourceRegister
                0x00000000       0x5c .\CortexM3\ARM_GCC_541\Debug\BMS_Master.a(UART_DBG_IntClock.o)
 .text          0x00000000        0x0 .\CortexM3\ARM_GCC_541\Debug\BMS_Master.a(CyLib.o)
 .bss           0x00000000       0x1c .\CortexM3\ARM_GCC_541\Debug\BMS_Master.a(CyLib.o)
 .text.CyUSB_PowerOnCheck
                0x00000000       0x48 .\CortexM3\ARM_GCC_541\Debug\BMS_Master.a(CyLib.o)
 .text.CyBusClk_Internal_SetDivider
                0x00000000       0x48 .\CortexM3\ARM_GCC_541\Debug\BMS_Master.a(CyLib.o)
 .text.CyPLL_OUT_Stop
                0x00000000       0x10 .\CortexM3\ARM_GCC_541\Debug\BMS_Master.a(CyLib.o)
 .text.CyIMO_Stop
                0x00000000       0x1c .\CortexM3\ARM_GCC_541\Debug\BMS_Master.a(CyLib.o)
 .text.CyIMO_EnableDoubler
                0x00000000       0x10 .\CortexM3\ARM_GCC_541\Debug\BMS_Master.a(CyLib.o)
 .text.CyIMO_DisableDoubler
                0x00000000       0x10 .\CortexM3\ARM_GCC_541\Debug\BMS_Master.a(CyLib.o)
 .text.CyMasterClk_SetSource
                0x00000000       0x18 .\CortexM3\ARM_GCC_541\Debug\BMS_Master.a(CyLib.o)
 .text.CyMasterClk_SetDivider
                0x00000000        0xc .\CortexM3\ARM_GCC_541\Debug\BMS_Master.a(CyLib.o)
 .text.CyBusClk_SetDivider
                0x00000000       0x70 .\CortexM3\ARM_GCC_541\Debug\BMS_Master.a(CyLib.o)
 .text.CyUsbClk_SetSource
                0x00000000       0x18 .\CortexM3\ARM_GCC_541\Debug\BMS_Master.a(CyLib.o)
 .text.CyILO_Start1K
                0x00000000       0x10 .\CortexM3\ARM_GCC_541\Debug\BMS_Master.a(CyLib.o)
 .text.CyILO_Stop1K
                0x00000000       0x10 .\CortexM3\ARM_GCC_541\Debug\BMS_Master.a(CyLib.o)
 .text.CyILO_Start100K
                0x00000000       0x10 .\CortexM3\ARM_GCC_541\Debug\BMS_Master.a(CyLib.o)
 .text.CyILO_Stop100K
                0x00000000       0x10 .\CortexM3\ARM_GCC_541\Debug\BMS_Master.a(CyLib.o)
 .text.CyPLL_OUT_Start
                0x00000000       0x78 .\CortexM3\ARM_GCC_541\Debug\BMS_Master.a(CyLib.o)
 .text.CyIMO_Start
                0x00000000       0x60 .\CortexM3\ARM_GCC_541\Debug\BMS_Master.a(CyLib.o)
 .text.CyILO_Enable33K
                0x00000000       0x10 .\CortexM3\ARM_GCC_541\Debug\BMS_Master.a(CyLib.o)
 .text.CyILO_Disable33K
                0x00000000       0x10 .\CortexM3\ARM_GCC_541\Debug\BMS_Master.a(CyLib.o)
 .text.CyILO_SetSource
                0x00000000       0x18 .\CortexM3\ARM_GCC_541\Debug\BMS_Master.a(CyLib.o)
 .text.CyILO_SetPowerMode
                0x00000000       0x24 .\CortexM3\ARM_GCC_541\Debug\BMS_Master.a(CyLib.o)
 .text.CyXTAL_32KHZ_Stop
                0x00000000       0x30 .\CortexM3\ARM_GCC_541\Debug\BMS_Master.a(CyLib.o)
 .text.CyXTAL_32KHZ_ReadStatus
                0x00000000       0x10 .\CortexM3\ARM_GCC_541\Debug\BMS_Master.a(CyLib.o)
 .text.CyXTAL_Start
                0x00000000       0xac .\CortexM3\ARM_GCC_541\Debug\BMS_Master.a(CyLib.o)
 .text.CyXTAL_Stop
                0x00000000       0x10 .\CortexM3\ARM_GCC_541\Debug\BMS_Master.a(CyLib.o)
 .text.CyXTAL_EnableErrStatus
                0x00000000       0x10 .\CortexM3\ARM_GCC_541\Debug\BMS_Master.a(CyLib.o)
 .text.CyXTAL_DisableErrStatus
                0x00000000       0x10 .\CortexM3\ARM_GCC_541\Debug\BMS_Master.a(CyLib.o)
 .text.CyXTAL_ReadStatus
                0x00000000       0x18 .\CortexM3\ARM_GCC_541\Debug\BMS_Master.a(CyLib.o)
 .text.CyXTAL_EnableFaultRecovery
                0x00000000       0x10 .\CortexM3\ARM_GCC_541\Debug\BMS_Master.a(CyLib.o)
 .text.CyXTAL_DisableFaultRecovery
                0x00000000       0x10 .\CortexM3\ARM_GCC_541\Debug\BMS_Master.a(CyLib.o)
 .text.CyXTAL_SetStartup
                0x00000000       0x18 .\CortexM3\ARM_GCC_541\Debug\BMS_Master.a(CyLib.o)
 .text.CyXTAL_SetFbVoltage
                0x00000000       0x18 .\CortexM3\ARM_GCC_541\Debug\BMS_Master.a(CyLib.o)
 .text.CyXTAL_SetWdVoltage
                0x00000000       0x18 .\CortexM3\ARM_GCC_541\Debug\BMS_Master.a(CyLib.o)
 .text.CyHalt   0x00000000        0x4 .\CortexM3\ARM_GCC_541\Debug\BMS_Master.a(CyLib.o)
 .text.CyPLL_OUT_SetPQ
                0x00000000       0x60 .\CortexM3\ARM_GCC_541\Debug\BMS_Master.a(CyLib.o)
 .text.CyPLL_OUT_SetSource
                0x00000000       0x34 .\CortexM3\ARM_GCC_541\Debug\BMS_Master.a(CyLib.o)
 .text.CyIMO_SetTrimValue
                0x00000000       0xcc .\CortexM3\ARM_GCC_541\Debug\BMS_Master.a(CyLib.o)
 .text.CyIMO_SetFreq
                0x00000000       0xf4 .\CortexM3\ARM_GCC_541\Debug\BMS_Master.a(CyLib.o)
 .text.CyIMO_SetSource
                0x00000000       0x58 .\CortexM3\ARM_GCC_541\Debug\BMS_Master.a(CyLib.o)
 .text.CySoftwareReset
                0x00000000       0x10 .\CortexM3\ARM_GCC_541\Debug\BMS_Master.a(CyLib.o)
 .text.CyDelayUs
                0x00000000       0x14 .\CortexM3\ARM_GCC_541\Debug\BMS_Master.a(CyLib.o)
 .text.CyXTAL_32KHZ_SetPowerMode
                0x00000000       0x84 .\CortexM3\ARM_GCC_541\Debug\BMS_Master.a(CyLib.o)
 .text.CyXTAL_32KHZ_Start
                0x00000000       0x74 .\CortexM3\ARM_GCC_541\Debug\BMS_Master.a(CyLib.o)
 .text.CyDelayFreq
                0x00000000       0x4c .\CortexM3\ARM_GCC_541\Debug\BMS_Master.a(CyLib.o)
 .text.CyWdtStart
                0x00000000       0x40 .\CortexM3\ARM_GCC_541\Debug\BMS_Master.a(CyLib.o)
 .text.CyWdtClear
                0x00000000        0xc .\CortexM3\ARM_GCC_541\Debug\BMS_Master.a(CyLib.o)
 .text.CyVdStickyStatus
                0x00000000       0x2c .\CortexM3\ARM_GCC_541\Debug\BMS_Master.a(CyLib.o)
 .text.CyVdLvDigitEnable
                0x00000000       0x84 .\CortexM3\ARM_GCC_541\Debug\BMS_Master.a(CyLib.o)
 .text.CyVdLvAnalogEnable
                0x00000000       0x80 .\CortexM3\ARM_GCC_541\Debug\BMS_Master.a(CyLib.o)
 .text.CyVdLvDigitDisable
                0x00000000       0x30 .\CortexM3\ARM_GCC_541\Debug\BMS_Master.a(CyLib.o)
 .text.CyVdLvAnalogDisable
                0x00000000       0x28 .\CortexM3\ARM_GCC_541\Debug\BMS_Master.a(CyLib.o)
 .text.CyVdHvAnalogEnable
                0x00000000       0x54 .\CortexM3\ARM_GCC_541\Debug\BMS_Master.a(CyLib.o)
 .text.CyVdHvAnalogDisable
                0x00000000       0x20 .\CortexM3\ARM_GCC_541\Debug\BMS_Master.a(CyLib.o)
 .text.CyVdRealTimeStatus
                0x00000000       0x1c .\CortexM3\ARM_GCC_541\Debug\BMS_Master.a(CyLib.o)
 .text.CyDisableInts
                0x00000000       0x1c .\CortexM3\ARM_GCC_541\Debug\BMS_Master.a(CyLib.o)
 .text.CyEnableInts
                0x00000000       0x18 .\CortexM3\ARM_GCC_541\Debug\BMS_Master.a(CyLib.o)
 .text.CyFlushCache
                0x00000000       0x44 .\CortexM3\ARM_GCC_541\Debug\BMS_Master.a(CyLib.o)
 .text.CyIntSetSysVector
                0x00000000       0x28 .\CortexM3\ARM_GCC_541\Debug\BMS_Master.a(CyLib.o)
 .text.CyIntGetSysVector
                0x00000000       0x20 .\CortexM3\ARM_GCC_541\Debug\BMS_Master.a(CyLib.o)
 .text.CyIntSetVector
                0x00000000       0x28 .\CortexM3\ARM_GCC_541\Debug\BMS_Master.a(CyLib.o)
 .text.CyIntGetVector
                0x00000000       0x24 .\CortexM3\ARM_GCC_541\Debug\BMS_Master.a(CyLib.o)
 .text.CyIntSetPriority
                0x00000000       0x30 .\CortexM3\ARM_GCC_541\Debug\BMS_Master.a(CyLib.o)
 .text.CyIntGetPriority
                0x00000000       0x20 .\CortexM3\ARM_GCC_541\Debug\BMS_Master.a(CyLib.o)
 .text.CyIntGetState
                0x00000000       0x24 .\CortexM3\ARM_GCC_541\Debug\BMS_Master.a(CyLib.o)
 .text.CySysTickStop
                0x00000000       0x10 .\CortexM3\ARM_GCC_541\Debug\BMS_Master.a(CyLib.o)
 .text.CySysTickEnableInterrupt
                0x00000000       0x10 .\CortexM3\ARM_GCC_541\Debug\BMS_Master.a(CyLib.o)
 .text.CySysTickEnable
                0x00000000       0x18 .\CortexM3\ARM_GCC_541\Debug\BMS_Master.a(CyLib.o)
 .text.CySysTickDisableInterrupt
                0x00000000       0x10 .\CortexM3\ARM_GCC_541\Debug\BMS_Master.a(CyLib.o)
 .text.CySysTickSetReload
                0x00000000       0x10 .\CortexM3\ARM_GCC_541\Debug\BMS_Master.a(CyLib.o)
 .text.CySysTickGetReload
                0x00000000       0x10 .\CortexM3\ARM_GCC_541\Debug\BMS_Master.a(CyLib.o)
 .text.CySysTickGetValue
                0x00000000       0x10 .\CortexM3\ARM_GCC_541\Debug\BMS_Master.a(CyLib.o)
 .text.CySysTickSetClockSource
                0x00000000       0x20 .\CortexM3\ARM_GCC_541\Debug\BMS_Master.a(CyLib.o)
 .text.CySysTickGetClockSource
                0x00000000       0x10 .\CortexM3\ARM_GCC_541\Debug\BMS_Master.a(CyLib.o)
 .text.CySysTickGetCountFlag
                0x00000000       0x10 .\CortexM3\ARM_GCC_541\Debug\BMS_Master.a(CyLib.o)
 .text.CySysTickServiceCallbacks
                0x00000000       0x28 .\CortexM3\ARM_GCC_541\Debug\BMS_Master.a(CyLib.o)
 .text.CySysTickClear
                0x00000000        0xc .\CortexM3\ARM_GCC_541\Debug\BMS_Master.a(CyLib.o)
 .text.CySysTickInit
                0x00000000       0x58 .\CortexM3\ARM_GCC_541\Debug\BMS_Master.a(CyLib.o)
 .text.CySysTickStart
                0x00000000       0x1c .\CortexM3\ARM_GCC_541\Debug\BMS_Master.a(CyLib.o)
 .text.CySysTickSetCallback
                0x00000000       0x10 .\CortexM3\ARM_GCC_541\Debug\BMS_Master.a(CyLib.o)
 .text.CySysTickGetCallback
                0x00000000       0x10 .\CortexM3\ARM_GCC_541\Debug\BMS_Master.a(CyLib.o)
 .text.CyGetUniqueId
                0x00000000       0x70 .\CortexM3\ARM_GCC_541\Debug\BMS_Master.a(CyLib.o)
 .text          0x00000000        0x0 .\CortexM3\ARM_GCC_541\Debug\BMS_Master.a(cyPm.o)
 .data          0x00000000        0x0 .\CortexM3\ARM_GCC_541\Debug\BMS_Master.a(cyPm.o)
 .bss           0x00000000       0x43 .\CortexM3\ARM_GCC_541\Debug\BMS_Master.a(cyPm.o)
 .text.CyPmHibSlpSaveSet
                0x00000000      0x1dc .\CortexM3\ARM_GCC_541\Debug\BMS_Master.a(cyPm.o)
 .text.CyPmHibSlpRestore
                0x00000000       0xd8 .\CortexM3\ARM_GCC_541\Debug\BMS_Master.a(cyPm.o)
 .text.CyPmHviLviSaveDisable
                0x00000000       0xa0 .\CortexM3\ARM_GCC_541\Debug\BMS_Master.a(cyPm.o)
 .text.CyPmHibSaveSet
                0x00000000       0x98 .\CortexM3\ARM_GCC_541\Debug\BMS_Master.a(cyPm.o)
 .text.CyPmHviLviRestore
                0x00000000       0x48 .\CortexM3\ARM_GCC_541\Debug\BMS_Master.a(cyPm.o)
 .text.CyPmHibRestore
                0x00000000       0x60 .\CortexM3\ARM_GCC_541\Debug\BMS_Master.a(cyPm.o)
 .text.CyPmSaveClocks
                0x00000000      0x218 .\CortexM3\ARM_GCC_541\Debug\BMS_Master.a(cyPm.o)
 .text.CyPmRestoreClocks
                0x00000000      0x24c .\CortexM3\ARM_GCC_541\Debug\BMS_Master.a(cyPm.o)
 .text.CyPmAltAct
                0x00000000       0x6c .\CortexM3\ARM_GCC_541\Debug\BMS_Master.a(cyPm.o)
 .text.CyPmSleep
                0x00000000       0xf4 .\CortexM3\ARM_GCC_541\Debug\BMS_Master.a(cyPm.o)
 .text.CyPmHibernateEx
                0x00000000       0xf4 .\CortexM3\ARM_GCC_541\Debug\BMS_Master.a(cyPm.o)
 .text.CyPmHibernate
                0x00000000        0xc .\CortexM3\ARM_GCC_541\Debug\BMS_Master.a(cyPm.o)
 .text.CyPmReadStatus
                0x00000000       0x30 .\CortexM3\ARM_GCC_541\Debug\BMS_Master.a(cyPm.o)
 .text.CyPmCtwSetInterval
                0x00000000       0x5c .\CortexM3\ARM_GCC_541\Debug\BMS_Master.a(cyPm.o)
 .text.CyPmOppsSet
                0x00000000       0x2c .\CortexM3\ARM_GCC_541\Debug\BMS_Master.a(cyPm.o)
 .text.CyPmFtwSetInterval
                0x00000000       0x5c .\CortexM3\ARM_GCC_541\Debug\BMS_Master.a(cyPm.o)
 .rodata        0x00000000        0xf .\CortexM3\ARM_GCC_541\Debug\BMS_Master.a(cyPm.o)
 .text          0x00000000        0x0 .\CortexM3\ARM_GCC_541\Debug\BMS_Master.a(doBMS_RelayPreCharge.o)
 .data          0x00000000        0x0 .\CortexM3\ARM_GCC_541\Debug\BMS_Master.a(doBMS_RelayPreCharge.o)
 .bss           0x00000000        0x0 .\CortexM3\ARM_GCC_541\Debug\BMS_Master.a(doBMS_RelayPreCharge.o)
 .text.doBMS_RelayPreCharge_SetDriveMode
                0x00000000       0x18 .\CortexM3\ARM_GCC_541\Debug\BMS_Master.a(doBMS_RelayPreCharge.o)
 .text.doBMS_RelayPreCharge_Read
                0x00000000       0x10 .\CortexM3\ARM_GCC_541\Debug\BMS_Master.a(doBMS_RelayPreCharge.o)
 .text.doBMS_RelayPreCharge_ReadDataReg
                0x00000000       0x10 .\CortexM3\ARM_GCC_541\Debug\BMS_Master.a(doBMS_RelayPreCharge.o)
 .text          0x00000000        0x0 .\CortexM3\ARM_GCC_541\Debug\BMS_Master.a(Global_Timer.o)
 .data          0x00000000        0x0 .\CortexM3\ARM_GCC_541\Debug\BMS_Master.a(Global_Timer.o)
 .bss           0x00000000        0x1 .\CortexM3\ARM_GCC_541\Debug\BMS_Master.a(Global_Timer.o)
 .text.Global_Timer_Enable
                0x00000000        0x4 .\CortexM3\ARM_GCC_541\Debug\BMS_Master.a(Global_Timer.o)
 .text.Global_Timer_Stop
                0x00000000        0x4 .\CortexM3\ARM_GCC_541\Debug\BMS_Master.a(Global_Timer.o)
 .text.Global_Timer_SetInterruptMode
                0x00000000        0xc .\CortexM3\ARM_GCC_541\Debug\BMS_Master.a(Global_Timer.o)
 .text.Global_Timer_SoftwareCapture
                0x00000000        0xc .\CortexM3\ARM_GCC_541\Debug\BMS_Master.a(Global_Timer.o)
 .text.Global_Timer_ReadStatusRegister
                0x00000000        0xc .\CortexM3\ARM_GCC_541\Debug\BMS_Master.a(Global_Timer.o)
 .text.Global_Timer_ReadPeriod
                0x00000000        0xc .\CortexM3\ARM_GCC_541\Debug\BMS_Master.a(Global_Timer.o)
 .text.Global_Timer_WritePeriod
                0x00000000        0xc .\CortexM3\ARM_GCC_541\Debug\BMS_Master.a(Global_Timer.o)
 .text.Global_Timer_ReadCapture
                0x00000000        0xc .\CortexM3\ARM_GCC_541\Debug\BMS_Master.a(Global_Timer.o)
 .text.Global_Timer_WriteCounter
                0x00000000        0xc .\CortexM3\ARM_GCC_541\Debug\BMS_Master.a(Global_Timer.o)
 .text.Global_Timer_ReadCounter
                0x00000000       0x14 .\CortexM3\ARM_GCC_541\Debug\BMS_Master.a(Global_Timer.o)
 .text.Global_Timer_ClearFIFO
                0x00000000       0x14 .\CortexM3\ARM_GCC_541\Debug\BMS_Master.a(Global_Timer.o)
 .text.Global_Timer_Init
                0x00000000       0x34 .\CortexM3\ARM_GCC_541\Debug\BMS_Master.a(Global_Timer.o)
 .text.Global_Timer_Start
                0x00000000       0x18 .\CortexM3\ARM_GCC_541\Debug\BMS_Master.a(Global_Timer.o)
 .text          0x00000000        0x0 .\CortexM3\ARM_GCC_541\Debug\BMS_Master.a(isr_RxUart.o)
 .data          0x00000000        0x0 .\CortexM3\ARM_GCC_541\Debug\BMS_Master.a(isr_RxUart.o)
 .bss           0x00000000        0x0 .\CortexM3\ARM_GCC_541\Debug\BMS_Master.a(isr_RxUart.o)
 .text.isr_RxUart_Interrupt
                0x00000000        0x4 .\CortexM3\ARM_GCC_541\Debug\BMS_Master.a(isr_RxUart.o)
 .text.isr_RxUart_GetVector
                0x00000000        0xc .\CortexM3\ARM_GCC_541\Debug\BMS_Master.a(isr_RxUart.o)
 .text.isr_RxUart_GetPriority
                0x00000000        0xc .\CortexM3\ARM_GCC_541\Debug\BMS_Master.a(isr_RxUart.o)
 .text.isr_RxUart_GetState
                0x00000000       0x10 .\CortexM3\ARM_GCC_541\Debug\BMS_Master.a(isr_RxUart.o)
 .text.isr_RxUart_Start
                0x00000000       0x1c .\CortexM3\ARM_GCC_541\Debug\BMS_Master.a(isr_RxUart.o)
 .text.isr_RxUart_Stop
                0x00000000       0x14 .\CortexM3\ARM_GCC_541\Debug\BMS_Master.a(isr_RxUart.o)
 .text.isr_RxUart_SetPending
                0x00000000        0xc .\CortexM3\ARM_GCC_541\Debug\BMS_Master.a(isr_RxUart.o)
 .data          0x00000000        0x0 .\CortexM3\ARM_GCC_541\Debug\BMS_Master.a(CyBootAsmGnu.o)
 .bss           0x00000000        0x0 .\CortexM3\ARM_GCC_541\Debug\BMS_Master.a(CyBootAsmGnu.o)
 .text          0x00000000        0x0 .\CortexM3\ARM_GCC_541\Debug\BMS_Master.a(CyFlash.o)
 .data          0x00000000        0x0 .\CortexM3\ARM_GCC_541\Debug\BMS_Master.a(CyFlash.o)
 .bss           0x00000000        0x0 .\CortexM3\ARM_GCC_541\Debug\BMS_Master.a(CyFlash.o)
 .text.CySetTempInt
                0x00000000       0x60 .\CortexM3\ARM_GCC_541\Debug\BMS_Master.a(CyFlash.o)
 .text.CyFlash_Start
                0x00000000       0x54 .\CortexM3\ARM_GCC_541\Debug\BMS_Master.a(CyFlash.o)
 .text.CyFlash_Stop
                0x00000000       0x24 .\CortexM3\ARM_GCC_541\Debug\BMS_Master.a(CyFlash.o)
 .text.CyFlash_EraseRow
                0x00000000       0x78 .\CortexM3\ARM_GCC_541\Debug\BMS_Master.a(CyFlash.o)
 .text.CyFlashGetSpcAlgorithm
                0x00000000       0x4c .\CortexM3\ARM_GCC_541\Debug\BMS_Master.a(CyFlash.o)
 .text.CySetTemp
                0x00000000       0x14 .\CortexM3\ARM_GCC_541\Debug\BMS_Master.a(CyFlash.o)
 .text.CySetFlashEEBuffer
                0x00000000       0x20 .\CortexM3\ARM_GCC_541\Debug\BMS_Master.a(CyFlash.o)
 .text.CyWriteRowFull
                0x00000000       0xf8 .\CortexM3\ARM_GCC_541\Debug\BMS_Master.a(CyFlash.o)
 .text.CyWriteRowData
                0x00000000       0x14 .\CortexM3\ARM_GCC_541\Debug\BMS_Master.a(CyFlash.o)
 .text.CyFlash_SetWaitCycles
                0x00000000       0x7c .\CortexM3\ARM_GCC_541\Debug\BMS_Master.a(CyFlash.o)
 .text.CyEEPROM_Start
                0x00000000       0x54 .\CortexM3\ARM_GCC_541\Debug\BMS_Master.a(CyFlash.o)
 .text.CyEEPROM_Stop
                0x00000000       0x24 .\CortexM3\ARM_GCC_541\Debug\BMS_Master.a(CyFlash.o)
 .text.CyEEPROM_ReadReserve
                0x00000000       0x1c .\CortexM3\ARM_GCC_541\Debug\BMS_Master.a(CyFlash.o)
 .text.CyEEPROM_ReadRelease
                0x00000000       0x10 .\CortexM3\ARM_GCC_541\Debug\BMS_Master.a(CyFlash.o)
 COMMON         0x00000000        0x2 .\CortexM3\ARM_GCC_541\Debug\BMS_Master.a(CyFlash.o)
 .text          0x00000000        0x0 .\CortexM3\ARM_GCC_541\Debug\BMS_Master.a(CySpc.o)
 .data          0x00000000        0x0 .\CortexM3\ARM_GCC_541\Debug\BMS_Master.a(CySpc.o)
 .bss           0x00000000        0x8 .\CortexM3\ARM_GCC_541\Debug\BMS_Master.a(CySpc.o)
 .text.CySpcStart
                0x00000000       0x24 .\CortexM3\ARM_GCC_541\Debug\BMS_Master.a(CySpc.o)
 .text.CySpcStop
                0x00000000       0x24 .\CortexM3\ARM_GCC_541\Debug\BMS_Master.a(CySpc.o)
 .text.CySpcReadData
                0x00000000       0x34 .\CortexM3\ARM_GCC_541\Debug\BMS_Master.a(CySpc.o)
 .text.CySpcLoadMultiByte
                0x00000000       0x78 .\CortexM3\ARM_GCC_541\Debug\BMS_Master.a(CySpc.o)
 .text.CySpcLoadRow
                0x00000000       0x50 .\CortexM3\ARM_GCC_541\Debug\BMS_Master.a(CySpc.o)
 .text.CySpcLoadRowFull
                0x00000000       0x80 .\CortexM3\ARM_GCC_541\Debug\BMS_Master.a(CySpc.o)
 .text.CySpcWriteRow
                0x00000000       0x4c .\CortexM3\ARM_GCC_541\Debug\BMS_Master.a(CySpc.o)
 .text.CySpcEraseSector
                0x00000000       0x3c .\CortexM3\ARM_GCC_541\Debug\BMS_Master.a(CySpc.o)
 .text.CySpcEraseRow
                0x00000000       0x4c .\CortexM3\ARM_GCC_541\Debug\BMS_Master.a(CySpc.o)
 .text.CySpcGetTemp
                0x00000000       0x3c .\CortexM3\ARM_GCC_541\Debug\BMS_Master.a(CySpc.o)
 .text.CySpcLock
                0x00000000       0x4c .\CortexM3\ARM_GCC_541\Debug\BMS_Master.a(CySpc.o)
 .text.CySpcUnlock
                0x00000000       0x38 .\CortexM3\ARM_GCC_541\Debug\BMS_Master.a(CySpc.o)
 .text.CySpcGetAlgorithm
                0x00000000       0x28 .\CortexM3\ARM_GCC_541\Debug\BMS_Master.a(CySpc.o)
 .text          0x00000000        0x0 c:/program files (x86)/cypress/psoc creator/4.2/psoc creator/import/gnu/arm/5.4.1/bin/../lib/gcc/arm-none-eabi/5.4.1/../../../../arm-none-eabi/lib/armv7-m\libg_nano.a(lib_a-errno.o)
 .data          0x00000000        0x0 c:/program files (x86)/cypress/psoc creator/4.2/psoc creator/import/gnu/arm/5.4.1/bin/../lib/gcc/arm-none-eabi/5.4.1/../../../../arm-none-eabi/lib/armv7-m\libg_nano.a(lib_a-errno.o)
 .bss           0x00000000        0x0 c:/program files (x86)/cypress/psoc creator/4.2/psoc creator/import/gnu/arm/5.4.1/bin/../lib/gcc/arm-none-eabi/5.4.1/../../../../arm-none-eabi/lib/armv7-m\libg_nano.a(lib_a-errno.o)
 .text          0x00000000        0x0 c:/program files (x86)/cypress/psoc creator/4.2/psoc creator/import/gnu/arm/5.4.1/bin/../lib/gcc/arm-none-eabi/5.4.1/../../../../arm-none-eabi/lib/armv7-m\libg_nano.a(lib_a-exit.o)
 .data          0x00000000        0x0 c:/program files (x86)/cypress/psoc creator/4.2/psoc creator/import/gnu/arm/5.4.1/bin/../lib/gcc/arm-none-eabi/5.4.1/../../../../arm-none-eabi/lib/armv7-m\libg_nano.a(lib_a-exit.o)
 .bss           0x00000000        0x0 c:/program files (x86)/cypress/psoc creator/4.2/psoc creator/import/gnu/arm/5.4.1/bin/../lib/gcc/arm-none-eabi/5.4.1/../../../../arm-none-eabi/lib/armv7-m\libg_nano.a(lib_a-exit.o)
 .text.exit     0x00000000       0x28 c:/program files (x86)/cypress/psoc creator/4.2/psoc creator/import/gnu/arm/5.4.1/bin/../lib/gcc/arm-none-eabi/5.4.1/../../../../arm-none-eabi/lib/armv7-m\libg_nano.a(lib_a-exit.o)
 .text          0x00000000        0x0 c:/program files (x86)/cypress/psoc creator/4.2/psoc creator/import/gnu/arm/5.4.1/bin/../lib/gcc/arm-none-eabi/5.4.1/../../../../arm-none-eabi/lib/armv7-m\libg_nano.a(lib_a-impure.o)
 .data          0x00000000        0x0 c:/program files (x86)/cypress/psoc creator/4.2/psoc creator/import/gnu/arm/5.4.1/bin/../lib/gcc/arm-none-eabi/5.4.1/../../../../arm-none-eabi/lib/armv7-m\libg_nano.a(lib_a-impure.o)
 .bss           0x00000000        0x0 c:/program files (x86)/cypress/psoc creator/4.2/psoc creator/import/gnu/arm/5.4.1/bin/../lib/gcc/arm-none-eabi/5.4.1/../../../../arm-none-eabi/lib/armv7-m\libg_nano.a(lib_a-impure.o)
 .rodata._global_impure_ptr
                0x00000000        0x4 c:/program files (x86)/cypress/psoc creator/4.2/psoc creator/import/gnu/arm/5.4.1/bin/../lib/gcc/arm-none-eabi/5.4.1/../../../../arm-none-eabi/lib/armv7-m\libg_nano.a(lib_a-impure.o)
 .text          0x00000000        0x0 c:/program files (x86)/cypress/psoc creator/4.2/psoc creator/import/gnu/arm/5.4.1/bin/../lib/gcc/arm-none-eabi/5.4.1/../../../../arm-none-eabi/lib/armv7-m\libg_nano.a(lib_a-init.o)
 .data          0x00000000        0x0 c:/program files (x86)/cypress/psoc creator/4.2/psoc creator/import/gnu/arm/5.4.1/bin/../lib/gcc/arm-none-eabi/5.4.1/../../../../arm-none-eabi/lib/armv7-m\libg_nano.a(lib_a-init.o)
 .bss           0x00000000        0x0 c:/program files (x86)/cypress/psoc creator/4.2/psoc creator/import/gnu/arm/5.4.1/bin/../lib/gcc/arm-none-eabi/5.4.1/../../../../arm-none-eabi/lib/armv7-m\libg_nano.a(lib_a-init.o)
 .text          0x00000000        0x0 c:/program files (x86)/cypress/psoc creator/4.2/psoc creator/import/gnu/arm/5.4.1/bin/../lib/gcc/arm-none-eabi/5.4.1/../../../../arm-none-eabi/lib/armv7-m\libg_nano.a(lib_a-memcpy-stub.o)
 .data          0x00000000        0x0 c:/program files (x86)/cypress/psoc creator/4.2/psoc creator/import/gnu/arm/5.4.1/bin/../lib/gcc/arm-none-eabi/5.4.1/../../../../arm-none-eabi/lib/armv7-m\libg_nano.a(lib_a-memcpy-stub.o)
 .bss           0x00000000        0x0 c:/program files (x86)/cypress/psoc creator/4.2/psoc creator/import/gnu/arm/5.4.1/bin/../lib/gcc/arm-none-eabi/5.4.1/../../../../arm-none-eabi/lib/armv7-m\libg_nano.a(lib_a-memcpy-stub.o)
 .text          0x00000000        0x0 c:/program files (x86)/cypress/psoc creator/4.2/psoc creator/import/gnu/arm/5.4.1/bin/../lib/gcc/arm-none-eabi/5.4.1/../../../../arm-none-eabi/lib/armv7-m\libg_nano.a(lib_a-memset.o)
 .data          0x00000000        0x0 c:/program files (x86)/cypress/psoc creator/4.2/psoc creator/import/gnu/arm/5.4.1/bin/../lib/gcc/arm-none-eabi/5.4.1/../../../../arm-none-eabi/lib/armv7-m\libg_nano.a(lib_a-memset.o)
 .bss           0x00000000        0x0 c:/program files (x86)/cypress/psoc creator/4.2/psoc creator/import/gnu/arm/5.4.1/bin/../lib/gcc/arm-none-eabi/5.4.1/../../../../arm-none-eabi/lib/armv7-m\libg_nano.a(lib_a-memset.o)
 .text          0x00000000        0x0 c:/program files (x86)/cypress/psoc creator/4.2/psoc creator/import/gnu/arm/5.4.1/bin/../lib/gcc/arm-none-eabi/5.4.1/armv7-m/crtend.o
 .data          0x00000000        0x0 c:/program files (x86)/cypress/psoc creator/4.2/psoc creator/import/gnu/arm/5.4.1/bin/../lib/gcc/arm-none-eabi/5.4.1/armv7-m/crtend.o
 .bss           0x00000000        0x0 c:/program files (x86)/cypress/psoc creator/4.2/psoc creator/import/gnu/arm/5.4.1/bin/../lib/gcc/arm-none-eabi/5.4.1/armv7-m/crtend.o
 .text          0x00000000        0x0 c:/program files (x86)/cypress/psoc creator/4.2/psoc creator/import/gnu/arm/5.4.1/bin/../lib/gcc/arm-none-eabi/5.4.1/armv7-m/crtn.o
 .data          0x00000000        0x0 c:/program files (x86)/cypress/psoc creator/4.2/psoc creator/import/gnu/arm/5.4.1/bin/../lib/gcc/arm-none-eabi/5.4.1/armv7-m/crtn.o
 .bss           0x00000000        0x0 c:/program files (x86)/cypress/psoc creator/4.2/psoc creator/import/gnu/arm/5.4.1/bin/../lib/gcc/arm-none-eabi/5.4.1/armv7-m/crtn.o

Memory Configuration

Name             Origin             Length             Attributes
rom              0x00000000         0x00040000         xr
ram              0x1fff8000         0x00010000         xrw
*default*        0x00000000         0xffffffff

Linker script and memory map

LOAD c:/program files (x86)/cypress/psoc creator/4.2/psoc creator/import/gnu/arm/5.4.1/bin/../lib/gcc/arm-none-eabi/5.4.1/armv7-m/crti.o
LOAD c:/program files (x86)/cypress/psoc creator/4.2/psoc creator/import/gnu/arm/5.4.1/bin/../lib/gcc/arm-none-eabi/5.4.1/armv7-m/crtbegin.o
LOAD c:/program files (x86)/cypress/psoc creator/4.2/psoc creator/import/gnu/arm/5.4.1/bin/../lib/gcc/arm-none-eabi/5.4.1/../../../../arm-none-eabi/lib/armv7-m/crt0.o
START GROUP
LOAD .\CortexM3\ARM_GCC_541\Debug\DriverControls.o
LOAD .\CortexM3\ARM_GCC_541\Debug\DTC.o
LOAD .\CortexM3\ARM_GCC_541\Debug\RelayControl.o
LOAD .\CortexM3\ARM_GCC_541\Debug\mainState.o
LOAD .\CortexM3\ARM_GCC_541\Debug\SOC.o
LOAD .\CortexM3\ARM_GCC_541\Debug\Thermal.o
LOAD .\CortexM3\ARM_GCC_541\Debug\PowerLimit.o
LOAD .\CortexM3\ARM_GCC_541\Debug\IsolationMonitor.o
LOAD .\CortexM3\ARM_GCC_541\Debug\TempSense.o
LOAD .\CortexM3\ARM_GCC_541\Debug\Timer.o
LOAD .\CortexM3\ARM_GCC_541\Debug\BMS_to_Vehicle.o
LOAD .\CortexM3\ARM_GCC_541\Debug\BMS_to_Slave.o
LOAD .\CortexM3\ARM_GCC_541\Debug\IVT-S.o
LOAD .\CortexM3\ARM_GCC_541\Debug\CAN.o
LOAD .\CortexM3\ARM_GCC_541\Debug\SPI.o
LOAD .\CortexM3\ARM_GCC_541\Debug\UART.o
LOAD .\CortexM3\ARM_GCC_541\Debug\main.o
LOAD .\CortexM3\ARM_GCC_541\Debug\cyfitter_cfg.o
LOAD .\CortexM3\ARM_GCC_541\Debug\cymetadata.o
LOAD .\CortexM3\ARM_GCC_541\Debug\Cm3Start.o
LOAD .\CortexM3\ARM_GCC_541\Debug\BMS_Master.a
LOAD C:\Program Files (x86)\Cypress\PSoC Creator\4.2\PSoC Creator\psoc\content\cycomponentlibrary\CyComponentLibrary.cylib\CortexM3\ARM_GCC_541\Debug\CyComponentLibrary.a
END GROUP
START GROUP
LOAD c:/program files (x86)/cypress/psoc creator/4.2/psoc creator/import/gnu/arm/5.4.1/bin/../lib/gcc/arm-none-eabi/5.4.1/armv7-m\libgcc.a
LOAD c:/program files (x86)/cypress/psoc creator/4.2/psoc creator/import/gnu/arm/5.4.1/bin/../lib/gcc/arm-none-eabi/5.4.1/../../../../arm-none-eabi/lib/armv7-m\libg_nano.a
LOAD c:/program files (x86)/cypress/psoc creator/4.2/psoc creator/import/gnu/arm/5.4.1/bin/../lib/gcc/arm-none-eabi/5.4.1/../../../../arm-none-eabi/lib/armv7-m\libc_nano.a
END GROUP
START GROUP
LOAD c:/program files (x86)/cypress/psoc creator/4.2/psoc creator/import/gnu/arm/5.4.1/bin/../lib/gcc/arm-none-eabi/5.4.1/armv7-m\libgcc.a
LOAD c:/program files (x86)/cypress/psoc creator/4.2/psoc creator/import/gnu/arm/5.4.1/bin/../lib/gcc/arm-none-eabi/5.4.1/../../../../arm-none-eabi/lib/armv7-m\libc_nano.a
END GROUP
LOAD c:/program files (x86)/cypress/psoc creator/4.2/psoc creator/import/gnu/arm/5.4.1/bin/../lib/gcc/arm-none-eabi/5.4.1/armv7-m/crtend.o
LOAD c:/program files (x86)/cypress/psoc creator/4.2/psoc creator/import/gnu/arm/5.4.1/bin/../lib/gcc/arm-none-eabi/5.4.1/armv7-m/crtn.o
START GROUP
LOAD c:/program files (x86)/cypress/psoc creator/4.2/psoc creator/import/gnu/arm/5.4.1/bin/../lib/gcc/arm-none-eabi/5.4.1/armv7-m\libgcc.a
LOAD c:/program files (x86)/cypress/psoc creator/4.2/psoc creator/import/gnu/arm/5.4.1/bin/../lib/gcc/arm-none-eabi/5.4.1/../../../../arm-none-eabi/lib/armv7-m\libc.a
LOAD c:/program files (x86)/cypress/psoc creator/4.2/psoc creator/import/gnu/arm/5.4.1/bin/../lib/gcc/arm-none-eabi/5.4.1/../../../../arm-none-eabi/lib/armv7-m\libnosys.a
END GROUP
                0x00000000                CY_APPL_ORIGIN = 0x0
                0x00000100                CY_FLASH_ROW_SIZE = 0x100
                0x00000020                CY_ECC_ROW_SIZE = 0x20
                0x00000000                CY_EE_IN_BTLDR = 0x0
                0x00000000                CY_APPL_LOADABLE = 0x0
                0x00000800                CY_EE_SIZE = 0x800
                0x00000001                CY_APPL_NUM = 0x1
                0x00000001                CY_APPL_MAX = 0x1
                0x00000040                CY_METADATA_SIZE = 0x40
                0x00000000                CY_APPL_LOADABLE = 0x0
                0x00000000                CY_CHECKSUM_EXCLUDE_SIZE = ALIGN (0x0, CY_FLASH_ROW_SIZE)
                [!provide]                PROVIDE (__cy_heap_start, _end)
                0x00000001                PROVIDE (__cy_region_num, ((__cy_regions_end - __cy_regions) / 0x10))
                0x20008000                PROVIDE (__cy_stack, (ORIGIN (ram) + LENGTH (ram)))
                [!provide]                PROVIDE (__cy_heap_end, (__cy_stack - 0x800))

.cybootloader   0x00000000        0x0
 *(.cybootloader)
                0x00000000                appl1_start = CY_APPL_ORIGIN?CY_APPL_ORIGIN:ALIGN (CY_FLASH_ROW_SIZE)
                0x0001ff00                appl2_start = (appl1_start + ALIGN ((((LENGTH (rom) - appl1_start) - (0x2 * CY_FLASH_ROW_SIZE)) / 0x2), CY_FLASH_ROW_SIZE))
                0x00000000                appl_start = (CY_APPL_NUM == 0x1)?appl1_start:appl2_start
                0x00000000                ecc_offset = ((appl_start / CY_FLASH_ROW_SIZE) * CY_ECC_ROW_SIZE)
                0x00000000                ee_offset = (CY_APPL_LOADABLE && ! (CY_EE_IN_BTLDR))?((CY_EE_SIZE / CY_APPL_MAX) * (CY_APPL_NUM - 0x1)):0x0
                0x00000800                ee_size = (CY_APPL_LOADABLE && ! (CY_EE_IN_BTLDR))?(CY_EE_SIZE / CY_APPL_MAX):CY_EE_SIZE
                [!provide]                PROVIDE (CY_ECC_OFFSET, ecc_offset)

.text           0x00000000      0x656
 CREATE_OBJECT_SYMBOLS
                0x00000000                PROVIDE (__cy_interrupt_vector, RomVectors)
 *(.romvectors)
 .romvectors    0x00000000       0x10 .\CortexM3\ARM_GCC_541\Debug\Cm3Start.o
                0x00000000                RomVectors
                0x00000001                ASSERT ((. != __cy_interrupt_vector), No interrupt vector)
                0x00000001                ASSERT (CY_APPL_ORIGIN?(SIZEOF (.cybootloader) <= CY_APPL_ORIGIN):0x1, Wrong image location)
                0x00000010                PROVIDE (__cy_reset, Reset)
 *(.text.Reset)
 .text.Reset    0x00000010       0x18 .\CortexM3\ARM_GCC_541\Debug\Cm3Start.o
                0x00000010                Reset
                0x00000001                ASSERT ((. != __cy_reset), No reset code)
 *(.dma_init)
                0x00000001                ASSERT ((((appl_start + .) <= 0x10000) || 0x1), DMA Init must be within the first 64k of flash)
 *(.text .text.* .gnu.linkonce.t.*)
 .text          0x00000028       0x5c c:/program files (x86)/cypress/psoc creator/4.2/psoc creator/import/gnu/arm/5.4.1/bin/../lib/gcc/arm-none-eabi/5.4.1/armv7-m/crtbegin.o
 .text.isrUartRxHandler
                0x00000084       0x10 .\CortexM3\ARM_GCC_541\Debug\UART.o
                0x00000084                isrUartRxHandler
 .text.initializeComms
                0x00000094       0x28 .\CortexM3\ARM_GCC_541\Debug\main.o
                0x00000094                initializeComms
 .text.main     0x000000bc       0x30 .\CortexM3\ARM_GCC_541\Debug\main.o
                0x000000bc                main
 .text.cfg_write_bytes32
                0x000000ec       0x34 .\CortexM3\ARM_GCC_541\Debug\cyfitter_cfg.o
 .text.AnalogSetDefault
                0x00000120       0x28 .\CortexM3\ARM_GCC_541\Debug\cyfitter_cfg.o
 .text.CYMEMZERO
                0x00000148        0xc .\CortexM3\ARM_GCC_541\Debug\cyfitter_cfg.o
 .text.ClockSetup
                0x00000154       0xc8 .\CortexM3\ARM_GCC_541\Debug\cyfitter_cfg.o
 .text.CYCONFIGCPY
                0x0000021c        0x8 .\CortexM3\ARM_GCC_541\Debug\cyfitter_cfg.o
 .text.cyfitter_cfg
                0x00000224      0x134 .\CortexM3\ARM_GCC_541\Debug\cyfitter_cfg.o
                0x00000224                cyfitter_cfg
 .text.IntDefaultHandler
                0x00000358       0x10 .\CortexM3\ARM_GCC_541\Debug\Cm3Start.o
                0x00000358                IntDefaultHandler
 .text.Start_c  0x00000368       0x4c .\CortexM3\ARM_GCC_541\Debug\Cm3Start.o
                0x00000368                Start_c
 .text.initialize_psoc
                0x000003b4       0x68 .\CortexM3\ARM_GCC_541\Debug\Cm3Start.o
                0x000003b4                initialize_psoc
 .text.UART_DBG_Init
                0x0000041c       0x24 .\CortexM3\ARM_GCC_541\Debug\BMS_Master.a(UART_DBG.o)
                0x0000041c                UART_DBG_Init
 .text.UART_DBG_Enable
                0x00000440       0x38 .\CortexM3\ARM_GCC_541\Debug\BMS_Master.a(UART_DBG.o)
                0x00000440                UART_DBG_Enable
 .text.UART_DBG_Start
                0x00000478       0x1c .\CortexM3\ARM_GCC_541\Debug\BMS_Master.a(UART_DBG.o)
                0x00000478                UART_DBG_Start
 .text.UART_DBG_GetChar
                0x00000494       0x2c .\CortexM3\ARM_GCC_541\Debug\BMS_Master.a(UART_DBG.o)
                0x00000494                UART_DBG_GetChar
 .text.UART_DBG_PutChar
                0x000004c0       0x18 .\CortexM3\ARM_GCC_541\Debug\BMS_Master.a(UART_DBG.o)
                0x000004c0                UART_DBG_PutChar
 .text.UART_DBG_PutString
                0x000004d8       0x24 .\CortexM3\ARM_GCC_541\Debug\BMS_Master.a(UART_DBG.o)
                0x000004d8                UART_DBG_PutString
 .text.UART_DBG_IntClock_Start
                0x000004fc       0x1c .\CortexM3\ARM_GCC_541\Debug\BMS_Master.a(UART_DBG_IntClock.o)
                0x000004fc                UART_DBG_IntClock_Start
 .text.CyDelay  0x00000518       0x2c .\CortexM3\ARM_GCC_541\Debug\BMS_Master.a(CyLib.o)
                0x00000518                CyDelay
 .text.doBMS_RelayPreCharge_Write
                0x00000544       0x18 .\CortexM3\ARM_GCC_541\Debug\BMS_Master.a(doBMS_RelayPreCharge.o)
                0x00000544                doBMS_RelayPreCharge_Write
 .text.isr_RxUart_SetVector
                0x0000055c        0xc .\CortexM3\ARM_GCC_541\Debug\BMS_Master.a(isr_RxUart.o)
                0x0000055c                isr_RxUart_SetVector
 .text.isr_RxUart_SetPriority
                0x00000568       0x10 .\CortexM3\ARM_GCC_541\Debug\BMS_Master.a(isr_RxUart.o)
                0x00000568                isr_RxUart_SetPriority
 .text.isr_RxUart_Enable
                0x00000578        0xc .\CortexM3\ARM_GCC_541\Debug\BMS_Master.a(isr_RxUart.o)
                0x00000578                isr_RxUart_Enable
 .text.isr_RxUart_Disable
                0x00000584        0xc .\CortexM3\ARM_GCC_541\Debug\BMS_Master.a(isr_RxUart.o)
                0x00000584                isr_RxUart_Disable
 .text.isr_RxUart_StartEx
                0x00000590       0x1c .\CortexM3\ARM_GCC_541\Debug\BMS_Master.a(isr_RxUart.o)
                0x00000590                isr_RxUart_StartEx
 .text.isr_RxUart_ClearPending
                0x000005ac        0xc .\CortexM3\ARM_GCC_541\Debug\BMS_Master.a(isr_RxUart.o)
                0x000005ac                isr_RxUart_ClearPending
 .text          0x000005b8       0x20 .\CortexM3\ARM_GCC_541\Debug\BMS_Master.a(CyBootAsmGnu.o)
                0x000005b8                CyDelayCycles
                0x000005c8                CyEnterCriticalSection
                0x000005d0                CyExitCriticalSection
 .text.__errno  0x000005d8        0xc c:/program files (x86)/cypress/psoc creator/4.2/psoc creator/import/gnu/arm/5.4.1/bin/../lib/gcc/arm-none-eabi/5.4.1/../../../../arm-none-eabi/lib/armv7-m\libg_nano.a(lib_a-errno.o)
                0x000005d8                __errno
 .text.__libc_init_array
                0x000005e4       0x4c c:/program files (x86)/cypress/psoc creator/4.2/psoc creator/import/gnu/arm/5.4.1/bin/../lib/gcc/arm-none-eabi/5.4.1/../../../../arm-none-eabi/lib/armv7-m\libg_nano.a(lib_a-init.o)
                0x000005e4                __libc_init_array
 .text.memcpy   0x00000630       0x16 c:/program files (x86)/cypress/psoc creator/4.2/psoc creator/import/gnu/arm/5.4.1/bin/../lib/gcc/arm-none-eabi/5.4.1/../../../../arm-none-eabi/lib/armv7-m\libg_nano.a(lib_a-memcpy-stub.o)
                0x00000630                memcpy
 .text.memset   0x00000646       0x10 c:/program files (x86)/cypress/psoc creator/4.2/psoc creator/import/gnu/arm/5.4.1/bin/../lib/gcc/arm-none-eabi/5.4.1/../../../../arm-none-eabi/lib/armv7-m\libg_nano.a(lib_a-memset.o)
                0x00000646                memset
 *(.plt)
 *(.gnu.warning)
 *(.glue_7t)
 .glue_7t       0x00000656        0x0 linker stubs
 *(.glue_7)
 .glue_7        0x00000656        0x0 linker stubs
 *(.vfp11_veneer)
 .vfp11_veneer  0x00000656        0x0 linker stubs
 *(.bootloader)
 *(.ARM.extab* .gnu.linkonce.armextab.*)
 *(.gcc_except_table)

.v4_bx          0x00000658        0x0
 .v4_bx         0x00000658        0x0 linker stubs

.iplt           0x00000658        0x0
 .iplt          0x00000658        0x0 c:/program files (x86)/cypress/psoc creator/4.2/psoc creator/import/gnu/arm/5.4.1/bin/../lib/gcc/arm-none-eabi/5.4.1/armv7-m/crtbegin.o

.eh_frame_hdr
 *(.eh_frame_hdr)

.eh_frame       0x00000658        0x4
 *(.eh_frame)
 .eh_frame      0x00000658        0x0 c:/program files (x86)/cypress/psoc creator/4.2/psoc creator/import/gnu/arm/5.4.1/bin/../lib/gcc/arm-none-eabi/5.4.1/armv7-m/crtbegin.o
 .eh_frame      0x00000658        0x4 c:/program files (x86)/cypress/psoc creator/4.2/psoc creator/import/gnu/arm/5.4.1/bin/../lib/gcc/arm-none-eabi/5.4.1/armv7-m/crtend.o
                [!provide]                PROVIDE (__exidx_start, .)

.ARM.exidx
 *(.ARM.exidx* .gnu.linkonce.armexidx.*)
                0x0000065c                __exidx_end = .

.rodata         0x0000065c       0xc4
 *(.rodata .rodata.* .gnu.linkonce.r.*)
 .rodata.str1.4
                0x0000065c       0x48 .\CortexM3\ARM_GCC_541\Debug\main.o
                                 0x46 (size before relaxing)
 .rodata        0x000006a4       0x44 .\CortexM3\ARM_GCC_541\Debug\cyfitter_cfg.o
 .rodata.str1.1
                0x000006e8        0x2 c:/program files (x86)/cypress/psoc creator/4.2/psoc creator/import/gnu/arm/5.4.1/bin/../lib/gcc/arm-none-eabi/5.4.1/../../../../arm-none-eabi/lib/armv7-m\libg_nano.a(lib_a-impure.o)
                0x000006ec                . = ALIGN (0x4)
 *fill*         0x000006ea        0x2 
 *(.init)
 .init          0x000006ec        0x4 c:/program files (x86)/cypress/psoc creator/4.2/psoc creator/import/gnu/arm/5.4.1/bin/../lib/gcc/arm-none-eabi/5.4.1/armv7-m/crti.o
                0x000006ec                _init
 .init          0x000006f0        0x8 c:/program files (x86)/cypress/psoc creator/4.2/psoc creator/import/gnu/arm/5.4.1/bin/../lib/gcc/arm-none-eabi/5.4.1/armv7-m/crtn.o
                0x000006f8                . = ALIGN (0x4)
                0x000006f8                __preinit_array_start = .
 *(.preinit_array)
                0x000006f8                __preinit_array_end = .
                0x000006f8                . = ALIGN (0x4)
                0x000006f8                __init_array_start = .
 *(SORT(.init_array.*))
 *(.init_array)
 .init_array    0x000006f8        0x4 c:/program files (x86)/cypress/psoc creator/4.2/psoc creator/import/gnu/arm/5.4.1/bin/../lib/gcc/arm-none-eabi/5.4.1/armv7-m/crtbegin.o
 .init_array    0x000006fc        0x4 .\CortexM3\ARM_GCC_541\Debug\Cm3Start.o
                0x00000700                __init_array_end = .
                0x00000700                . = ALIGN (0x4)
 *(.fini)
 .fini          0x00000700        0x4 c:/program files (x86)/cypress/psoc creator/4.2/psoc creator/import/gnu/arm/5.4.1/bin/../lib/gcc/arm-none-eabi/5.4.1/armv7-m/crti.o
                0x00000700                _fini
 .fini          0x00000704        0x8 c:/program files (x86)/cypress/psoc creator/4.2/psoc creator/import/gnu/arm/5.4.1/bin/../lib/gcc/arm-none-eabi/5.4.1/armv7-m/crtn.o
                0x0000070c                . = ALIGN (0x4)
                0x0000070c                __fini_array_start = .
 *(.fini_array)
 .fini_array    0x0000070c        0x4 c:/program files (x86)/cypress/psoc creator/4.2/psoc creator/import/gnu/arm/5.4.1/bin/../lib/gcc/arm-none-eabi/5.4.1/armv7-m/crtbegin.o
 *(SORT(.fini_array.*))
                0x00000710                __fini_array_end = .
                0x00000710                . = ALIGN (0x4)
 *crtbegin.o(.ctors)
 *(EXCLUDE_FILE(*crtend.o) .ctors)
 *(SORT(.ctors.*))
 *crtend.o(.ctors)
                0x00000710                . = ALIGN (0x4)
 *crtbegin.o(.dtors)
 *(EXCLUDE_FILE(*crtend.o) .dtors)
 *(SORT(.dtors.*))
 *crtend.o(.dtors)
                0x00000710                . = ALIGN (0x4)
                0x00000710                __cy_regions = .
                0x00000710        0x4 LONG 0x720 __cy_region_init_ram
                0x00000714        0x4 LONG 0x1fff80c8 __cy_region_start_data
                0x00000718        0x4 LONG 0x78 __cy_region_init_size_ram
                0x0000071c        0x4 LONG 0x20 __cy_region_zero_size_ram
                0x00000720                __cy_regions_end = .
                0x00000720                . = ALIGN (0x8)
                0x00000720                _etext = .

.cy_checksum_exclude
                0x00000720        0x0
 *(.cy_checksum_exclude)

.ramvectors     0x1fff8000       0xc0
                0x1fff8000                __cy_region_start_ram = .
 *(.ramvectors)
 .ramvectors    0x1fff8000       0xc0 .\CortexM3\ARM_GCC_541\Debug\Cm3Start.o
                0x1fff8000                CyRamVectors

.noinit         0x1fff80c0        0x1
 *(.noinit)
 .noinit        0x1fff80c0        0x1 .\CortexM3\ARM_GCC_541\Debug\BMS_Master.a(CyLib.o)
                0x1fff80c0                CyResetStatus

.data           0x1fff80c8       0x78 load address 0x00000720
                0x1fff80c8                __cy_region_start_data = .
 *(.jcr)
 .jcr           0x1fff80c8        0x0 c:/program files (x86)/cypress/psoc creator/4.2/psoc creator/import/gnu/arm/5.4.1/bin/../lib/gcc/arm-none-eabi/5.4.1/armv7-m/crtbegin.o
 .jcr           0x1fff80c8        0x4 c:/program files (x86)/cypress/psoc creator/4.2/psoc creator/import/gnu/arm/5.4.1/bin/../lib/gcc/arm-none-eabi/5.4.1/armv7-m/crtend.o
 *(.got.plt)
 *(.got)
 *(.shdata)
 *(.data .data.* .gnu.linkonce.d.*)
 .data          0x1fff80cc       0x10 .\CortexM3\ARM_GCC_541\Debug\BMS_Master.a(CyLib.o)
                0x1fff80cc                cydelay_32k_ms
                0x1fff80d0                cydelay_freq_khz
                0x1fff80d4                cydelay_freq_mhz
                0x1fff80d8                cydelay_freq_hz
 .data.impure_data
                0x1fff80dc       0x60 c:/program files (x86)/cypress/psoc creator/4.2/psoc creator/import/gnu/arm/5.4.1/bin/../lib/gcc/arm-none-eabi/5.4.1/../../../../arm-none-eabi/lib/armv7-m\libg_nano.a(lib_a-impure.o)
 .data._impure_ptr
                0x1fff813c        0x4 c:/program files (x86)/cypress/psoc creator/4.2/psoc creator/import/gnu/arm/5.4.1/bin/../lib/gcc/arm-none-eabi/5.4.1/../../../../arm-none-eabi/lib/armv7-m\libg_nano.a(lib_a-impure.o)
                0x1fff813c                _impure_ptr
                0x1fff8140                . = ALIGN (0x8)
 *(.ram)
                0x1fff8140                _edata = .

.igot.plt       0x1fff8140        0x0 load address 0x00000798
 .igot.plt      0x1fff8140        0x0 c:/program files (x86)/cypress/psoc creator/4.2/psoc creator/import/gnu/arm/5.4.1/bin/../lib/gcc/arm-none-eabi/5.4.1/armv7-m/crtbegin.o

.bss            0x1fff8140       0x20 load address 0x00000798
                0x1fff8140                PROVIDE (__bss_start__, .)
 *(.shbss)
 *(.bss .bss.* .gnu.linkonce.b.*)
 .bss           0x1fff8140       0x1c c:/program files (x86)/cypress/psoc creator/4.2/psoc creator/import/gnu/arm/5.4.1/bin/../lib/gcc/arm-none-eabi/5.4.1/armv7-m/crtbegin.o
 .bss           0x1fff815c        0x2 .\CortexM3\ARM_GCC_541\Debug\BMS_Master.a(UART_DBG.o)
                0x1fff815c                UART_DBG_initVar
 *(COMMON)
                0x1fff8160                . = ALIGN (0x8)
 *fill*         0x1fff815e        0x2 
 *(.ram.b)
                0x1fff8160                _end = .
                0x1fff8160                __end = .
                0x1fff8160                PROVIDE (end, .)
                0x1fff8160                PROVIDE (__bss_end__, .)
                0x00000720                __cy_region_init_ram = LOADADDR (.data)
                0x00000078                __cy_region_init_size_ram = (_edata - ADDR (.data))
                0x00000020                __cy_region_zero_size_ram = (_end - _edata)

.heap           0x1fff8160       0x80 load address 0x00000798
                0x1fff8160                . = _end
                0x1fff81e0                . = (. + 0x80)
 *fill*         0x1fff8160       0x80 
                0x1fff81e0                __cy_heap_limit = .

.stack          0x20007800      0x800
                0x20007800                __cy_stack_limit = .
                0x20008000                . = (. + 0x800)
 *fill*         0x20007800      0x800 
                0x00000001                ASSERT ((__cy_stack_limit >= __cy_heap_limit), region RAM overflowed with stack)
                0x00000000                cy_checksum_exclude_size = (CY_APPL_LOADABLE == 0x1)?SIZEOF (.cy_checksum_exclude):0x0
                0x00000001                ASSERT ((cy_checksum_exclude_size <= CY_CHECKSUM_EXCLUDE_SIZE), CY_BOOT: Section .cy_checksum_exclude size exceedes specified limit.)

.cyloadermeta
 *(.cyloadermeta)

.cyloadablemeta
 *(.cyloadablemeta)

.cyconfigecc    0x80000000      0x6b4
 *(.cyconfigecc)
 .cyconfigecc   0x80000000      0x6b4 .\CortexM3\ARM_GCC_541\Debug\cymetadata.o
                0x80000000                cy_meta_configecc

.cycustnvl      0x90000000        0x4
 *(.cycustnvl)
 .cycustnvl     0x90000000        0x4 .\CortexM3\ARM_GCC_541\Debug\cymetadata.o
                0x90000000                cy_meta_custnvl

.cywolatch      0x90100000        0x4
 *(.cywolatch)
 .cywolatch     0x90100000        0x4 .\CortexM3\ARM_GCC_541\Debug\cymetadata.o
                0x90100000                cy_meta_wonvl

.cyeeprom       0x90200000        0x0
 *(.cyeeprom)
                0x00000001                ASSERT ((. <= ((0x90200000 + ee_offset) + ee_size)), .cyeeprom data will not fit in EEPROM)

.cyflashprotect
                0x90400000      0x100
 *(.cyflashprotect)
 .cyflashprotect
                0x90400000      0x100 .\CortexM3\ARM_GCC_541\Debug\cymetadata.o
                0x90400000                cy_meta_flashprotect

.cymeta         0x90500000        0xc
 *(.cymeta)
 .cymeta        0x90500000        0xc .\CortexM3\ARM_GCC_541\Debug\cymetadata.o
                0x90500000                cy_metadata

.rel.dyn        0x00000798        0x0 load address 0x9050000c
 .rel.iplt      0x00000798        0x0 c:/program files (x86)/cypress/psoc creator/4.2/psoc creator/import/gnu/arm/5.4.1/bin/../lib/gcc/arm-none-eabi/5.4.1/armv7-m/crtbegin.o

.stab
 *(.stab)

.stabstr
 *(.stabstr)

.debug
 *(.debug)

.line
 *(.line)

.debug_srcinfo
 *(.debug_srcinfo)

.debug_sfnames
 *(.debug_sfnames)

.debug_aranges  0x00000000      0x990
 *(.debug_aranges)
 .debug_aranges
                0x00000000       0x28 .\CortexM3\ARM_GCC_541\Debug\DriverControls.o
 .debug_aranges
                0x00000028       0x40 .\CortexM3\ARM_GCC_541\Debug\RelayControl.o
 .debug_aranges
                0x00000068       0x28 .\CortexM3\ARM_GCC_541\Debug\TempSense.o
 .debug_aranges
                0x00000090       0x38 .\CortexM3\ARM_GCC_541\Debug\Timer.o
 .debug_aranges
                0x000000c8       0x30 .\CortexM3\ARM_GCC_541\Debug\IVT-S.o
 .debug_aranges
                0x000000f8       0x30 .\CortexM3\ARM_GCC_541\Debug\CAN.o
 .debug_aranges
                0x00000128       0x20 .\CortexM3\ARM_GCC_541\Debug\UART.o
 .debug_aranges
                0x00000148       0x28 .\CortexM3\ARM_GCC_541\Debug\main.o
 .debug_aranges
                0x00000170       0x50 .\CortexM3\ARM_GCC_541\Debug\cyfitter_cfg.o
 .debug_aranges
                0x000001c0       0x18 .\CortexM3\ARM_GCC_541\Debug\cymetadata.o
 .debug_aranges
                0x000001d8       0x48 .\CortexM3\ARM_GCC_541\Debug\Cm3Start.o
 .debug_aranges
                0x00000220       0x78 .\CortexM3\ARM_GCC_541\Debug\BMS_Master.a(Vehicle_CAN_TX_RX_func.o)
 .debug_aranges
                0x00000298       0xf0 .\CortexM3\ARM_GCC_541\Debug\BMS_Master.a(UART_DBG.o)
 .debug_aranges
                0x00000388       0x70 .\CortexM3\ARM_GCC_541\Debug\BMS_Master.a(UART_DBG_IntClock.o)
 .debug_aranges
                0x000003f8      0x2a0 .\CortexM3\ARM_GCC_541\Debug\BMS_Master.a(CyLib.o)
 .debug_aranges
                0x00000698       0x98 .\CortexM3\ARM_GCC_541\Debug\BMS_Master.a(cyPm.o)
 .debug_aranges
                0x00000730       0x38 .\CortexM3\ARM_GCC_541\Debug\BMS_Master.a(doBMS_RelayPreCharge.o)
 .debug_aranges
                0x00000768       0x80 .\CortexM3\ARM_GCC_541\Debug\BMS_Master.a(Global_Timer.o)
 .debug_aranges
                0x000007e8       0x80 .\CortexM3\ARM_GCC_541\Debug\BMS_Master.a(isr_RxUart.o)
 .debug_aranges
                0x00000868       0x20 .\CortexM3\ARM_GCC_541\Debug\BMS_Master.a(CyBootAsmGnu.o)
 .debug_aranges
                0x00000888       0x88 .\CortexM3\ARM_GCC_541\Debug\BMS_Master.a(CyFlash.o)
 .debug_aranges
                0x00000910       0x80 .\CortexM3\ARM_GCC_541\Debug\BMS_Master.a(CySpc.o)

.debug_pubnames
 *(.debug_pubnames)

.debug_info     0x00000000     0x59d3
 *(.debug_info .gnu.linkonce.wi.*)
 .debug_info    0x00000000      0x132 .\CortexM3\ARM_GCC_541\Debug\DriverControls.o
 .debug_info    0x00000132      0x45d .\CortexM3\ARM_GCC_541\Debug\RelayControl.o
 .debug_info    0x0000058f      0x1f8 .\CortexM3\ARM_GCC_541\Debug\TempSense.o
 .debug_info    0x00000787      0x161 .\CortexM3\ARM_GCC_541\Debug\Timer.o
 .debug_info    0x000008e8      0x23d .\CortexM3\ARM_GCC_541\Debug\IVT-S.o
 .debug_info    0x00000b25      0x3ff .\CortexM3\ARM_GCC_541\Debug\CAN.o
 .debug_info    0x00000f24      0x116 .\CortexM3\ARM_GCC_541\Debug\UART.o
 .debug_info    0x0000103a      0x1c5 .\CortexM3\ARM_GCC_541\Debug\main.o
 .debug_info    0x000011ff      0x5bc .\CortexM3\ARM_GCC_541\Debug\cyfitter_cfg.o
 .debug_info    0x000017bb      0x139 .\CortexM3\ARM_GCC_541\Debug\cymetadata.o
 .debug_info    0x000018f4      0x3bb .\CortexM3\ARM_GCC_541\Debug\Cm3Start.o
 .debug_info    0x00001caf      0x425 .\CortexM3\ARM_GCC_541\Debug\BMS_Master.a(Vehicle_CAN_TX_RX_func.o)
 .debug_info    0x000020d4      0x60c .\CortexM3\ARM_GCC_541\Debug\BMS_Master.a(UART_DBG.o)
 .debug_info    0x000026e0      0x283 .\CortexM3\ARM_GCC_541\Debug\BMS_Master.a(UART_DBG_IntClock.o)
 .debug_info    0x00002963     0x1374 .\CortexM3\ARM_GCC_541\Debug\BMS_Master.a(CyLib.o)
 .debug_info    0x00003cd7      0xa2a .\CortexM3\ARM_GCC_541\Debug\BMS_Master.a(cyPm.o)
 .debug_info    0x00004701      0x11f .\CortexM3\ARM_GCC_541\Debug\BMS_Master.a(doBMS_RelayPreCharge.o)
 .debug_info    0x00004820      0x2aa .\CortexM3\ARM_GCC_541\Debug\BMS_Master.a(Global_Timer.o)
 .debug_info    0x00004aca      0x2d2 .\CortexM3\ARM_GCC_541\Debug\BMS_Master.a(isr_RxUart.o)
 .debug_info    0x00004d9c       0x9a .\CortexM3\ARM_GCC_541\Debug\BMS_Master.a(CyBootAsmGnu.o)
 .debug_info    0x00004e36      0x64d .\CortexM3\ARM_GCC_541\Debug\BMS_Master.a(CyFlash.o)
 .debug_info    0x00005483      0x550 .\CortexM3\ARM_GCC_541\Debug\BMS_Master.a(CySpc.o)

.debug_abbrev   0x00000000     0x198f
 *(.debug_abbrev)
 .debug_abbrev  0x00000000       0x94 .\CortexM3\ARM_GCC_541\Debug\DriverControls.o
 .debug_abbrev  0x00000094       0xf3 .\CortexM3\ARM_GCC_541\Debug\RelayControl.o
 .debug_abbrev  0x00000187       0xfe .\CortexM3\ARM_GCC_541\Debug\TempSense.o
 .debug_abbrev  0x00000285       0xdb .\CortexM3\ARM_GCC_541\Debug\Timer.o
 .debug_abbrev  0x00000360       0xc4 .\CortexM3\ARM_GCC_541\Debug\IVT-S.o
 .debug_abbrev  0x00000424      0x12d .\CortexM3\ARM_GCC_541\Debug\CAN.o
 .debug_abbrev  0x00000551       0x94 .\CortexM3\ARM_GCC_541\Debug\UART.o
 .debug_abbrev  0x000005e5       0xc8 .\CortexM3\ARM_GCC_541\Debug\main.o
 .debug_abbrev  0x000006ad      0x1f2 .\CortexM3\ARM_GCC_541\Debug\cyfitter_cfg.o
 .debug_abbrev  0x0000089f       0x77 .\CortexM3\ARM_GCC_541\Debug\cymetadata.o
 .debug_abbrev  0x00000916      0x1e8 .\CortexM3\ARM_GCC_541\Debug\Cm3Start.o
 .debug_abbrev  0x00000afe      0x167 .\CortexM3\ARM_GCC_541\Debug\BMS_Master.a(Vehicle_CAN_TX_RX_func.o)
 .debug_abbrev  0x00000c65      0x175 .\CortexM3\ARM_GCC_541\Debug\BMS_Master.a(UART_DBG.o)
 .debug_abbrev  0x00000dda      0x139 .\CortexM3\ARM_GCC_541\Debug\BMS_Master.a(UART_DBG_IntClock.o)
 .debug_abbrev  0x00000f13      0x254 .\CortexM3\ARM_GCC_541\Debug\BMS_Master.a(CyLib.o)
 .debug_abbrev  0x00001167      0x1ab .\CortexM3\ARM_GCC_541\Debug\BMS_Master.a(cyPm.o)
 .debug_abbrev  0x00001312       0x90 .\CortexM3\ARM_GCC_541\Debug\BMS_Master.a(doBMS_RelayPreCharge.o)
 .debug_abbrev  0x000013a2      0x12b .\CortexM3\ARM_GCC_541\Debug\BMS_Master.a(Global_Timer.o)
 .debug_abbrev  0x000014cd      0x173 .\CortexM3\ARM_GCC_541\Debug\BMS_Master.a(isr_RxUart.o)
 .debug_abbrev  0x00001640       0x14 .\CortexM3\ARM_GCC_541\Debug\BMS_Master.a(CyBootAsmGnu.o)
 .debug_abbrev  0x00001654      0x1a7 .\CortexM3\ARM_GCC_541\Debug\BMS_Master.a(CyFlash.o)
 .debug_abbrev  0x000017fb      0x194 .\CortexM3\ARM_GCC_541\Debug\BMS_Master.a(CySpc.o)

.debug_line     0x00000000     0x2665
 *(.debug_line)
 .debug_line    0x00000000       0x59 .\CortexM3\ARM_GCC_541\Debug\DriverControls.o
 .debug_line    0x00000059        0x0 .\CortexM3\ARM_GCC_541\Debug\DTC.o
 .debug_line    0x00000059       0xba .\CortexM3\ARM_GCC_541\Debug\RelayControl.o
 .debug_line    0x00000113        0x0 .\CortexM3\ARM_GCC_541\Debug\mainState.o
 .debug_line    0x00000113        0x0 .\CortexM3\ARM_GCC_541\Debug\SOC.o
 .debug_line    0x00000113        0x0 .\CortexM3\ARM_GCC_541\Debug\Thermal.o
 .debug_line    0x00000113        0x0 .\CortexM3\ARM_GCC_541\Debug\PowerLimit.o
 .debug_line    0x00000113        0x0 .\CortexM3\ARM_GCC_541\Debug\IsolationMonitor.o
 .debug_line    0x00000113       0x7e .\CortexM3\ARM_GCC_541\Debug\TempSense.o
 .debug_line    0x00000191       0x6e .\CortexM3\ARM_GCC_541\Debug\Timer.o
 .debug_line    0x000001ff        0x0 .\CortexM3\ARM_GCC_541\Debug\BMS_to_Vehicle.o
 .debug_line    0x000001ff        0x0 .\CortexM3\ARM_GCC_541\Debug\BMS_to_Slave.o
 .debug_line    0x000001ff       0x6f .\CortexM3\ARM_GCC_541\Debug\IVT-S.o
 .debug_line    0x0000026e      0x1d1 .\CortexM3\ARM_GCC_541\Debug\CAN.o
 .debug_line    0x0000043f        0x0 .\CortexM3\ARM_GCC_541\Debug\SPI.o
 .debug_line    0x0000043f      0x179 .\CortexM3\ARM_GCC_541\Debug\UART.o
 .debug_line    0x000005b8      0x1c9 .\CortexM3\ARM_GCC_541\Debug\main.o
 .debug_line    0x00000781      0x1e4 .\CortexM3\ARM_GCC_541\Debug\cyfitter_cfg.o
 .debug_line    0x00000965      0x141 .\CortexM3\ARM_GCC_541\Debug\cymetadata.o
 .debug_line    0x00000aa6      0x234 .\CortexM3\ARM_GCC_541\Debug\Cm3Start.o
 .debug_line    0x00000cda      0x1c3 .\CortexM3\ARM_GCC_541\Debug\BMS_Master.a(Vehicle_CAN_TX_RX_func.o)
 .debug_line    0x00000e9d      0x2c4 .\CortexM3\ARM_GCC_541\Debug\BMS_Master.a(UART_DBG.o)
 .debug_line    0x00001161      0x180 .\CortexM3\ARM_GCC_541\Debug\BMS_Master.a(UART_DBG_IntClock.o)
 .debug_line    0x000012e1      0x816 .\CortexM3\ARM_GCC_541\Debug\BMS_Master.a(CyLib.o)
 .debug_line    0x00001af7      0x367 .\CortexM3\ARM_GCC_541\Debug\BMS_Master.a(cyPm.o)
 .debug_line    0x00001e5e       0xa1 .\CortexM3\ARM_GCC_541\Debug\BMS_Master.a(doBMS_RelayPreCharge.o)
 .debug_line    0x00001eff      0x14f .\CortexM3\ARM_GCC_541\Debug\BMS_Master.a(Global_Timer.o)
 .debug_line    0x0000204e      0x137 .\CortexM3\ARM_GCC_541\Debug\BMS_Master.a(isr_RxUart.o)
 .debug_line    0x00002185       0x66 .\CortexM3\ARM_GCC_541\Debug\BMS_Master.a(CyBootAsmGnu.o)
 .debug_line    0x000021eb      0x21a .\CortexM3\ARM_GCC_541\Debug\BMS_Master.a(CyFlash.o)
 .debug_line    0x00002405      0x260 .\CortexM3\ARM_GCC_541\Debug\BMS_Master.a(CySpc.o)

.debug_frame    0x00000000     0x17d4
 *(.debug_frame)
 .debug_frame   0x00000000       0x48 .\CortexM3\ARM_GCC_541\Debug\DriverControls.o
 .debug_frame   0x00000048       0xa0 .\CortexM3\ARM_GCC_541\Debug\RelayControl.o
 .debug_frame   0x000000e8       0x40 .\CortexM3\ARM_GCC_541\Debug\TempSense.o
 .debug_frame   0x00000128       0x80 .\CortexM3\ARM_GCC_541\Debug\Timer.o
 .debug_frame   0x000001a8       0x58 .\CortexM3\ARM_GCC_541\Debug\IVT-S.o
 .debug_frame   0x00000200       0x68 .\CortexM3\ARM_GCC_541\Debug\CAN.o
 .debug_frame   0x00000268       0x2c .\CortexM3\ARM_GCC_541\Debug\UART.o
 .debug_frame   0x00000294       0x48 .\CortexM3\ARM_GCC_541\Debug\main.o
 .debug_frame   0x000002dc       0xd4 .\CortexM3\ARM_GCC_541\Debug\cyfitter_cfg.o
 .debug_frame   0x000003b0       0xb8 .\CortexM3\ARM_GCC_541\Debug\Cm3Start.o
 .debug_frame   0x00000468       0xe4 .\CortexM3\ARM_GCC_541\Debug\BMS_Master.a(Vehicle_CAN_TX_RX_func.o)
 .debug_frame   0x0000054c      0x250 .\CortexM3\ARM_GCC_541\Debug\BMS_Master.a(UART_DBG.o)
 .debug_frame   0x0000079c       0xe0 .\CortexM3\ARM_GCC_541\Debug\BMS_Master.a(UART_DBG_IntClock.o)
 .debug_frame   0x0000087c      0x738 .\CortexM3\ARM_GCC_541\Debug\BMS_Master.a(CyLib.o)
 .debug_frame   0x00000fb4      0x1f8 .\CortexM3\ARM_GCC_541\Debug\BMS_Master.a(cyPm.o)
 .debug_frame   0x000011ac       0x50 .\CortexM3\ARM_GCC_541\Debug\BMS_Master.a(doBMS_RelayPreCharge.o)
 .debug_frame   0x000011fc      0x104 .\CortexM3\ARM_GCC_541\Debug\BMS_Master.a(Global_Timer.o)
 .debug_frame   0x00001300      0x104 .\CortexM3\ARM_GCC_541\Debug\BMS_Master.a(isr_RxUart.o)
 .debug_frame   0x00001404      0x194 .\CortexM3\ARM_GCC_541\Debug\BMS_Master.a(CyFlash.o)
 .debug_frame   0x00001598      0x180 .\CortexM3\ARM_GCC_541\Debug\BMS_Master.a(CySpc.o)
 .debug_frame   0x00001718       0x20 c:/program files (x86)/cypress/psoc creator/4.2/psoc creator/import/gnu/arm/5.4.1/bin/../lib/gcc/arm-none-eabi/5.4.1/../../../../arm-none-eabi/lib/armv7-m\libg_nano.a(lib_a-errno.o)
 .debug_frame   0x00001738       0x28 c:/program files (x86)/cypress/psoc creator/4.2/psoc creator/import/gnu/arm/5.4.1/bin/../lib/gcc/arm-none-eabi/5.4.1/../../../../arm-none-eabi/lib/armv7-m\libg_nano.a(lib_a-exit.o)
 .debug_frame   0x00001760       0x2c c:/program files (x86)/cypress/psoc creator/4.2/psoc creator/import/gnu/arm/5.4.1/bin/../lib/gcc/arm-none-eabi/5.4.1/../../../../arm-none-eabi/lib/armv7-m\libg_nano.a(lib_a-init.o)
 .debug_frame   0x0000178c       0x28 c:/program files (x86)/cypress/psoc creator/4.2/psoc creator/import/gnu/arm/5.4.1/bin/../lib/gcc/arm-none-eabi/5.4.1/../../../../arm-none-eabi/lib/armv7-m\libg_nano.a(lib_a-memcpy-stub.o)
 .debug_frame   0x000017b4       0x20 c:/program files (x86)/cypress/psoc creator/4.2/psoc creator/import/gnu/arm/5.4.1/bin/../lib/gcc/arm-none-eabi/5.4.1/../../../../arm-none-eabi/lib/armv7-m\libg_nano.a(lib_a-memset.o)

.debug_str      0x00000000     0x25eb
 *(.debug_str)
 .debug_str     0x00000000      0x187 .\CortexM3\ARM_GCC_541\Debug\DriverControls.o
 .debug_str     0x00000187        0x6 .\CortexM3\ARM_GCC_541\Debug\DTC.o
                                 0xe0 (size before relaxing)
 .debug_str     0x0000018d      0x33f .\CortexM3\ARM_GCC_541\Debug\RelayControl.o
                                0x431 (size before relaxing)
 .debug_str     0x000004cc        0xc .\CortexM3\ARM_GCC_541\Debug\mainState.o
                                 0xe6 (size before relaxing)
 .debug_str     0x000004d8        0x6 .\CortexM3\ARM_GCC_541\Debug\SOC.o
                                 0xe0 (size before relaxing)
 .debug_str     0x000004de        0xa .\CortexM3\ARM_GCC_541\Debug\Thermal.o
                                 0xe4 (size before relaxing)
 .debug_str     0x000004e8        0xd .\CortexM3\ARM_GCC_541\Debug\PowerLimit.o
                                 0xe7 (size before relaxing)
 .debug_str     0x000004f5       0x13 .\CortexM3\ARM_GCC_541\Debug\IsolationMonitor.o
                                 0xed (size before relaxing)
 .debug_str     0x00000508      0x102 .\CortexM3\ARM_GCC_541\Debug\TempSense.o
                                0x1dc (size before relaxing)
 .debug_str     0x0000060a       0xa8 .\CortexM3\ARM_GCC_541\Debug\Timer.o
                                0x1b9 (size before relaxing)
 .debug_str     0x000006b2       0x11 .\CortexM3\ARM_GCC_541\Debug\BMS_to_Vehicle.o
                                 0xeb (size before relaxing)
 .debug_str     0x000006c3        0xf .\CortexM3\ARM_GCC_541\Debug\BMS_to_Slave.o
                                 0xe9 (size before relaxing)
 .debug_str     0x000006d2      0x130 .\CortexM3\ARM_GCC_541\Debug\IVT-S.o
                                0x218 (size before relaxing)
 .debug_str     0x00000802      0x29f .\CortexM3\ARM_GCC_541\Debug\CAN.o
                                0x3eb (size before relaxing)
 .debug_str     0x00000aa1        0x6 .\CortexM3\ARM_GCC_541\Debug\SPI.o
                                 0xe0 (size before relaxing)
 .debug_str     0x00000aa7       0x52 .\CortexM3\ARM_GCC_541\Debug\UART.o
                                0x1f6 (size before relaxing)
 .debug_str     0x00000af9       0x74 .\CortexM3\ARM_GCC_541\Debug\main.o
                                0x218 (size before relaxing)
 .debug_str     0x00000b6d      0x186 .\CortexM3\ARM_GCC_541\Debug\cyfitter_cfg.o
                                0x330 (size before relaxing)
 .debug_str     0x00000cf3       0x75 .\CortexM3\ARM_GCC_541\Debug\cymetadata.o
                                0x1ee (size before relaxing)
 .debug_str     0x00000d68      0x144 .\CortexM3\ARM_GCC_541\Debug\Cm3Start.o
                                0x314 (size before relaxing)
 .debug_str     0x00000eac      0x188 .\CortexM3\ARM_GCC_541\Debug\BMS_Master.a(Vehicle_CAN_TX_RX_func.o)
                                0x3d9 (size before relaxing)
 .debug_str     0x00001034      0x30c .\CortexM3\ARM_GCC_541\Debug\BMS_Master.a(UART_DBG.o)
                                0x4fb (size before relaxing)
 .debug_str     0x00001340      0x1b1 .\CortexM3\ARM_GCC_541\Debug\BMS_Master.a(UART_DBG_IntClock.o)
                                0x370 (size before relaxing)
 .debug_str     0x000014f1      0x802 .\CortexM3\ARM_GCC_541\Debug\BMS_Master.a(CyLib.o)
                                0xa51 (size before relaxing)
 .debug_str     0x00001cf3      0x365 .\CortexM3\ARM_GCC_541\Debug\BMS_Master.a(cyPm.o)
                                0x73d (size before relaxing)
 .debug_str     0x00002058       0x96 .\CortexM3\ARM_GCC_541\Debug\BMS_Master.a(doBMS_RelayPreCharge.o)
                                0x237 (size before relaxing)
 .debug_str     0x000020ee      0x195 .\CortexM3\ARM_GCC_541\Debug\BMS_Master.a(Global_Timer.o)
                                0x378 (size before relaxing)
 .debug_str     0x00002283      0x101 .\CortexM3\ARM_GCC_541\Debug\BMS_Master.a(isr_RxUart.o)
                                0x2f6 (size before relaxing)
 .debug_str     0x00002384      0x1bb .\CortexM3\ARM_GCC_541\Debug\BMS_Master.a(CyFlash.o)
                                0x3ca (size before relaxing)
 .debug_str     0x0000253f       0xac .\CortexM3\ARM_GCC_541\Debug\BMS_Master.a(CySpc.o)
                                0x342 (size before relaxing)

.debug_loc      0x00000000     0x21b0
 *(.debug_loc)
 .debug_loc     0x00000000       0x56 .\CortexM3\ARM_GCC_541\Debug\TempSense.o
 .debug_loc     0x00000056       0x3d .\CortexM3\ARM_GCC_541\Debug\Timer.o
 .debug_loc     0x00000093       0x96 .\CortexM3\ARM_GCC_541\Debug\CAN.o
 .debug_loc     0x00000129       0x13 .\CortexM3\ARM_GCC_541\Debug\UART.o
 .debug_loc     0x0000013c      0x288 .\CortexM3\ARM_GCC_541\Debug\cyfitter_cfg.o
 .debug_loc     0x000003c4      0x144 .\CortexM3\ARM_GCC_541\Debug\Cm3Start.o
 .debug_loc     0x00000508      0x1d1 .\CortexM3\ARM_GCC_541\Debug\BMS_Master.a(Vehicle_CAN_TX_RX_func.o)
 .debug_loc     0x000006d9      0x258 .\CortexM3\ARM_GCC_541\Debug\BMS_Master.a(UART_DBG.o)
 .debug_loc     0x00000931      0x128 .\CortexM3\ARM_GCC_541\Debug\BMS_Master.a(UART_DBG_IntClock.o)
 .debug_loc     0x00000a59      0xa11 .\CortexM3\ARM_GCC_541\Debug\BMS_Master.a(CyLib.o)
 .debug_loc     0x0000146a      0x1e4 .\CortexM3\ARM_GCC_541\Debug\BMS_Master.a(cyPm.o)
 .debug_loc     0x0000164e       0x42 .\CortexM3\ARM_GCC_541\Debug\BMS_Master.a(doBMS_RelayPreCharge.o)
 .debug_loc     0x00001690       0x13 .\CortexM3\ARM_GCC_541\Debug\BMS_Master.a(Global_Timer.o)
 .debug_loc     0x000016a3       0x56 .\CortexM3\ARM_GCC_541\Debug\BMS_Master.a(isr_RxUart.o)
 .debug_loc     0x000016f9      0x3b2 .\CortexM3\ARM_GCC_541\Debug\BMS_Master.a(CyFlash.o)
 .debug_loc     0x00001aab      0x705 .\CortexM3\ARM_GCC_541\Debug\BMS_Master.a(CySpc.o)

.debug_macinfo
 *(.debug_macinfo)

.debug_ranges   0x00000000      0x818
 *(.debug_ranges)
 .debug_ranges  0x00000000       0x18 .\CortexM3\ARM_GCC_541\Debug\DriverControls.o
 .debug_ranges  0x00000018       0x30 .\CortexM3\ARM_GCC_541\Debug\RelayControl.o
 .debug_ranges  0x00000048       0x18 .\CortexM3\ARM_GCC_541\Debug\TempSense.o
 .debug_ranges  0x00000060       0x28 .\CortexM3\ARM_GCC_541\Debug\Timer.o
 .debug_ranges  0x00000088       0x20 .\CortexM3\ARM_GCC_541\Debug\IVT-S.o
 .debug_ranges  0x000000a8       0x20 .\CortexM3\ARM_GCC_541\Debug\CAN.o
 .debug_ranges  0x000000c8       0x10 .\CortexM3\ARM_GCC_541\Debug\UART.o
 .debug_ranges  0x000000d8       0x18 .\CortexM3\ARM_GCC_541\Debug\main.o
 .debug_ranges  0x000000f0       0x40 .\CortexM3\ARM_GCC_541\Debug\cyfitter_cfg.o
 .debug_ranges  0x00000130       0x38 .\CortexM3\ARM_GCC_541\Debug\Cm3Start.o
 .debug_ranges  0x00000168       0x68 .\CortexM3\ARM_GCC_541\Debug\BMS_Master.a(Vehicle_CAN_TX_RX_func.o)
 .debug_ranges  0x000001d0       0xe0 .\CortexM3\ARM_GCC_541\Debug\BMS_Master.a(UART_DBG.o)
 .debug_ranges  0x000002b0       0x60 .\CortexM3\ARM_GCC_541\Debug\BMS_Master.a(UART_DBG_IntClock.o)
 .debug_ranges  0x00000310      0x290 .\CortexM3\ARM_GCC_541\Debug\BMS_Master.a(CyLib.o)
 .debug_ranges  0x000005a0       0x88 .\CortexM3\ARM_GCC_541\Debug\BMS_Master.a(cyPm.o)
 .debug_ranges  0x00000628       0x28 .\CortexM3\ARM_GCC_541\Debug\BMS_Master.a(doBMS_RelayPreCharge.o)
 .debug_ranges  0x00000650       0x70 .\CortexM3\ARM_GCC_541\Debug\BMS_Master.a(Global_Timer.o)
 .debug_ranges  0x000006c0       0x70 .\CortexM3\ARM_GCC_541\Debug\BMS_Master.a(isr_RxUart.o)
 .debug_ranges  0x00000730       0x78 .\CortexM3\ARM_GCC_541\Debug\BMS_Master.a(CyFlash.o)
 .debug_ranges  0x000007a8       0x70 .\CortexM3\ARM_GCC_541\Debug\BMS_Master.a(CySpc.o)

.comment        0x00000000       0x6e
 .comment       0x00000000       0x6e .\CortexM3\ARM_GCC_541\Debug\DriverControls.o
                                 0x6f (size before relaxing)
 .comment       0x0000006e       0x6f .\CortexM3\ARM_GCC_541\Debug\DTC.o
 .comment       0x0000006e       0x6f .\CortexM3\ARM_GCC_541\Debug\RelayControl.o
 .comment       0x0000006e       0x6f .\CortexM3\ARM_GCC_541\Debug\mainState.o
 .comment       0x0000006e       0x6f .\CortexM3\ARM_GCC_541\Debug\SOC.o
 .comment       0x0000006e       0x6f .\CortexM3\ARM_GCC_541\Debug\Thermal.o
 .comment       0x0000006e       0x6f .\CortexM3\ARM_GCC_541\Debug\PowerLimit.o
 .comment       0x0000006e       0x6f .\CortexM3\ARM_GCC_541\Debug\IsolationMonitor.o
 .comment       0x0000006e       0x6f .\CortexM3\ARM_GCC_541\Debug\TempSense.o
 .comment       0x0000006e       0x6f .\CortexM3\ARM_GCC_541\Debug\Timer.o
 .comment       0x0000006e       0x6f .\CortexM3\ARM_GCC_541\Debug\BMS_to_Vehicle.o
 .comment       0x0000006e       0x6f .\CortexM3\ARM_GCC_541\Debug\BMS_to_Slave.o
 .comment       0x0000006e       0x6f .\CortexM3\ARM_GCC_541\Debug\IVT-S.o
 .comment       0x0000006e       0x6f .\CortexM3\ARM_GCC_541\Debug\CAN.o
 .comment       0x0000006e       0x6f .\CortexM3\ARM_GCC_541\Debug\SPI.o
 .comment       0x0000006e       0x6f .\CortexM3\ARM_GCC_541\Debug\UART.o
 .comment       0x0000006e       0x6f .\CortexM3\ARM_GCC_541\Debug\main.o
 .comment       0x0000006e       0x6f .\CortexM3\ARM_GCC_541\Debug\cyfitter_cfg.o
 .comment       0x0000006e       0x6f .\CortexM3\ARM_GCC_541\Debug\cymetadata.o
 .comment       0x0000006e       0x6f .\CortexM3\ARM_GCC_541\Debug\Cm3Start.o
 .comment       0x0000006e       0x6f .\CortexM3\ARM_GCC_541\Debug\BMS_Master.a(Vehicle_CAN_TX_RX_func.o)
 .comment       0x0000006e       0x6f .\CortexM3\ARM_GCC_541\Debug\BMS_Master.a(UART_DBG.o)
 .comment       0x0000006e       0x6f .\CortexM3\ARM_GCC_541\Debug\BMS_Master.a(UART_DBG_IntClock.o)
 .comment       0x0000006e       0x6f .\CortexM3\ARM_GCC_541\Debug\BMS_Master.a(CyLib.o)
 .comment       0x0000006e       0x6f .\CortexM3\ARM_GCC_541\Debug\BMS_Master.a(cyPm.o)
 .comment       0x0000006e       0x6f .\CortexM3\ARM_GCC_541\Debug\BMS_Master.a(doBMS_RelayPreCharge.o)
 .comment       0x0000006e       0x6f .\CortexM3\ARM_GCC_541\Debug\BMS_Master.a(Global_Timer.o)
 .comment       0x0000006e       0x6f .\CortexM3\ARM_GCC_541\Debug\BMS_Master.a(isr_RxUart.o)
 .comment       0x0000006e       0x6f .\CortexM3\ARM_GCC_541\Debug\BMS_Master.a(CyFlash.o)
 .comment       0x0000006e       0x6f .\CortexM3\ARM_GCC_541\Debug\BMS_Master.a(CySpc.o)

.debug_weaknames
 *(.debug_weaknames)

.debug_funcnames
 *(.debug_funcnames)

.debug_typenames
 *(.debug_typenames)

.debug_varnames
 *(.debug_varnames)

.note.gnu.arm.ident
 *(.note.gnu.arm.ident)

.ARM.attributes
                0x00000000       0x29
 *(.ARM.attributes)
 .ARM.attributes
                0x00000000       0x1d c:/program files (x86)/cypress/psoc creator/4.2/psoc creator/import/gnu/arm/5.4.1/bin/../lib/gcc/arm-none-eabi/5.4.1/armv7-m/crti.o
 .ARM.attributes
                0x0000001d       0x2d c:/program files (x86)/cypress/psoc creator/4.2/psoc creator/import/gnu/arm/5.4.1/bin/../lib/gcc/arm-none-eabi/5.4.1/armv7-m/crtbegin.o
 .ARM.attributes
                0x0000004a       0x1b c:/program files (x86)/cypress/psoc creator/4.2/psoc creator/import/gnu/arm/5.4.1/bin/../lib/gcc/arm-none-eabi/5.4.1/../../../../arm-none-eabi/lib/armv7-m/crt0.o
 .ARM.attributes
                0x00000065       0x33 .\CortexM3\ARM_GCC_541\Debug\DriverControls.o
 .ARM.attributes
                0x00000098       0x33 .\CortexM3\ARM_GCC_541\Debug\DTC.o
 .ARM.attributes
                0x000000cb       0x33 .\CortexM3\ARM_GCC_541\Debug\RelayControl.o
 .ARM.attributes
                0x000000fe       0x33 .\CortexM3\ARM_GCC_541\Debug\mainState.o
 .ARM.attributes
                0x00000131       0x33 .\CortexM3\ARM_GCC_541\Debug\SOC.o
 .ARM.attributes
                0x00000164       0x33 .\CortexM3\ARM_GCC_541\Debug\Thermal.o
 .ARM.attributes
                0x00000197       0x33 .\CortexM3\ARM_GCC_541\Debug\PowerLimit.o
 .ARM.attributes
                0x000001ca       0x33 .\CortexM3\ARM_GCC_541\Debug\IsolationMonitor.o
 .ARM.attributes
                0x000001fd       0x33 .\CortexM3\ARM_GCC_541\Debug\TempSense.o
 .ARM.attributes
                0x00000230       0x33 .\CortexM3\ARM_GCC_541\Debug\Timer.o
 .ARM.attributes
                0x00000263       0x33 .\CortexM3\ARM_GCC_541\Debug\BMS_to_Vehicle.o
 .ARM.attributes
                0x00000296       0x33 .\CortexM3\ARM_GCC_541\Debug\BMS_to_Slave.o
 .ARM.attributes
                0x000002c9       0x33 .\CortexM3\ARM_GCC_541\Debug\IVT-S.o
 .ARM.attributes
                0x000002fc       0x33 .\CortexM3\ARM_GCC_541\Debug\CAN.o
 .ARM.attributes
                0x0000032f       0x33 .\CortexM3\ARM_GCC_541\Debug\SPI.o
 .ARM.attributes
                0x00000362       0x33 .\CortexM3\ARM_GCC_541\Debug\UART.o
 .ARM.attributes
                0x00000395       0x33 .\CortexM3\ARM_GCC_541\Debug\main.o
 .ARM.attributes
                0x000003c8       0x33 .\CortexM3\ARM_GCC_541\Debug\cyfitter_cfg.o
 .ARM.attributes
                0x000003fb       0x33 .\CortexM3\ARM_GCC_541\Debug\cymetadata.o
 .ARM.attributes
                0x0000042e       0x33 .\CortexM3\ARM_GCC_541\Debug\Cm3Start.o
 .ARM.attributes
                0x00000461       0x33 .\CortexM3\ARM_GCC_541\Debug\BMS_Master.a(Vehicle_CAN_TX_RX_func.o)
 .ARM.attributes
                0x00000494       0x33 .\CortexM3\ARM_GCC_541\Debug\BMS_Master.a(UART_DBG.o)
 .ARM.attributes
                0x000004c7       0x33 .\CortexM3\ARM_GCC_541\Debug\BMS_Master.a(UART_DBG_IntClock.o)
 .ARM.attributes
                0x000004fa       0x33 .\CortexM3\ARM_GCC_541\Debug\BMS_Master.a(CyLib.o)
 .ARM.attributes
                0x0000052d       0x33 .\CortexM3\ARM_GCC_541\Debug\BMS_Master.a(cyPm.o)
 .ARM.attributes
                0x00000560       0x33 .\CortexM3\ARM_GCC_541\Debug\BMS_Master.a(doBMS_RelayPreCharge.o)
 .ARM.attributes
                0x00000593       0x33 .\CortexM3\ARM_GCC_541\Debug\BMS_Master.a(Global_Timer.o)
 .ARM.attributes
                0x000005c6       0x33 .\CortexM3\ARM_GCC_541\Debug\BMS_Master.a(isr_RxUart.o)
 .ARM.attributes
                0x000005f9       0x21 .\CortexM3\ARM_GCC_541\Debug\BMS_Master.a(CyBootAsmGnu.o)
 .ARM.attributes
                0x0000061a       0x33 .\CortexM3\ARM_GCC_541\Debug\BMS_Master.a(CyFlash.o)
 .ARM.attributes
                0x0000064d       0x33 .\CortexM3\ARM_GCC_541\Debug\BMS_Master.a(CySpc.o)
 .ARM.attributes
                0x00000680       0x2d c:/program files (x86)/cypress/psoc creator/4.2/psoc creator/import/gnu/arm/5.4.1/bin/../lib/gcc/arm-none-eabi/5.4.1/../../../../arm-none-eabi/lib/armv7-m\libg_nano.a(lib_a-errno.o)
 .ARM.attributes
                0x000006ad       0x2d c:/program files (x86)/cypress/psoc creator/4.2/psoc creator/import/gnu/arm/5.4.1/bin/../lib/gcc/arm-none-eabi/5.4.1/../../../../arm-none-eabi/lib/armv7-m\libg_nano.a(lib_a-exit.o)
 .ARM.attributes
                0x000006da       0x2d c:/program files (x86)/cypress/psoc creator/4.2/psoc creator/import/gnu/arm/5.4.1/bin/../lib/gcc/arm-none-eabi/5.4.1/../../../../arm-none-eabi/lib/armv7-m\libg_nano.a(lib_a-impure.o)
 .ARM.attributes
                0x00000707       0x2d c:/program files (x86)/cypress/psoc creator/4.2/psoc creator/import/gnu/arm/5.4.1/bin/../lib/gcc/arm-none-eabi/5.4.1/../../../../arm-none-eabi/lib/armv7-m\libg_nano.a(lib_a-init.o)
 .ARM.attributes
                0x00000734       0x2d c:/program files (x86)/cypress/psoc creator/4.2/psoc creator/import/gnu/arm/5.4.1/bin/../lib/gcc/arm-none-eabi/5.4.1/../../../../arm-none-eabi/lib/armv7-m\libg_nano.a(lib_a-memcpy-stub.o)
 .ARM.attributes
                0x00000761       0x2d c:/program files (x86)/cypress/psoc creator/4.2/psoc creator/import/gnu/arm/5.4.1/bin/../lib/gcc/arm-none-eabi/5.4.1/../../../../arm-none-eabi/lib/armv7-m\libg_nano.a(lib_a-memset.o)
 .ARM.attributes
                0x0000078e       0x2d c:/program files (x86)/cypress/psoc creator/4.2/psoc creator/import/gnu/arm/5.4.1/bin/../lib/gcc/arm-none-eabi/5.4.1/armv7-m/crtend.o
 .ARM.attributes
                0x000007bb       0x1d c:/program files (x86)/cypress/psoc creator/4.2/psoc creator/import/gnu/arm/5.4.1/bin/../lib/gcc/arm-none-eabi/5.4.1/armv7-m/crtn.o

/DISCARD/
 *(.note.GNU-stack)
OUTPUT(C:\Users\Timmo\Documents\GitHub\Software\BMS\BMS_Workspace\BMS_Master.cydsn\CortexM3\ARM_GCC_541\Debug\BMS_Master.elf elf32-littlearm)
