ARM GAS  C:\Users\Timmo\AppData\Local\Temp\ccIILwqM.s 			page 1


   1              		.syntax unified
   2              		.cpu cortex-m3
   3              		.fpu softvfp
   4              		.eabi_attribute 20, 1
   5              		.eabi_attribute 21, 1
   6              		.eabi_attribute 23, 3
   7              		.eabi_attribute 24, 1
   8              		.eabi_attribute 25, 1
   9              		.eabi_attribute 26, 1
  10              		.eabi_attribute 30, 1
  11              		.eabi_attribute 34, 1
  12              		.eabi_attribute 18, 4
  13              		.thumb
  14              		.syntax unified
  15              		.file	"Vehicle_CAN_INT.c"
  16              		.text
  17              	.Ltext0:
  18              		.cfi_sections	.debug_frame
  19              		.section	.text.Vehicle_CAN_BusOffIsr,"ax",%progbits
  20              		.align	2
  21              		.global	Vehicle_CAN_BusOffIsr
  22              		.thumb
  23              		.thumb_func
  24              		.type	Vehicle_CAN_BusOffIsr, %function
  25              	Vehicle_CAN_BusOffIsr:
  26              	.LFB0:
  27              		.file 1 "Generated_Source\\PSoC5\\Vehicle_CAN_INT.c"
   1:Generated_Source\PSoC5/Vehicle_CAN_INT.c **** /*******************************************************************************
   2:Generated_Source\PSoC5/Vehicle_CAN_INT.c **** * File Name: Vehicle_CAN_INT.c
   3:Generated_Source\PSoC5/Vehicle_CAN_INT.c **** * Version 3.0
   4:Generated_Source\PSoC5/Vehicle_CAN_INT.c **** *
   5:Generated_Source\PSoC5/Vehicle_CAN_INT.c **** * Description:
   6:Generated_Source\PSoC5/Vehicle_CAN_INT.c **** *  This file contains Interrupt Service Routine (ISR) for CAN Component.
   7:Generated_Source\PSoC5/Vehicle_CAN_INT.c **** *  The Interrupt handlers functions are generated accordingly to the PSoC
   8:Generated_Source\PSoC5/Vehicle_CAN_INT.c **** *  Creator Customizer inputs.
   9:Generated_Source\PSoC5/Vehicle_CAN_INT.c **** *
  10:Generated_Source\PSoC5/Vehicle_CAN_INT.c **** * Note:
  11:Generated_Source\PSoC5/Vehicle_CAN_INT.c **** *  None
  12:Generated_Source\PSoC5/Vehicle_CAN_INT.c **** *
  13:Generated_Source\PSoC5/Vehicle_CAN_INT.c **** ********************************************************************************
  14:Generated_Source\PSoC5/Vehicle_CAN_INT.c **** * Copyright 2008-2015, Cypress Semiconductor Corporation.  All rights reserved.
  15:Generated_Source\PSoC5/Vehicle_CAN_INT.c **** * You may use this file only in accordance with the license, terms, conditions,
  16:Generated_Source\PSoC5/Vehicle_CAN_INT.c **** * disclaimers, and limitations in the end user license agreement accompanying
  17:Generated_Source\PSoC5/Vehicle_CAN_INT.c **** * the software package with which this file was provided.
  18:Generated_Source\PSoC5/Vehicle_CAN_INT.c **** *******************************************************************************/
  19:Generated_Source\PSoC5/Vehicle_CAN_INT.c **** 
  20:Generated_Source\PSoC5/Vehicle_CAN_INT.c **** #include "Vehicle_CAN.h"
  21:Generated_Source\PSoC5/Vehicle_CAN_INT.c **** #include "cyapicallbacks.h"
  22:Generated_Source\PSoC5/Vehicle_CAN_INT.c **** 
  23:Generated_Source\PSoC5/Vehicle_CAN_INT.c **** /* `#START CAN_INT_C_CODE_DEFINITION` */
  24:Generated_Source\PSoC5/Vehicle_CAN_INT.c **** 
  25:Generated_Source\PSoC5/Vehicle_CAN_INT.c **** /* `#END` */
  26:Generated_Source\PSoC5/Vehicle_CAN_INT.c **** 
  27:Generated_Source\PSoC5/Vehicle_CAN_INT.c **** #if (Vehicle_CAN_ARB_LOST)
  28:Generated_Source\PSoC5/Vehicle_CAN_INT.c ****     /*******************************************************************************
  29:Generated_Source\PSoC5/Vehicle_CAN_INT.c ****     * FUNCTION NAME:   Vehicle_CAN_ArbLostIsr
  30:Generated_Source\PSoC5/Vehicle_CAN_INT.c ****     ********************************************************************************
ARM GAS  C:\Users\Timmo\AppData\Local\Temp\ccIILwqM.s 			page 2


  31:Generated_Source\PSoC5/Vehicle_CAN_INT.c ****     *
  32:Generated_Source\PSoC5/Vehicle_CAN_INT.c ****     * Summary:
  33:Generated_Source\PSoC5/Vehicle_CAN_INT.c ****     *  This function is entry point to Arbitration Lost Interrupt. Clears
  34:Generated_Source\PSoC5/Vehicle_CAN_INT.c ****     *  Arbitration Lost interrupt flag. Only generated if Arbitration Lost
  35:Generated_Source\PSoC5/Vehicle_CAN_INT.c ****     *  Interrupt enable in Customizer.
  36:Generated_Source\PSoC5/Vehicle_CAN_INT.c ****     *
  37:Generated_Source\PSoC5/Vehicle_CAN_INT.c ****     * Parameters:
  38:Generated_Source\PSoC5/Vehicle_CAN_INT.c ****     *  None.
  39:Generated_Source\PSoC5/Vehicle_CAN_INT.c ****     *
  40:Generated_Source\PSoC5/Vehicle_CAN_INT.c ****     * Return:
  41:Generated_Source\PSoC5/Vehicle_CAN_INT.c ****     *  None.
  42:Generated_Source\PSoC5/Vehicle_CAN_INT.c ****     *
  43:Generated_Source\PSoC5/Vehicle_CAN_INT.c ****     * Reentrant:
  44:Generated_Source\PSoC5/Vehicle_CAN_INT.c ****     *  Depends on Customer code.
  45:Generated_Source\PSoC5/Vehicle_CAN_INT.c ****     *
  46:Generated_Source\PSoC5/Vehicle_CAN_INT.c ****     *******************************************************************************/
  47:Generated_Source\PSoC5/Vehicle_CAN_INT.c ****     void Vehicle_CAN_ArbLostIsr(void) 
  48:Generated_Source\PSoC5/Vehicle_CAN_INT.c ****     {
  49:Generated_Source\PSoC5/Vehicle_CAN_INT.c ****         /* Clear Arbitration Lost flag */
  50:Generated_Source\PSoC5/Vehicle_CAN_INT.c ****         Vehicle_CAN_INT_SR_REG.byte[0u] = Vehicle_CAN_ARBITRATION_LOST_MASK;
  51:Generated_Source\PSoC5/Vehicle_CAN_INT.c **** 
  52:Generated_Source\PSoC5/Vehicle_CAN_INT.c ****         /* `#START ARBITRATION_LOST_ISR` */
  53:Generated_Source\PSoC5/Vehicle_CAN_INT.c **** 
  54:Generated_Source\PSoC5/Vehicle_CAN_INT.c ****         /* `#END` */
  55:Generated_Source\PSoC5/Vehicle_CAN_INT.c **** 
  56:Generated_Source\PSoC5/Vehicle_CAN_INT.c ****         #ifdef Vehicle_CAN_ARB_LOST_ISR_CALLBACK
  57:Generated_Source\PSoC5/Vehicle_CAN_INT.c ****             Vehicle_CAN_ArbLostIsr_Callback();
  58:Generated_Source\PSoC5/Vehicle_CAN_INT.c ****         #endif /* Vehicle_CAN_ARB_LOST_ISR_CALLBACK */
  59:Generated_Source\PSoC5/Vehicle_CAN_INT.c ****     }
  60:Generated_Source\PSoC5/Vehicle_CAN_INT.c **** #endif /* Vehicle_CAN_ARB_LOST */
  61:Generated_Source\PSoC5/Vehicle_CAN_INT.c **** 
  62:Generated_Source\PSoC5/Vehicle_CAN_INT.c **** 
  63:Generated_Source\PSoC5/Vehicle_CAN_INT.c **** #if (Vehicle_CAN_OVERLOAD)
  64:Generated_Source\PSoC5/Vehicle_CAN_INT.c ****     /*******************************************************************************
  65:Generated_Source\PSoC5/Vehicle_CAN_INT.c ****     * FUNCTION NAME:   Vehicle_CAN_OvrLdErrorIsr
  66:Generated_Source\PSoC5/Vehicle_CAN_INT.c ****     ********************************************************************************
  67:Generated_Source\PSoC5/Vehicle_CAN_INT.c ****     *
  68:Generated_Source\PSoC5/Vehicle_CAN_INT.c ****     * Summary:
  69:Generated_Source\PSoC5/Vehicle_CAN_INT.c ****     *  This function is entry point to Overload Error Interrupt. Clears Overload
  70:Generated_Source\PSoC5/Vehicle_CAN_INT.c ****     *  Error interrupt flag. Only generated if Overload Error Interrupt enable
  71:Generated_Source\PSoC5/Vehicle_CAN_INT.c ****     *  in Customizer.
  72:Generated_Source\PSoC5/Vehicle_CAN_INT.c ****     *
  73:Generated_Source\PSoC5/Vehicle_CAN_INT.c ****     * Parameters:
  74:Generated_Source\PSoC5/Vehicle_CAN_INT.c ****     *  None.
  75:Generated_Source\PSoC5/Vehicle_CAN_INT.c ****     *
  76:Generated_Source\PSoC5/Vehicle_CAN_INT.c ****     * Return:
  77:Generated_Source\PSoC5/Vehicle_CAN_INT.c ****     *  None.
  78:Generated_Source\PSoC5/Vehicle_CAN_INT.c ****     *
  79:Generated_Source\PSoC5/Vehicle_CAN_INT.c ****     * Reentrant:
  80:Generated_Source\PSoC5/Vehicle_CAN_INT.c ****     *  Depends on Customer code.
  81:Generated_Source\PSoC5/Vehicle_CAN_INT.c ****     *
  82:Generated_Source\PSoC5/Vehicle_CAN_INT.c ****     *******************************************************************************/
  83:Generated_Source\PSoC5/Vehicle_CAN_INT.c ****     void Vehicle_CAN_OvrLdErrorIsr(void) 
  84:Generated_Source\PSoC5/Vehicle_CAN_INT.c ****     {
  85:Generated_Source\PSoC5/Vehicle_CAN_INT.c ****         /* Clear Overload Error flag */
  86:Generated_Source\PSoC5/Vehicle_CAN_INT.c ****         Vehicle_CAN_INT_SR_REG.byte[0u] = Vehicle_CAN_OVERLOAD_ERROR_MASK;
  87:Generated_Source\PSoC5/Vehicle_CAN_INT.c **** 
ARM GAS  C:\Users\Timmo\AppData\Local\Temp\ccIILwqM.s 			page 3


  88:Generated_Source\PSoC5/Vehicle_CAN_INT.c ****         /* `#START OVER_LOAD_ERROR_ISR` */
  89:Generated_Source\PSoC5/Vehicle_CAN_INT.c **** 
  90:Generated_Source\PSoC5/Vehicle_CAN_INT.c ****         /* `#END` */
  91:Generated_Source\PSoC5/Vehicle_CAN_INT.c **** 
  92:Generated_Source\PSoC5/Vehicle_CAN_INT.c ****         #ifdef Vehicle_CAN_OVR_LD_ERROR_ISR_CALLBACK
  93:Generated_Source\PSoC5/Vehicle_CAN_INT.c ****             Vehicle_CAN_OvrLdErrorIsr_Callback();
  94:Generated_Source\PSoC5/Vehicle_CAN_INT.c ****         #endif /* Vehicle_CAN_OVR_LD_ERROR_ISR_CALLBACK */
  95:Generated_Source\PSoC5/Vehicle_CAN_INT.c ****     }
  96:Generated_Source\PSoC5/Vehicle_CAN_INT.c **** #endif /* Vehicle_CAN_OVERLOAD */
  97:Generated_Source\PSoC5/Vehicle_CAN_INT.c **** 
  98:Generated_Source\PSoC5/Vehicle_CAN_INT.c **** 
  99:Generated_Source\PSoC5/Vehicle_CAN_INT.c **** #if (Vehicle_CAN_BIT_ERR)
 100:Generated_Source\PSoC5/Vehicle_CAN_INT.c ****     /*******************************************************************************
 101:Generated_Source\PSoC5/Vehicle_CAN_INT.c ****     * FUNCTION NAME:   Vehicle_CAN_BitErrorIsr
 102:Generated_Source\PSoC5/Vehicle_CAN_INT.c ****     ********************************************************************************
 103:Generated_Source\PSoC5/Vehicle_CAN_INT.c ****     *
 104:Generated_Source\PSoC5/Vehicle_CAN_INT.c ****     * Summary:
 105:Generated_Source\PSoC5/Vehicle_CAN_INT.c ****     *  This function is entry point to Bit Error Interrupt. Clears Bit Error
 106:Generated_Source\PSoC5/Vehicle_CAN_INT.c ****     *  interrupt flag. Only generated if Bit Error Interrupt enable in Customizer.
 107:Generated_Source\PSoC5/Vehicle_CAN_INT.c ****     *
 108:Generated_Source\PSoC5/Vehicle_CAN_INT.c ****     * Parameters:
 109:Generated_Source\PSoC5/Vehicle_CAN_INT.c ****     *  None.
 110:Generated_Source\PSoC5/Vehicle_CAN_INT.c ****     *
 111:Generated_Source\PSoC5/Vehicle_CAN_INT.c ****     * Return:
 112:Generated_Source\PSoC5/Vehicle_CAN_INT.c ****     *  None.
 113:Generated_Source\PSoC5/Vehicle_CAN_INT.c ****     *
 114:Generated_Source\PSoC5/Vehicle_CAN_INT.c ****     * Reentrant:
 115:Generated_Source\PSoC5/Vehicle_CAN_INT.c ****     *  Depends on Customer code.
 116:Generated_Source\PSoC5/Vehicle_CAN_INT.c ****     *
 117:Generated_Source\PSoC5/Vehicle_CAN_INT.c ****     *******************************************************************************/
 118:Generated_Source\PSoC5/Vehicle_CAN_INT.c ****     void Vehicle_CAN_BitErrorIsr(void) 
 119:Generated_Source\PSoC5/Vehicle_CAN_INT.c ****     {
 120:Generated_Source\PSoC5/Vehicle_CAN_INT.c ****         /* Clear Bit Error flag */
 121:Generated_Source\PSoC5/Vehicle_CAN_INT.c ****         Vehicle_CAN_INT_SR_REG.byte[0u] = Vehicle_CAN_BIT_ERROR_MASK;
 122:Generated_Source\PSoC5/Vehicle_CAN_INT.c **** 
 123:Generated_Source\PSoC5/Vehicle_CAN_INT.c ****         /* `#START BIT_ERROR_ISR` */
 124:Generated_Source\PSoC5/Vehicle_CAN_INT.c **** 
 125:Generated_Source\PSoC5/Vehicle_CAN_INT.c ****         /* `#END` */
 126:Generated_Source\PSoC5/Vehicle_CAN_INT.c **** 
 127:Generated_Source\PSoC5/Vehicle_CAN_INT.c ****         #ifdef Vehicle_CAN_BIT_ERROR_ISR_CALLBACK
 128:Generated_Source\PSoC5/Vehicle_CAN_INT.c ****             Vehicle_CAN_BitErrorIsr_Callback();
 129:Generated_Source\PSoC5/Vehicle_CAN_INT.c ****         #endif /* Vehicle_CAN_BIT_ERROR_ISR_CALLBACK */
 130:Generated_Source\PSoC5/Vehicle_CAN_INT.c ****     }
 131:Generated_Source\PSoC5/Vehicle_CAN_INT.c **** #endif /* Vehicle_CAN_BIT_ERR */
 132:Generated_Source\PSoC5/Vehicle_CAN_INT.c **** 
 133:Generated_Source\PSoC5/Vehicle_CAN_INT.c **** 
 134:Generated_Source\PSoC5/Vehicle_CAN_INT.c **** #if (Vehicle_CAN_STUFF_ERR)
 135:Generated_Source\PSoC5/Vehicle_CAN_INT.c ****     /*******************************************************************************
 136:Generated_Source\PSoC5/Vehicle_CAN_INT.c ****     * FUNCTION NAME:   Vehicle_CAN_BitStuffErrorIsr
 137:Generated_Source\PSoC5/Vehicle_CAN_INT.c ****     ********************************************************************************
 138:Generated_Source\PSoC5/Vehicle_CAN_INT.c ****     *
 139:Generated_Source\PSoC5/Vehicle_CAN_INT.c ****     * Summary:
 140:Generated_Source\PSoC5/Vehicle_CAN_INT.c ****     *  This function is entry point to Bit Stuff Error Interrupt. Clears Bit Stuff
 141:Generated_Source\PSoC5/Vehicle_CAN_INT.c ****     *  Error interrupt flag. Only generated if Bit Stuff Error Interrupt enable
 142:Generated_Source\PSoC5/Vehicle_CAN_INT.c ****     *  in Customizer.
 143:Generated_Source\PSoC5/Vehicle_CAN_INT.c ****     *
 144:Generated_Source\PSoC5/Vehicle_CAN_INT.c ****     * Parameters:
ARM GAS  C:\Users\Timmo\AppData\Local\Temp\ccIILwqM.s 			page 4


 145:Generated_Source\PSoC5/Vehicle_CAN_INT.c ****     *  None.
 146:Generated_Source\PSoC5/Vehicle_CAN_INT.c ****     *
 147:Generated_Source\PSoC5/Vehicle_CAN_INT.c ****     * Return:
 148:Generated_Source\PSoC5/Vehicle_CAN_INT.c ****     *  None.
 149:Generated_Source\PSoC5/Vehicle_CAN_INT.c ****     *
 150:Generated_Source\PSoC5/Vehicle_CAN_INT.c ****     * Reentrant:
 151:Generated_Source\PSoC5/Vehicle_CAN_INT.c ****     *  Depends on Customer code.
 152:Generated_Source\PSoC5/Vehicle_CAN_INT.c ****     *
 153:Generated_Source\PSoC5/Vehicle_CAN_INT.c ****     *******************************************************************************/
 154:Generated_Source\PSoC5/Vehicle_CAN_INT.c ****     void Vehicle_CAN_BitStuffErrorIsr(void) 
 155:Generated_Source\PSoC5/Vehicle_CAN_INT.c ****     {
 156:Generated_Source\PSoC5/Vehicle_CAN_INT.c ****         /* Clear Stuff Error flag */
 157:Generated_Source\PSoC5/Vehicle_CAN_INT.c ****         Vehicle_CAN_INT_SR_REG.byte[0u] = Vehicle_CAN_STUFF_ERROR_MASK;
 158:Generated_Source\PSoC5/Vehicle_CAN_INT.c **** 
 159:Generated_Source\PSoC5/Vehicle_CAN_INT.c ****         /* `#START BIT_STUFF_ERROR_ISR` */
 160:Generated_Source\PSoC5/Vehicle_CAN_INT.c **** 
 161:Generated_Source\PSoC5/Vehicle_CAN_INT.c ****         /* `#END` */
 162:Generated_Source\PSoC5/Vehicle_CAN_INT.c **** 
 163:Generated_Source\PSoC5/Vehicle_CAN_INT.c ****         #ifdef Vehicle_CAN_BIT_STUFF_ERROR_ISR_CALLBACK
 164:Generated_Source\PSoC5/Vehicle_CAN_INT.c ****             Vehicle_CAN_BitStuffErrorIsr_Callback();
 165:Generated_Source\PSoC5/Vehicle_CAN_INT.c ****         #endif /* Vehicle_CAN_BIT_STUFF_ERROR_ISR_CALLBACK */
 166:Generated_Source\PSoC5/Vehicle_CAN_INT.c ****     }
 167:Generated_Source\PSoC5/Vehicle_CAN_INT.c **** #endif /* Vehicle_CAN_STUFF_ERR */
 168:Generated_Source\PSoC5/Vehicle_CAN_INT.c **** 
 169:Generated_Source\PSoC5/Vehicle_CAN_INT.c **** 
 170:Generated_Source\PSoC5/Vehicle_CAN_INT.c **** #if (Vehicle_CAN_ACK_ERR)
 171:Generated_Source\PSoC5/Vehicle_CAN_INT.c ****     /*******************************************************************************
 172:Generated_Source\PSoC5/Vehicle_CAN_INT.c ****     * FUNCTION NAME:   Vehicle_CAN_AckErrorIsr
 173:Generated_Source\PSoC5/Vehicle_CAN_INT.c ****     ********************************************************************************
 174:Generated_Source\PSoC5/Vehicle_CAN_INT.c ****     *
 175:Generated_Source\PSoC5/Vehicle_CAN_INT.c ****     * Summary:
 176:Generated_Source\PSoC5/Vehicle_CAN_INT.c ****     *  This function is entry point to Acknowledge Error Interrupt. Clears
 177:Generated_Source\PSoC5/Vehicle_CAN_INT.c ****     *  Acknowledge Error interrupt flag. Only generated if Acknowledge Error
 178:Generated_Source\PSoC5/Vehicle_CAN_INT.c ****     *  Interrupt enable in Customizer.
 179:Generated_Source\PSoC5/Vehicle_CAN_INT.c ****     *
 180:Generated_Source\PSoC5/Vehicle_CAN_INT.c ****     * Parameters:
 181:Generated_Source\PSoC5/Vehicle_CAN_INT.c ****     *  None.
 182:Generated_Source\PSoC5/Vehicle_CAN_INT.c ****     *
 183:Generated_Source\PSoC5/Vehicle_CAN_INT.c ****     * Return:
 184:Generated_Source\PSoC5/Vehicle_CAN_INT.c ****     *  None.
 185:Generated_Source\PSoC5/Vehicle_CAN_INT.c ****     *
 186:Generated_Source\PSoC5/Vehicle_CAN_INT.c ****     * Reentrant:
 187:Generated_Source\PSoC5/Vehicle_CAN_INT.c ****     *  Depends on Customer code.
 188:Generated_Source\PSoC5/Vehicle_CAN_INT.c ****     *
 189:Generated_Source\PSoC5/Vehicle_CAN_INT.c ****     *******************************************************************************/
 190:Generated_Source\PSoC5/Vehicle_CAN_INT.c ****     void Vehicle_CAN_AckErrorIsr(void) 
 191:Generated_Source\PSoC5/Vehicle_CAN_INT.c ****     {
 192:Generated_Source\PSoC5/Vehicle_CAN_INT.c ****         /* Clear Acknoledge Error flag */
 193:Generated_Source\PSoC5/Vehicle_CAN_INT.c ****         Vehicle_CAN_INT_SR_REG.byte[0u] = Vehicle_CAN_ACK_ERROR_MASK;
 194:Generated_Source\PSoC5/Vehicle_CAN_INT.c **** 
 195:Generated_Source\PSoC5/Vehicle_CAN_INT.c ****         /* `#START ACKNOWLEDGE_ERROR_ISR` */
 196:Generated_Source\PSoC5/Vehicle_CAN_INT.c **** 
 197:Generated_Source\PSoC5/Vehicle_CAN_INT.c ****         /* `#END` */
 198:Generated_Source\PSoC5/Vehicle_CAN_INT.c **** 
 199:Generated_Source\PSoC5/Vehicle_CAN_INT.c ****         #ifdef Vehicle_CAN_ACK_ERROR_ISR_CALLBACK
 200:Generated_Source\PSoC5/Vehicle_CAN_INT.c ****             Vehicle_CAN_AckErrorIsr_Callback();
 201:Generated_Source\PSoC5/Vehicle_CAN_INT.c ****         #endif /* Vehicle_CAN_ACK_ERROR_ISR_CALLBACK */
ARM GAS  C:\Users\Timmo\AppData\Local\Temp\ccIILwqM.s 			page 5


 202:Generated_Source\PSoC5/Vehicle_CAN_INT.c ****     }
 203:Generated_Source\PSoC5/Vehicle_CAN_INT.c **** #endif /* Vehicle_CAN_ACK_ERR */
 204:Generated_Source\PSoC5/Vehicle_CAN_INT.c **** 
 205:Generated_Source\PSoC5/Vehicle_CAN_INT.c **** 
 206:Generated_Source\PSoC5/Vehicle_CAN_INT.c **** #if (Vehicle_CAN_FORM_ERR)
 207:Generated_Source\PSoC5/Vehicle_CAN_INT.c ****     /*******************************************************************************
 208:Generated_Source\PSoC5/Vehicle_CAN_INT.c ****     * FUNCTION NAME:   Vehicle_CAN_MsgErrorIsr
 209:Generated_Source\PSoC5/Vehicle_CAN_INT.c ****     ********************************************************************************
 210:Generated_Source\PSoC5/Vehicle_CAN_INT.c ****     *
 211:Generated_Source\PSoC5/Vehicle_CAN_INT.c ****     * Summary:
 212:Generated_Source\PSoC5/Vehicle_CAN_INT.c ****     *  This function is entry point to Form Error Interrupt. Clears Form Error
 213:Generated_Source\PSoC5/Vehicle_CAN_INT.c ****     *  interrupt flag. Only generated if Form Error Interrupt enable in Customizer.
 214:Generated_Source\PSoC5/Vehicle_CAN_INT.c ****     *
 215:Generated_Source\PSoC5/Vehicle_CAN_INT.c ****     * Parameters:
 216:Generated_Source\PSoC5/Vehicle_CAN_INT.c ****     *  None.
 217:Generated_Source\PSoC5/Vehicle_CAN_INT.c ****     *
 218:Generated_Source\PSoC5/Vehicle_CAN_INT.c ****     * Return:
 219:Generated_Source\PSoC5/Vehicle_CAN_INT.c ****     *  None.
 220:Generated_Source\PSoC5/Vehicle_CAN_INT.c ****     *
 221:Generated_Source\PSoC5/Vehicle_CAN_INT.c ****     * Reentrant:
 222:Generated_Source\PSoC5/Vehicle_CAN_INT.c ****     *  Depends on Customer code.
 223:Generated_Source\PSoC5/Vehicle_CAN_INT.c ****     *
 224:Generated_Source\PSoC5/Vehicle_CAN_INT.c ****     *******************************************************************************/
 225:Generated_Source\PSoC5/Vehicle_CAN_INT.c ****     void Vehicle_CAN_MsgErrorIsr(void) 
 226:Generated_Source\PSoC5/Vehicle_CAN_INT.c ****     {
 227:Generated_Source\PSoC5/Vehicle_CAN_INT.c ****         /* Clear Form Error flag */
 228:Generated_Source\PSoC5/Vehicle_CAN_INT.c ****         Vehicle_CAN_INT_SR_REG.byte[0u] = Vehicle_CAN_FORM_ERROR_MASK;
 229:Generated_Source\PSoC5/Vehicle_CAN_INT.c **** 
 230:Generated_Source\PSoC5/Vehicle_CAN_INT.c ****         /* `#START MESSAGE_ERROR_ISR` */
 231:Generated_Source\PSoC5/Vehicle_CAN_INT.c **** 
 232:Generated_Source\PSoC5/Vehicle_CAN_INT.c ****         /* `#END` */
 233:Generated_Source\PSoC5/Vehicle_CAN_INT.c **** 
 234:Generated_Source\PSoC5/Vehicle_CAN_INT.c ****         #ifdef Vehicle_CAN_MSG_ERROR_ISR_CALLBACK
 235:Generated_Source\PSoC5/Vehicle_CAN_INT.c ****             Vehicle_CAN_MsgErrorIsr_Callback();
 236:Generated_Source\PSoC5/Vehicle_CAN_INT.c ****         #endif /* Vehicle_CAN_MSG_ERROR_ISR_CALLBACK */
 237:Generated_Source\PSoC5/Vehicle_CAN_INT.c ****     }
 238:Generated_Source\PSoC5/Vehicle_CAN_INT.c **** #endif /* Vehicle_CAN_FORM_ERR */
 239:Generated_Source\PSoC5/Vehicle_CAN_INT.c **** 
 240:Generated_Source\PSoC5/Vehicle_CAN_INT.c **** 
 241:Generated_Source\PSoC5/Vehicle_CAN_INT.c **** #if (Vehicle_CAN_CRC_ERR)
 242:Generated_Source\PSoC5/Vehicle_CAN_INT.c ****     /*******************************************************************************
 243:Generated_Source\PSoC5/Vehicle_CAN_INT.c ****     * FUNCTION NAME:   Vehicle_CAN_CrcErrorIsr
 244:Generated_Source\PSoC5/Vehicle_CAN_INT.c ****     ********************************************************************************
 245:Generated_Source\PSoC5/Vehicle_CAN_INT.c ****     *
 246:Generated_Source\PSoC5/Vehicle_CAN_INT.c ****     * Summary:
 247:Generated_Source\PSoC5/Vehicle_CAN_INT.c ****     *  This function is entry point to CRC Error Interrupt. Clears CRC Error
 248:Generated_Source\PSoC5/Vehicle_CAN_INT.c ****     *  interrupt flag. Only generated if CRC Error Interrupt enable in Customizer.
 249:Generated_Source\PSoC5/Vehicle_CAN_INT.c ****     *
 250:Generated_Source\PSoC5/Vehicle_CAN_INT.c ****     * Parameters:
 251:Generated_Source\PSoC5/Vehicle_CAN_INT.c ****     *  None.
 252:Generated_Source\PSoC5/Vehicle_CAN_INT.c ****     *
 253:Generated_Source\PSoC5/Vehicle_CAN_INT.c ****     * Return:
 254:Generated_Source\PSoC5/Vehicle_CAN_INT.c ****     *  None.
 255:Generated_Source\PSoC5/Vehicle_CAN_INT.c ****     *
 256:Generated_Source\PSoC5/Vehicle_CAN_INT.c ****     * Reentrant:
 257:Generated_Source\PSoC5/Vehicle_CAN_INT.c ****     *  Depends on Customer code.
 258:Generated_Source\PSoC5/Vehicle_CAN_INT.c ****     *
ARM GAS  C:\Users\Timmo\AppData\Local\Temp\ccIILwqM.s 			page 6


 259:Generated_Source\PSoC5/Vehicle_CAN_INT.c ****     *******************************************************************************/
 260:Generated_Source\PSoC5/Vehicle_CAN_INT.c ****     void Vehicle_CAN_CrcErrorIsr(void) 
 261:Generated_Source\PSoC5/Vehicle_CAN_INT.c ****     {
 262:Generated_Source\PSoC5/Vehicle_CAN_INT.c ****         /* Clear CRC Error flag */
 263:Generated_Source\PSoC5/Vehicle_CAN_INT.c ****         Vehicle_CAN_INT_SR_REG.byte[1u] = Vehicle_CAN_CRC_ERROR_MASK;
 264:Generated_Source\PSoC5/Vehicle_CAN_INT.c **** 
 265:Generated_Source\PSoC5/Vehicle_CAN_INT.c ****         /* `#START CRC_ERROR_ISR` */
 266:Generated_Source\PSoC5/Vehicle_CAN_INT.c **** 
 267:Generated_Source\PSoC5/Vehicle_CAN_INT.c ****         /* `#END` */
 268:Generated_Source\PSoC5/Vehicle_CAN_INT.c **** 
 269:Generated_Source\PSoC5/Vehicle_CAN_INT.c ****         #ifdef Vehicle_CAN_CRC_ERROR_ISR_CALLBACK
 270:Generated_Source\PSoC5/Vehicle_CAN_INT.c ****             Vehicle_CAN_CrcErrorIsr_Callback();
 271:Generated_Source\PSoC5/Vehicle_CAN_INT.c ****         #endif /* Vehicle_CAN_CRC_ERROR_ISR_CALLBACK */
 272:Generated_Source\PSoC5/Vehicle_CAN_INT.c ****     }
 273:Generated_Source\PSoC5/Vehicle_CAN_INT.c **** #endif /* Vehicle_CAN_CRC_ERR */
 274:Generated_Source\PSoC5/Vehicle_CAN_INT.c **** 
 275:Generated_Source\PSoC5/Vehicle_CAN_INT.c **** 
 276:Generated_Source\PSoC5/Vehicle_CAN_INT.c **** #if (Vehicle_CAN_BUS_OFF)
 277:Generated_Source\PSoC5/Vehicle_CAN_INT.c ****     /*******************************************************************************
 278:Generated_Source\PSoC5/Vehicle_CAN_INT.c ****     * FUNCTION NAME:   Vehicle_CAN_BusOffIsr
 279:Generated_Source\PSoC5/Vehicle_CAN_INT.c ****     ********************************************************************************
 280:Generated_Source\PSoC5/Vehicle_CAN_INT.c ****     *
 281:Generated_Source\PSoC5/Vehicle_CAN_INT.c ****     * Summary:
 282:Generated_Source\PSoC5/Vehicle_CAN_INT.c ****     *  This function is entry point to Bus Off Interrupt. Places CAN Component
 283:Generated_Source\PSoC5/Vehicle_CAN_INT.c ****     *  to Stop mode. Only generated if Bus Off Interrupt enable in Customizer.
 284:Generated_Source\PSoC5/Vehicle_CAN_INT.c ****     *  Recommended setting to enable this interrupt.
 285:Generated_Source\PSoC5/Vehicle_CAN_INT.c ****     *
 286:Generated_Source\PSoC5/Vehicle_CAN_INT.c ****     * Parameters:
 287:Generated_Source\PSoC5/Vehicle_CAN_INT.c ****     *  None.
 288:Generated_Source\PSoC5/Vehicle_CAN_INT.c ****     *
 289:Generated_Source\PSoC5/Vehicle_CAN_INT.c ****     * Return:
 290:Generated_Source\PSoC5/Vehicle_CAN_INT.c ****     *  None.
 291:Generated_Source\PSoC5/Vehicle_CAN_INT.c ****     *
 292:Generated_Source\PSoC5/Vehicle_CAN_INT.c ****     * Side Effects:
 293:Generated_Source\PSoC5/Vehicle_CAN_INT.c ****     *  Stops CAN component operation.
 294:Generated_Source\PSoC5/Vehicle_CAN_INT.c ****     *
 295:Generated_Source\PSoC5/Vehicle_CAN_INT.c ****     *******************************************************************************/
 296:Generated_Source\PSoC5/Vehicle_CAN_INT.c ****     void Vehicle_CAN_BusOffIsr(void) 
 297:Generated_Source\PSoC5/Vehicle_CAN_INT.c ****     {
  28              		.loc 1 297 0
  29              		.cfi_startproc
  30              		@ args = 0, pretend = 0, frame = 0
  31              		@ frame_needed = 0, uses_anonymous_args = 0
  32 0000 08B5     		push	{r3, lr}
  33              		.cfi_def_cfa_offset 8
  34              		.cfi_offset 3, -8
  35              		.cfi_offset 14, -4
 298:Generated_Source\PSoC5/Vehicle_CAN_INT.c ****         /* Clear Bus Off flag */
 299:Generated_Source\PSoC5/Vehicle_CAN_INT.c ****         Vehicle_CAN_INT_SR_REG.byte[1u] = Vehicle_CAN_BUS_OFF_MASK;
  36              		.loc 1 299 0
  37 0002 0222     		movs	r2, #2
  38 0004 034B     		ldr	r3, .L3
  39 0006 5A70     		strb	r2, [r3, #1]
 300:Generated_Source\PSoC5/Vehicle_CAN_INT.c ****         (void) Vehicle_CAN_GlobalIntDisable();
  40              		.loc 1 300 0
  41 0008 FFF7FEFF 		bl	Vehicle_CAN_GlobalIntDisable
  42              	.LVL0:
ARM GAS  C:\Users\Timmo\AppData\Local\Temp\ccIILwqM.s 			page 7


 301:Generated_Source\PSoC5/Vehicle_CAN_INT.c **** 
 302:Generated_Source\PSoC5/Vehicle_CAN_INT.c ****         /* `#START BUS_OFF_ISR` */
 303:Generated_Source\PSoC5/Vehicle_CAN_INT.c **** 
 304:Generated_Source\PSoC5/Vehicle_CAN_INT.c ****         /* `#END` */
 305:Generated_Source\PSoC5/Vehicle_CAN_INT.c **** 
 306:Generated_Source\PSoC5/Vehicle_CAN_INT.c ****         #ifdef Vehicle_CAN_BUS_OFF_ISR_CALLBACK
 307:Generated_Source\PSoC5/Vehicle_CAN_INT.c ****             Vehicle_CAN_BusOffIsr_Callback();
 308:Generated_Source\PSoC5/Vehicle_CAN_INT.c ****         #endif /* Vehicle_CAN_BUS_OFF_ISR_CALLBACK */
 309:Generated_Source\PSoC5/Vehicle_CAN_INT.c **** 
 310:Generated_Source\PSoC5/Vehicle_CAN_INT.c ****         (void) Vehicle_CAN_Stop();
  43              		.loc 1 310 0
  44 000c FFF7FEFF 		bl	Vehicle_CAN_Stop
  45              	.LVL1:
  46 0010 08BD     		pop	{r3, pc}
  47              	.L4:
  48 0012 00BF     		.align	2
  49              	.L3:
  50 0014 00A00040 		.word	1073782784
  51              		.cfi_endproc
  52              	.LFE0:
  53              		.size	Vehicle_CAN_BusOffIsr, .-Vehicle_CAN_BusOffIsr
  54              		.section	.text.Vehicle_CAN_MsgRXIsr,"ax",%progbits
  55              		.align	2
  56              		.global	Vehicle_CAN_MsgRXIsr
  57              		.thumb
  58              		.thumb_func
  59              		.type	Vehicle_CAN_MsgRXIsr, %function
  60              	Vehicle_CAN_MsgRXIsr:
  61              	.LFB1:
 311:Generated_Source\PSoC5/Vehicle_CAN_INT.c ****     }
 312:Generated_Source\PSoC5/Vehicle_CAN_INT.c **** #endif /* Vehicle_CAN_BUS_OFF */
 313:Generated_Source\PSoC5/Vehicle_CAN_INT.c **** 
 314:Generated_Source\PSoC5/Vehicle_CAN_INT.c **** 
 315:Generated_Source\PSoC5/Vehicle_CAN_INT.c **** #if (Vehicle_CAN_RX_MSG_LOST)
 316:Generated_Source\PSoC5/Vehicle_CAN_INT.c ****     /*******************************************************************************
 317:Generated_Source\PSoC5/Vehicle_CAN_INT.c ****     * FUNCTION NAME:   Vehicle_CAN_MsgLostIsr
 318:Generated_Source\PSoC5/Vehicle_CAN_INT.c ****     ********************************************************************************
 319:Generated_Source\PSoC5/Vehicle_CAN_INT.c ****     *
 320:Generated_Source\PSoC5/Vehicle_CAN_INT.c ****     * Summary:
 321:Generated_Source\PSoC5/Vehicle_CAN_INT.c ****     *  This function is entry point to Message Lost Interrupt. Clears Message Lost
 322:Generated_Source\PSoC5/Vehicle_CAN_INT.c ****     *  interrupt flag. Only generated if Message Lost Interrupt enable in Customizer
 323:Generated_Source\PSoC5/Vehicle_CAN_INT.c ****     *
 324:Generated_Source\PSoC5/Vehicle_CAN_INT.c ****     * Parameters:
 325:Generated_Source\PSoC5/Vehicle_CAN_INT.c ****     *  None.
 326:Generated_Source\PSoC5/Vehicle_CAN_INT.c ****     *
 327:Generated_Source\PSoC5/Vehicle_CAN_INT.c ****     * Return:
 328:Generated_Source\PSoC5/Vehicle_CAN_INT.c ****     *  None.
 329:Generated_Source\PSoC5/Vehicle_CAN_INT.c ****     *
 330:Generated_Source\PSoC5/Vehicle_CAN_INT.c ****     * Reentrant:
 331:Generated_Source\PSoC5/Vehicle_CAN_INT.c ****     *  Depends on Customer code.
 332:Generated_Source\PSoC5/Vehicle_CAN_INT.c ****     *
 333:Generated_Source\PSoC5/Vehicle_CAN_INT.c ****     *******************************************************************************/
 334:Generated_Source\PSoC5/Vehicle_CAN_INT.c ****     void Vehicle_CAN_MsgLostIsr(void) 
 335:Generated_Source\PSoC5/Vehicle_CAN_INT.c ****     {
 336:Generated_Source\PSoC5/Vehicle_CAN_INT.c ****         /* Clear Receive Message Lost flag */
 337:Generated_Source\PSoC5/Vehicle_CAN_INT.c ****         Vehicle_CAN_INT_SR_REG.byte[1u] = Vehicle_CAN_RX_MSG_LOST_MASK;
 338:Generated_Source\PSoC5/Vehicle_CAN_INT.c **** 
ARM GAS  C:\Users\Timmo\AppData\Local\Temp\ccIILwqM.s 			page 8


 339:Generated_Source\PSoC5/Vehicle_CAN_INT.c ****         /* `#START MESSAGE_LOST_ISR` */
 340:Generated_Source\PSoC5/Vehicle_CAN_INT.c **** 
 341:Generated_Source\PSoC5/Vehicle_CAN_INT.c ****         /* `#END` */
 342:Generated_Source\PSoC5/Vehicle_CAN_INT.c **** 
 343:Generated_Source\PSoC5/Vehicle_CAN_INT.c ****         #ifdef Vehicle_CAN_MSG_LOST_ISR_CALLBACK
 344:Generated_Source\PSoC5/Vehicle_CAN_INT.c ****             Vehicle_CAN_MsgLostIsr_Callback();
 345:Generated_Source\PSoC5/Vehicle_CAN_INT.c ****         #endif /* Vehicle_CAN_MSG_LOST_ISR_CALLBACK */
 346:Generated_Source\PSoC5/Vehicle_CAN_INT.c ****     }
 347:Generated_Source\PSoC5/Vehicle_CAN_INT.c **** #endif /* Vehicle_CAN_RX_MSG_LOST */
 348:Generated_Source\PSoC5/Vehicle_CAN_INT.c **** 
 349:Generated_Source\PSoC5/Vehicle_CAN_INT.c **** 
 350:Generated_Source\PSoC5/Vehicle_CAN_INT.c **** #if (Vehicle_CAN_TX_MESSAGE)
 351:Generated_Source\PSoC5/Vehicle_CAN_INT.c ****     /*******************************************************************************
 352:Generated_Source\PSoC5/Vehicle_CAN_INT.c ****     * FUNCTION NAME:   Vehicle_CAN_MsgTXIsr
 353:Generated_Source\PSoC5/Vehicle_CAN_INT.c ****     ********************************************************************************
 354:Generated_Source\PSoC5/Vehicle_CAN_INT.c ****     *
 355:Generated_Source\PSoC5/Vehicle_CAN_INT.c ****     * Summary:
 356:Generated_Source\PSoC5/Vehicle_CAN_INT.c ****     *  This function is entry point to Transmit Message Interrupt. Clears Transmit
 357:Generated_Source\PSoC5/Vehicle_CAN_INT.c ****     *  Message interrupt flag. Only generated if Transmit Message Interrupt enable
 358:Generated_Source\PSoC5/Vehicle_CAN_INT.c ****     *  in Customizer.
 359:Generated_Source\PSoC5/Vehicle_CAN_INT.c ****     *
 360:Generated_Source\PSoC5/Vehicle_CAN_INT.c ****     * Parameters:
 361:Generated_Source\PSoC5/Vehicle_CAN_INT.c ****     *  None.
 362:Generated_Source\PSoC5/Vehicle_CAN_INT.c ****     *
 363:Generated_Source\PSoC5/Vehicle_CAN_INT.c ****     * Return:
 364:Generated_Source\PSoC5/Vehicle_CAN_INT.c ****     *  None.
 365:Generated_Source\PSoC5/Vehicle_CAN_INT.c ****     *
 366:Generated_Source\PSoC5/Vehicle_CAN_INT.c ****     * Reentrant:
 367:Generated_Source\PSoC5/Vehicle_CAN_INT.c ****     *  Depends on Customer code.
 368:Generated_Source\PSoC5/Vehicle_CAN_INT.c ****     *
 369:Generated_Source\PSoC5/Vehicle_CAN_INT.c ****     *******************************************************************************/
 370:Generated_Source\PSoC5/Vehicle_CAN_INT.c ****     void Vehicle_CAN_MsgTXIsr(void) 
 371:Generated_Source\PSoC5/Vehicle_CAN_INT.c ****     {
 372:Generated_Source\PSoC5/Vehicle_CAN_INT.c ****         /* Clear Transmit Message flag */
 373:Generated_Source\PSoC5/Vehicle_CAN_INT.c ****         Vehicle_CAN_INT_SR_REG.byte[1u] = Vehicle_CAN_TX_MESSAGE_MASK;
 374:Generated_Source\PSoC5/Vehicle_CAN_INT.c **** 
 375:Generated_Source\PSoC5/Vehicle_CAN_INT.c ****         /* `#START MESSAGE_TRANSMITTED_ISR` */
 376:Generated_Source\PSoC5/Vehicle_CAN_INT.c **** 
 377:Generated_Source\PSoC5/Vehicle_CAN_INT.c ****         /* `#END` */
 378:Generated_Source\PSoC5/Vehicle_CAN_INT.c **** 
 379:Generated_Source\PSoC5/Vehicle_CAN_INT.c ****         #ifdef Vehicle_CAN_MSG_TX_ISR_CALLBACK
 380:Generated_Source\PSoC5/Vehicle_CAN_INT.c ****             Vehicle_CAN_MsgTXIsr_Callback();
 381:Generated_Source\PSoC5/Vehicle_CAN_INT.c ****         #endif /* Vehicle_CAN_MSG_TX_ISR_CALLBACK */
 382:Generated_Source\PSoC5/Vehicle_CAN_INT.c ****     }
 383:Generated_Source\PSoC5/Vehicle_CAN_INT.c **** #endif /* Vehicle_CAN_TX_MESSAGE */
 384:Generated_Source\PSoC5/Vehicle_CAN_INT.c **** 
 385:Generated_Source\PSoC5/Vehicle_CAN_INT.c **** 
 386:Generated_Source\PSoC5/Vehicle_CAN_INT.c **** #if (Vehicle_CAN_RX_MESSAGE)
 387:Generated_Source\PSoC5/Vehicle_CAN_INT.c ****     /*******************************************************************************
 388:Generated_Source\PSoC5/Vehicle_CAN_INT.c ****     * FUNCTION NAME:   Vehicle_CAN_MsgRXIsr
 389:Generated_Source\PSoC5/Vehicle_CAN_INT.c ****     ********************************************************************************
 390:Generated_Source\PSoC5/Vehicle_CAN_INT.c ****     *
 391:Generated_Source\PSoC5/Vehicle_CAN_INT.c ****     * Summary:
 392:Generated_Source\PSoC5/Vehicle_CAN_INT.c ****     *  This function is entry point to Receive Message Interrupt. Clears Receive
 393:Generated_Source\PSoC5/Vehicle_CAN_INT.c ****     *  Message interrupt flag and call appropriate handlers for Basic and Full
 394:Generated_Source\PSoC5/Vehicle_CAN_INT.c ****     *  interrupt based mailboxes. Only generated if Receive Message Interrupt
 395:Generated_Source\PSoC5/Vehicle_CAN_INT.c ****     *  enable in Customizer. Recommended setting to enable this interrupt.
ARM GAS  C:\Users\Timmo\AppData\Local\Temp\ccIILwqM.s 			page 9


 396:Generated_Source\PSoC5/Vehicle_CAN_INT.c ****     *
 397:Generated_Source\PSoC5/Vehicle_CAN_INT.c ****     * Parameters:
 398:Generated_Source\PSoC5/Vehicle_CAN_INT.c ****     *  None.
 399:Generated_Source\PSoC5/Vehicle_CAN_INT.c ****     *
 400:Generated_Source\PSoC5/Vehicle_CAN_INT.c ****     * Return:
 401:Generated_Source\PSoC5/Vehicle_CAN_INT.c ****     *  None.
 402:Generated_Source\PSoC5/Vehicle_CAN_INT.c ****     *
 403:Generated_Source\PSoC5/Vehicle_CAN_INT.c ****     *******************************************************************************/
 404:Generated_Source\PSoC5/Vehicle_CAN_INT.c ****     void Vehicle_CAN_MsgRXIsr(void) 
 405:Generated_Source\PSoC5/Vehicle_CAN_INT.c ****     {
  62              		.loc 1 405 0
  63              		.cfi_startproc
  64              		@ args = 0, pretend = 0, frame = 0
  65              		@ frame_needed = 0, uses_anonymous_args = 0
  66 0000 38B5     		push	{r3, r4, r5, lr}
  67              		.cfi_def_cfa_offset 16
  68              		.cfi_offset 3, -16
  69              		.cfi_offset 4, -12
  70              		.cfi_offset 5, -8
  71              		.cfi_offset 14, -4
  72              	.LVL2:
 406:Generated_Source\PSoC5/Vehicle_CAN_INT.c ****         uint8 mailboxNumber;
 407:Generated_Source\PSoC5/Vehicle_CAN_INT.c ****         uint16 shift = 0x01u;
 408:Generated_Source\PSoC5/Vehicle_CAN_INT.c **** 
 409:Generated_Source\PSoC5/Vehicle_CAN_INT.c ****         /* Clear Receive Message flag */
 410:Generated_Source\PSoC5/Vehicle_CAN_INT.c ****         Vehicle_CAN_INT_SR_REG.byte[1u] = Vehicle_CAN_RX_MESSAGE_MASK;
  73              		.loc 1 410 0
  74 0002 1022     		movs	r2, #16
  75 0004 1A4B     		ldr	r3, .L18
  76 0006 5A70     		strb	r2, [r3, #1]
  77              	.LVL3:
 407:Generated_Source\PSoC5/Vehicle_CAN_INT.c **** 
  78              		.loc 1 407 0
  79 0008 0125     		movs	r5, #1
 411:Generated_Source\PSoC5/Vehicle_CAN_INT.c **** 
 412:Generated_Source\PSoC5/Vehicle_CAN_INT.c ****         /* `#START MESSAGE_RECEIVE_ISR` */
 413:Generated_Source\PSoC5/Vehicle_CAN_INT.c **** 
 414:Generated_Source\PSoC5/Vehicle_CAN_INT.c ****         /* `#END` */
 415:Generated_Source\PSoC5/Vehicle_CAN_INT.c **** 
 416:Generated_Source\PSoC5/Vehicle_CAN_INT.c ****         #ifdef Vehicle_CAN_MSG_RX_ISR_CALLBACK
 417:Generated_Source\PSoC5/Vehicle_CAN_INT.c ****             Vehicle_CAN_MsgRXIsr_Callback();
 418:Generated_Source\PSoC5/Vehicle_CAN_INT.c ****         #endif /* Vehicle_CAN_MSG_RX_ISR_CALLBACK */
 419:Generated_Source\PSoC5/Vehicle_CAN_INT.c **** 
 420:Generated_Source\PSoC5/Vehicle_CAN_INT.c ****         for (mailboxNumber = 0u; mailboxNumber < Vehicle_CAN_NUMBER_OF_RX_MAILBOXES; mailboxNumber+
  80              		.loc 1 420 0
  81 000a 0024     		movs	r4, #0
  82 000c 2CE0     		b	.L6
  83              	.LVL4:
  84              	.L16:
 421:Generated_Source\PSoC5/Vehicle_CAN_INT.c ****         {
 422:Generated_Source\PSoC5/Vehicle_CAN_INT.c ****             if ((CY_GET_REG16((reg16 *) &Vehicle_CAN_BUF_SR_REG.byte[0u]) & shift) != 0u)
  85              		.loc 1 422 0
  86 000e 194B     		ldr	r3, .L18+4
  87 0010 1B88     		ldrh	r3, [r3]
  88 0012 1D42     		tst	r5, r3
  89 0014 24D0     		beq	.L7
 423:Generated_Source\PSoC5/Vehicle_CAN_INT.c ****             {
ARM GAS  C:\Users\Timmo\AppData\Local\Temp\ccIILwqM.s 			page 10


 424:Generated_Source\PSoC5/Vehicle_CAN_INT.c ****                 if ((Vehicle_CAN_RX[mailboxNumber].rxcmd.byte[0u] & Vehicle_CAN_RX_INT_ENABLE_MASK)
  90              		.loc 1 424 0
  91 0016 6301     		lsls	r3, r4, #5
  92 0018 174A     		ldr	r2, .L18+8
  93 001a 9B5C     		ldrb	r3, [r3, r2]	@ zero_extendqisi2
  94 001c 13F0200F 		tst	r3, #32
  95 0020 1ED0     		beq	.L7
 425:Generated_Source\PSoC5/Vehicle_CAN_INT.c ****                 {
 426:Generated_Source\PSoC5/Vehicle_CAN_INT.c ****                     if ((Vehicle_CAN_RX_MAILBOX_TYPE & shift) != 0u)
  96              		.loc 1 426 0
  97 0022 15F03F0F 		tst	r5, #63
  98 0026 18D0     		beq	.L8
 427:Generated_Source\PSoC5/Vehicle_CAN_INT.c ****                     {
 428:Generated_Source\PSoC5/Vehicle_CAN_INT.c ****                         /* RX Full mailboxes handler */
 429:Generated_Source\PSoC5/Vehicle_CAN_INT.c ****                         switch(mailboxNumber)
  99              		.loc 1 429 0
 100 0028 052C     		cmp	r4, #5
 101 002a 19D8     		bhi	.L7
 102 002c DFE804F0 		tbb	[pc, r4]
 103              	.L10:
 104 0030 03       		.byte	(.L9-.L10)/2
 105 0031 06       		.byte	(.L11-.L10)/2
 106 0032 09       		.byte	(.L12-.L10)/2
 107 0033 0C       		.byte	(.L13-.L10)/2
 108 0034 0F       		.byte	(.L14-.L10)/2
 109 0035 12       		.byte	(.L15-.L10)/2
 110              		.p2align 1
 111              	.L9:
 430:Generated_Source\PSoC5/Vehicle_CAN_INT.c ****                         {
 431:Generated_Source\PSoC5/Vehicle_CAN_INT.c ****                             case 0u : Vehicle_CAN_ReceiveMsg0();
 112              		.loc 1 431 0
 113 0036 FFF7FEFF 		bl	Vehicle_CAN_ReceiveMsg0
 114              	.LVL5:
 432:Generated_Source\PSoC5/Vehicle_CAN_INT.c ****                             break;
 115              		.loc 1 432 0
 116 003a 11E0     		b	.L7
 117              	.L11:
 433:Generated_Source\PSoC5/Vehicle_CAN_INT.c ****                             case 1u : Vehicle_CAN_ReceiveMsg1();
 118              		.loc 1 433 0
 119 003c FFF7FEFF 		bl	Vehicle_CAN_ReceiveMsg1
 120              	.LVL6:
 434:Generated_Source\PSoC5/Vehicle_CAN_INT.c ****                             break;
 121              		.loc 1 434 0
 122 0040 0EE0     		b	.L7
 123              	.L12:
 435:Generated_Source\PSoC5/Vehicle_CAN_INT.c ****                             case 2u : Vehicle_CAN_ReceiveMsg2();
 124              		.loc 1 435 0
 125 0042 FFF7FEFF 		bl	Vehicle_CAN_ReceiveMsg2
 126              	.LVL7:
 436:Generated_Source\PSoC5/Vehicle_CAN_INT.c ****                             break;
 127              		.loc 1 436 0
 128 0046 0BE0     		b	.L7
 129              	.L13:
 437:Generated_Source\PSoC5/Vehicle_CAN_INT.c ****                             case 3u : Vehicle_CAN_ReceiveMsg3();
 130              		.loc 1 437 0
 131 0048 FFF7FEFF 		bl	Vehicle_CAN_ReceiveMsg3
 132              	.LVL8:
ARM GAS  C:\Users\Timmo\AppData\Local\Temp\ccIILwqM.s 			page 11


 438:Generated_Source\PSoC5/Vehicle_CAN_INT.c ****                             break;
 133              		.loc 1 438 0
 134 004c 08E0     		b	.L7
 135              	.L14:
 439:Generated_Source\PSoC5/Vehicle_CAN_INT.c ****                             case 4u : Vehicle_CAN_ReceiveMsg4();
 136              		.loc 1 439 0
 137 004e FFF7FEFF 		bl	Vehicle_CAN_ReceiveMsg4
 138              	.LVL9:
 440:Generated_Source\PSoC5/Vehicle_CAN_INT.c ****                             break;
 139              		.loc 1 440 0
 140 0052 05E0     		b	.L7
 141              	.L15:
 441:Generated_Source\PSoC5/Vehicle_CAN_INT.c ****                             case 5u : Vehicle_CAN_ReceiveMsg5();
 142              		.loc 1 441 0
 143 0054 FFF7FEFF 		bl	Vehicle_CAN_ReceiveMsg5
 144              	.LVL10:
 442:Generated_Source\PSoC5/Vehicle_CAN_INT.c ****                             break;
 145              		.loc 1 442 0
 146 0058 02E0     		b	.L7
 147              	.L8:
 443:Generated_Source\PSoC5/Vehicle_CAN_INT.c ****                             default:
 444:Generated_Source\PSoC5/Vehicle_CAN_INT.c ****                             break;
 445:Generated_Source\PSoC5/Vehicle_CAN_INT.c ****                         }
 446:Generated_Source\PSoC5/Vehicle_CAN_INT.c ****                     }
 447:Generated_Source\PSoC5/Vehicle_CAN_INT.c ****                     else
 448:Generated_Source\PSoC5/Vehicle_CAN_INT.c ****                     {
 449:Generated_Source\PSoC5/Vehicle_CAN_INT.c ****                         /* RX Basic mailbox handler */
 450:Generated_Source\PSoC5/Vehicle_CAN_INT.c ****                         Vehicle_CAN_ReceiveMsg(mailboxNumber);
 148              		.loc 1 450 0
 149 005a 2046     		mov	r0, r4
 150 005c FFF7FEFF 		bl	Vehicle_CAN_ReceiveMsg
 151              	.LVL11:
 152              	.L7:
 451:Generated_Source\PSoC5/Vehicle_CAN_INT.c ****                     }
 452:Generated_Source\PSoC5/Vehicle_CAN_INT.c ****                 }
 453:Generated_Source\PSoC5/Vehicle_CAN_INT.c ****             }
 454:Generated_Source\PSoC5/Vehicle_CAN_INT.c ****             shift <<= 1u;
 153              		.loc 1 454 0 discriminator 2
 154 0060 6D00     		lsls	r5, r5, #1
 155              	.LVL12:
 156 0062 ADB2     		uxth	r5, r5
 157              	.LVL13:
 420:Generated_Source\PSoC5/Vehicle_CAN_INT.c ****         {
 158              		.loc 1 420 0 discriminator 2
 159 0064 0134     		adds	r4, r4, #1
 160              	.LVL14:
 161 0066 E4B2     		uxtb	r4, r4
 162              	.LVL15:
 163              	.L6:
 420:Generated_Source\PSoC5/Vehicle_CAN_INT.c ****         {
 164              		.loc 1 420 0 is_stmt 0 discriminator 1
 165 0068 0F2C     		cmp	r4, #15
 166 006a D0D9     		bls	.L16
 455:Generated_Source\PSoC5/Vehicle_CAN_INT.c ****         }
 456:Generated_Source\PSoC5/Vehicle_CAN_INT.c ****     }
 167              		.loc 1 456 0 is_stmt 1
 168 006c 38BD     		pop	{r3, r4, r5, pc}
ARM GAS  C:\Users\Timmo\AppData\Local\Temp\ccIILwqM.s 			page 12


 169              	.LVL16:
 170              	.L19:
 171 006e 00BF     		.align	2
 172              	.L18:
 173 0070 00A00040 		.word	1073782784
 174 0074 08A00040 		.word	1073782792
 175 0078 A0A00040 		.word	1073782944
 176              		.cfi_endproc
 177              	.LFE1:
 178              		.size	Vehicle_CAN_MsgRXIsr, .-Vehicle_CAN_MsgRXIsr
 179              		.section	.text.Vehicle_CAN_ISR,"ax",%progbits
 180              		.align	2
 181              		.global	Vehicle_CAN_ISR
 182              		.thumb
 183              		.thumb_func
 184              		.type	Vehicle_CAN_ISR, %function
 185              	Vehicle_CAN_ISR:
 186              	.LFB2:
 457:Generated_Source\PSoC5/Vehicle_CAN_INT.c **** #endif /* Vehicle_CAN_RX_MESSAGE */
 458:Generated_Source\PSoC5/Vehicle_CAN_INT.c **** 
 459:Generated_Source\PSoC5/Vehicle_CAN_INT.c **** 
 460:Generated_Source\PSoC5/Vehicle_CAN_INT.c **** /*******************************************************************************
 461:Generated_Source\PSoC5/Vehicle_CAN_INT.c **** * Function Name: Vehicle_CAN_ISR
 462:Generated_Source\PSoC5/Vehicle_CAN_INT.c **** ********************************************************************************
 463:Generated_Source\PSoC5/Vehicle_CAN_INT.c **** *
 464:Generated_Source\PSoC5/Vehicle_CAN_INT.c **** * Summary:
 465:Generated_Source\PSoC5/Vehicle_CAN_INT.c **** *  This ISR is executed when CAN Core generates and interrupt on one of events:
 466:Generated_Source\PSoC5/Vehicle_CAN_INT.c **** *  Arb_lost, Overload, Bit_err, Stuff_err, Ack_err, Form_err, Crc_err,
 467:Generated_Source\PSoC5/Vehicle_CAN_INT.c **** *  Buss_off, Rx_msg_lost, Tx_msg or Rx_msg. The interrupt sources depends
 468:Generated_Source\PSoC5/Vehicle_CAN_INT.c **** *  on the Customizer inputs.
 469:Generated_Source\PSoC5/Vehicle_CAN_INT.c **** *
 470:Generated_Source\PSoC5/Vehicle_CAN_INT.c **** * Parameters:
 471:Generated_Source\PSoC5/Vehicle_CAN_INT.c **** *  None.
 472:Generated_Source\PSoC5/Vehicle_CAN_INT.c **** *
 473:Generated_Source\PSoC5/Vehicle_CAN_INT.c **** * Return:
 474:Generated_Source\PSoC5/Vehicle_CAN_INT.c **** *  None.
 475:Generated_Source\PSoC5/Vehicle_CAN_INT.c **** *
 476:Generated_Source\PSoC5/Vehicle_CAN_INT.c **** *******************************************************************************/
 477:Generated_Source\PSoC5/Vehicle_CAN_INT.c **** CY_ISR(Vehicle_CAN_ISR)
 478:Generated_Source\PSoC5/Vehicle_CAN_INT.c **** {
 187              		.loc 1 478 0
 188              		.cfi_startproc
 189              		@ args = 0, pretend = 0, frame = 0
 190              		@ frame_needed = 0, uses_anonymous_args = 0
 191 0000 08B5     		push	{r3, lr}
 192              		.cfi_def_cfa_offset 8
 193              		.cfi_offset 3, -8
 194              		.cfi_offset 14, -4
 479:Generated_Source\PSoC5/Vehicle_CAN_INT.c ****     #ifdef Vehicle_CAN_ISR_INTERRUPT_CALLBACK
 480:Generated_Source\PSoC5/Vehicle_CAN_INT.c ****         Vehicle_CAN_ISR_InterruptCallback();
 481:Generated_Source\PSoC5/Vehicle_CAN_INT.c ****     #endif /* Vehicle_CAN_ISR_INTERRUPT_CALLBACK */
 482:Generated_Source\PSoC5/Vehicle_CAN_INT.c ****     
 483:Generated_Source\PSoC5/Vehicle_CAN_INT.c ****     /* Place your Interrupt code here. */
 484:Generated_Source\PSoC5/Vehicle_CAN_INT.c ****     /* `#START CAN_ISR` */
 485:Generated_Source\PSoC5/Vehicle_CAN_INT.c **** 
 486:Generated_Source\PSoC5/Vehicle_CAN_INT.c ****     /* `#END` */
 487:Generated_Source\PSoC5/Vehicle_CAN_INT.c ****     
ARM GAS  C:\Users\Timmo\AppData\Local\Temp\ccIILwqM.s 			page 13


 488:Generated_Source\PSoC5/Vehicle_CAN_INT.c ****     /* Arbitration */
 489:Generated_Source\PSoC5/Vehicle_CAN_INT.c ****     #if (Vehicle_CAN_ARB_LOST && (Vehicle_CAN_ARB_LOST_USE_HELPER || \
 490:Generated_Source\PSoC5/Vehicle_CAN_INT.c ****         (!Vehicle_CAN_ADVANCED_INTERRUPT_CFG)))
 491:Generated_Source\PSoC5/Vehicle_CAN_INT.c ****         if ((Vehicle_CAN_INT_SR_REG.byte[0u] & Vehicle_CAN_ARBITRATION_LOST_MASK) != 0u)
 492:Generated_Source\PSoC5/Vehicle_CAN_INT.c ****         {
 493:Generated_Source\PSoC5/Vehicle_CAN_INT.c ****             Vehicle_CAN_ArbLostIsr();
 494:Generated_Source\PSoC5/Vehicle_CAN_INT.c ****         }
 495:Generated_Source\PSoC5/Vehicle_CAN_INT.c ****     #endif /* Vehicle_CAN_ARB_LOST && Vehicle_CAN_ARB_LOST_USE_HELPER */
 496:Generated_Source\PSoC5/Vehicle_CAN_INT.c **** 
 497:Generated_Source\PSoC5/Vehicle_CAN_INT.c ****     /* Overload Error */
 498:Generated_Source\PSoC5/Vehicle_CAN_INT.c ****     #if (Vehicle_CAN_OVERLOAD && (Vehicle_CAN_OVERLOAD_USE_HELPER || \
 499:Generated_Source\PSoC5/Vehicle_CAN_INT.c ****         (!Vehicle_CAN_ADVANCED_INTERRUPT_CFG)))
 500:Generated_Source\PSoC5/Vehicle_CAN_INT.c ****         if ((Vehicle_CAN_INT_SR_REG.byte[0u] & Vehicle_CAN_OVERLOAD_ERROR_MASK) != 0u)
 501:Generated_Source\PSoC5/Vehicle_CAN_INT.c ****         {
 502:Generated_Source\PSoC5/Vehicle_CAN_INT.c ****             Vehicle_CAN_OvrLdErrorIsr();
 503:Generated_Source\PSoC5/Vehicle_CAN_INT.c ****         }
 504:Generated_Source\PSoC5/Vehicle_CAN_INT.c ****     #endif /* Vehicle_CAN_OVERLOAD && Vehicle_CAN_OVERLOAD_USE_HELPER */
 505:Generated_Source\PSoC5/Vehicle_CAN_INT.c **** 
 506:Generated_Source\PSoC5/Vehicle_CAN_INT.c ****     /* Bit Error */
 507:Generated_Source\PSoC5/Vehicle_CAN_INT.c ****     #if (Vehicle_CAN_BIT_ERR && (Vehicle_CAN_BIT_ERR_USE_HELPER || \
 508:Generated_Source\PSoC5/Vehicle_CAN_INT.c ****         (!Vehicle_CAN_ADVANCED_INTERRUPT_CFG)))
 509:Generated_Source\PSoC5/Vehicle_CAN_INT.c ****         if ((Vehicle_CAN_INT_SR_REG.byte[0u] & Vehicle_CAN_BIT_ERROR_MASK) != 0u)
 510:Generated_Source\PSoC5/Vehicle_CAN_INT.c ****         {
 511:Generated_Source\PSoC5/Vehicle_CAN_INT.c ****             Vehicle_CAN_BitErrorIsr();
 512:Generated_Source\PSoC5/Vehicle_CAN_INT.c ****         }
 513:Generated_Source\PSoC5/Vehicle_CAN_INT.c ****     #endif /* Vehicle_CAN_BIT_ERR && Vehicle_CAN_BIT_ERR_USE_HELPER */
 514:Generated_Source\PSoC5/Vehicle_CAN_INT.c **** 
 515:Generated_Source\PSoC5/Vehicle_CAN_INT.c ****     /* Bit Staff Error */
 516:Generated_Source\PSoC5/Vehicle_CAN_INT.c ****     #if (Vehicle_CAN_STUFF_ERR && (Vehicle_CAN_STUFF_ERR_USE_HELPER || \
 517:Generated_Source\PSoC5/Vehicle_CAN_INT.c ****         (!Vehicle_CAN_ADVANCED_INTERRUPT_CFG)))
 518:Generated_Source\PSoC5/Vehicle_CAN_INT.c ****         if ((Vehicle_CAN_INT_SR_REG.byte[0u] & Vehicle_CAN_STUFF_ERROR_MASK) != 0u)
 519:Generated_Source\PSoC5/Vehicle_CAN_INT.c ****         {
 520:Generated_Source\PSoC5/Vehicle_CAN_INT.c ****             Vehicle_CAN_BitStuffErrorIsr();
 521:Generated_Source\PSoC5/Vehicle_CAN_INT.c ****         }
 522:Generated_Source\PSoC5/Vehicle_CAN_INT.c ****     #endif /* Vehicle_CAN_STUFF_ERR && Vehicle_CAN_STUFF_ERR_USE_HELPER */
 523:Generated_Source\PSoC5/Vehicle_CAN_INT.c **** 
 524:Generated_Source\PSoC5/Vehicle_CAN_INT.c ****     /* ACK Error */
 525:Generated_Source\PSoC5/Vehicle_CAN_INT.c ****     #if (Vehicle_CAN_ACK_ERR && (Vehicle_CAN_ACK_ERR_USE_HELPER || \
 526:Generated_Source\PSoC5/Vehicle_CAN_INT.c ****         (!Vehicle_CAN_ADVANCED_INTERRUPT_CFG)))
 527:Generated_Source\PSoC5/Vehicle_CAN_INT.c ****         if ((Vehicle_CAN_INT_SR_REG.byte[0u] & Vehicle_CAN_ACK_ERROR_MASK) != 0u)
 528:Generated_Source\PSoC5/Vehicle_CAN_INT.c ****         {
 529:Generated_Source\PSoC5/Vehicle_CAN_INT.c ****             Vehicle_CAN_AckErrorIsr();
 530:Generated_Source\PSoC5/Vehicle_CAN_INT.c ****         }
 531:Generated_Source\PSoC5/Vehicle_CAN_INT.c ****     #endif /* Vehicle_CAN_ACK_ERR && Vehicle_CAN_ACK_ERR_USE_HELPER */
 532:Generated_Source\PSoC5/Vehicle_CAN_INT.c **** 
 533:Generated_Source\PSoC5/Vehicle_CAN_INT.c ****     /* Form(msg) Error */
 534:Generated_Source\PSoC5/Vehicle_CAN_INT.c ****     #if (Vehicle_CAN_FORM_ERR && (Vehicle_CAN_FORM_ERR_USE_HELPER || \
 535:Generated_Source\PSoC5/Vehicle_CAN_INT.c ****         (!Vehicle_CAN_ADVANCED_INTERRUPT_CFG)))
 536:Generated_Source\PSoC5/Vehicle_CAN_INT.c ****         if ((Vehicle_CAN_INT_SR_REG.byte[0u] & Vehicle_CAN_FORM_ERROR_MASK) != 0u)
 537:Generated_Source\PSoC5/Vehicle_CAN_INT.c ****         {
 538:Generated_Source\PSoC5/Vehicle_CAN_INT.c ****             Vehicle_CAN_MsgErrorIsr();
 539:Generated_Source\PSoC5/Vehicle_CAN_INT.c ****         }
 540:Generated_Source\PSoC5/Vehicle_CAN_INT.c ****     #endif /* Vehicle_CAN_FORM_ERR && Vehicle_CAN_FORM_ERR_USE_HELPER */
 541:Generated_Source\PSoC5/Vehicle_CAN_INT.c **** 
 542:Generated_Source\PSoC5/Vehicle_CAN_INT.c ****     /* CRC Error */
 543:Generated_Source\PSoC5/Vehicle_CAN_INT.c ****     #if (Vehicle_CAN_CRC_ERR && (Vehicle_CAN_CRC_ERR_USE_HELPER || \
 544:Generated_Source\PSoC5/Vehicle_CAN_INT.c ****         (!Vehicle_CAN_ADVANCED_INTERRUPT_CFG)))
ARM GAS  C:\Users\Timmo\AppData\Local\Temp\ccIILwqM.s 			page 14


 545:Generated_Source\PSoC5/Vehicle_CAN_INT.c ****         if ((Vehicle_CAN_INT_SR_REG.byte[1u] & Vehicle_CAN_CRC_ERROR_MASK) != 0u)
 546:Generated_Source\PSoC5/Vehicle_CAN_INT.c ****         {
 547:Generated_Source\PSoC5/Vehicle_CAN_INT.c ****             Vehicle_CAN_CrcErrorIsr();
 548:Generated_Source\PSoC5/Vehicle_CAN_INT.c ****         }
 549:Generated_Source\PSoC5/Vehicle_CAN_INT.c ****     #endif /* Vehicle_CAN_CRC_ERR && Vehicle_CAN_CRC_ERR_USE_HELPER */
 550:Generated_Source\PSoC5/Vehicle_CAN_INT.c **** 
 551:Generated_Source\PSoC5/Vehicle_CAN_INT.c ****     /* Bus Off state */
 552:Generated_Source\PSoC5/Vehicle_CAN_INT.c ****     #if (Vehicle_CAN_BUS_OFF && (Vehicle_CAN_BUS_OFF_USE_HELPER || \
 553:Generated_Source\PSoC5/Vehicle_CAN_INT.c ****         (!Vehicle_CAN_ADVANCED_INTERRUPT_CFG)))
 554:Generated_Source\PSoC5/Vehicle_CAN_INT.c ****         if ((Vehicle_CAN_INT_SR_REG.byte[1u] & Vehicle_CAN_BUS_OFF_MASK) != 0u)
 195              		.loc 1 554 0
 196 0002 074B     		ldr	r3, .L24
 197 0004 5B78     		ldrb	r3, [r3, #1]	@ zero_extendqisi2
 198 0006 13F0020F 		tst	r3, #2
 199 000a 01D0     		beq	.L21
 555:Generated_Source\PSoC5/Vehicle_CAN_INT.c ****         {
 556:Generated_Source\PSoC5/Vehicle_CAN_INT.c ****             Vehicle_CAN_BusOffIsr();
 200              		.loc 1 556 0
 201 000c FFF7FEFF 		bl	Vehicle_CAN_BusOffIsr
 202              	.LVL17:
 203              	.L21:
 557:Generated_Source\PSoC5/Vehicle_CAN_INT.c ****         }
 558:Generated_Source\PSoC5/Vehicle_CAN_INT.c ****     #endif /* Vehicle_CAN_BUS_OFF && Vehicle_CAN_BUS_OFF_USE_HELPER */
 559:Generated_Source\PSoC5/Vehicle_CAN_INT.c **** 
 560:Generated_Source\PSoC5/Vehicle_CAN_INT.c ****     /* Message Lost */
 561:Generated_Source\PSoC5/Vehicle_CAN_INT.c ****     #if (Vehicle_CAN_RX_MSG_LOST && (Vehicle_CAN_RX_MSG_LOST_USE_HELPER || \
 562:Generated_Source\PSoC5/Vehicle_CAN_INT.c ****         (!Vehicle_CAN_ADVANCED_INTERRUPT_CFG)))
 563:Generated_Source\PSoC5/Vehicle_CAN_INT.c ****         if ((Vehicle_CAN_INT_SR_REG.byte[1u] & Vehicle_CAN_RX_MSG_LOST_MASK) != 0u)
 564:Generated_Source\PSoC5/Vehicle_CAN_INT.c ****         {
 565:Generated_Source\PSoC5/Vehicle_CAN_INT.c ****             Vehicle_CAN_MsgLostIsr();
 566:Generated_Source\PSoC5/Vehicle_CAN_INT.c ****         }
 567:Generated_Source\PSoC5/Vehicle_CAN_INT.c ****     #endif /* Vehicle_CAN_RX_MSG_LOST && Vehicle_CAN_RX_MSG_LOST_USE_HELPER */
 568:Generated_Source\PSoC5/Vehicle_CAN_INT.c **** 
 569:Generated_Source\PSoC5/Vehicle_CAN_INT.c ****     /* TX Message Send */
 570:Generated_Source\PSoC5/Vehicle_CAN_INT.c ****     #if (Vehicle_CAN_TX_MESSAGE && (Vehicle_CAN_TX_MESSAGE_USE_HELPER || \
 571:Generated_Source\PSoC5/Vehicle_CAN_INT.c ****         (!Vehicle_CAN_ADVANCED_INTERRUPT_CFG)))
 572:Generated_Source\PSoC5/Vehicle_CAN_INT.c ****         if ((Vehicle_CAN_INT_SR_REG.byte[1u] & Vehicle_CAN_TX_MESSAGE_MASK) != 0u)
 573:Generated_Source\PSoC5/Vehicle_CAN_INT.c ****         {
 574:Generated_Source\PSoC5/Vehicle_CAN_INT.c ****             Vehicle_CAN_MsgTXIsr();
 575:Generated_Source\PSoC5/Vehicle_CAN_INT.c ****         }
 576:Generated_Source\PSoC5/Vehicle_CAN_INT.c ****     #endif /* Vehicle_CAN_TX_MESSAGE && Vehicle_CAN_TX_MESSAGE_USE_HELPER */
 577:Generated_Source\PSoC5/Vehicle_CAN_INT.c **** 
 578:Generated_Source\PSoC5/Vehicle_CAN_INT.c ****     /* RX Message Available */
 579:Generated_Source\PSoC5/Vehicle_CAN_INT.c ****     #if (Vehicle_CAN_RX_MESSAGE && (Vehicle_CAN_RX_MESSAGE_USE_HELPER || \
 580:Generated_Source\PSoC5/Vehicle_CAN_INT.c ****         (!Vehicle_CAN_ADVANCED_INTERRUPT_CFG)))
 581:Generated_Source\PSoC5/Vehicle_CAN_INT.c ****         if ((Vehicle_CAN_INT_SR_REG.byte[1u] & Vehicle_CAN_RX_MESSAGE_MASK) != 0u)
 204              		.loc 1 581 0
 205 0010 034B     		ldr	r3, .L24
 206 0012 5B78     		ldrb	r3, [r3, #1]	@ zero_extendqisi2
 207 0014 13F0100F 		tst	r3, #16
 208 0018 01D0     		beq	.L20
 582:Generated_Source\PSoC5/Vehicle_CAN_INT.c ****         {
 583:Generated_Source\PSoC5/Vehicle_CAN_INT.c ****             Vehicle_CAN_MsgRXIsr();
 209              		.loc 1 583 0
 210 001a FFF7FEFF 		bl	Vehicle_CAN_MsgRXIsr
 211              	.LVL18:
 212              	.L20:
ARM GAS  C:\Users\Timmo\AppData\Local\Temp\ccIILwqM.s 			page 15


 213 001e 08BD     		pop	{r3, pc}
 214              	.L25:
 215              		.align	2
 216              	.L24:
 217 0020 00A00040 		.word	1073782784
 218              		.cfi_endproc
 219              	.LFE2:
 220              		.size	Vehicle_CAN_ISR, .-Vehicle_CAN_ISR
 221              		.text
 222              	.Letext0:
 223              		.file 2 "Generated_Source\\PSoC5\\cytypes.h"
 224              		.file 3 "Generated_Source\\PSoC5\\Vehicle_CAN.h"
 225              		.section	.debug_info,"",%progbits
 226              	.Ldebug_info0:
 227 0000 D0020000 		.4byte	0x2d0
 228 0004 0400     		.2byte	0x4
 229 0006 00000000 		.4byte	.Ldebug_abbrev0
 230 000a 04       		.byte	0x4
 231 000b 01       		.uleb128 0x1
 232 000c 77010000 		.4byte	.LASF43
 233 0010 0C       		.byte	0xc
 234 0011 7A020000 		.4byte	.LASF44
 235 0015 AF020000 		.4byte	.LASF45
 236 0019 00000000 		.4byte	.Ldebug_ranges0+0
 237 001d 00000000 		.4byte	0
 238 0021 00000000 		.4byte	.Ldebug_line0
 239 0025 02       		.uleb128 0x2
 240 0026 01       		.byte	0x1
 241 0027 06       		.byte	0x6
 242 0028 A3020000 		.4byte	.LASF0
 243 002c 02       		.uleb128 0x2
 244 002d 01       		.byte	0x1
 245 002e 08       		.byte	0x8
 246 002f B4000000 		.4byte	.LASF1
 247 0033 02       		.uleb128 0x2
 248 0034 02       		.byte	0x2
 249 0035 05       		.byte	0x5
 250 0036 55020000 		.4byte	.LASF2
 251 003a 02       		.uleb128 0x2
 252 003b 02       		.byte	0x2
 253 003c 07       		.byte	0x7
 254 003d 67000000 		.4byte	.LASF3
 255 0041 02       		.uleb128 0x2
 256 0042 04       		.byte	0x4
 257 0043 05       		.byte	0x5
 258 0044 65020000 		.4byte	.LASF4
 259 0048 02       		.uleb128 0x2
 260 0049 04       		.byte	0x4
 261 004a 07       		.byte	0x7
 262 004b E9000000 		.4byte	.LASF5
 263 004f 02       		.uleb128 0x2
 264 0050 08       		.byte	0x8
 265 0051 05       		.byte	0x5
 266 0052 15020000 		.4byte	.LASF6
 267 0056 02       		.uleb128 0x2
 268 0057 08       		.byte	0x8
 269 0058 07       		.byte	0x7
ARM GAS  C:\Users\Timmo\AppData\Local\Temp\ccIILwqM.s 			page 16


 270 0059 32010000 		.4byte	.LASF7
 271 005d 03       		.uleb128 0x3
 272 005e 04       		.byte	0x4
 273 005f 05       		.byte	0x5
 274 0060 696E7400 		.ascii	"int\000"
 275 0064 02       		.uleb128 0x2
 276 0065 04       		.byte	0x4
 277 0066 07       		.byte	0x7
 278 0067 0F010000 		.4byte	.LASF8
 279 006b 04       		.uleb128 0x4
 280 006c FB000000 		.4byte	.LASF9
 281 0070 02       		.byte	0x2
 282 0071 E401     		.2byte	0x1e4
 283 0073 2C000000 		.4byte	0x2c
 284 0077 04       		.uleb128 0x4
 285 0078 08010000 		.4byte	.LASF10
 286 007c 02       		.byte	0x2
 287 007d E501     		.2byte	0x1e5
 288 007f 3A000000 		.4byte	0x3a
 289 0083 02       		.uleb128 0x2
 290 0084 04       		.byte	0x4
 291 0085 04       		.byte	0x4
 292 0086 AE000000 		.4byte	.LASF11
 293 008a 02       		.uleb128 0x2
 294 008b 08       		.byte	0x8
 295 008c 04       		.byte	0x4
 296 008d 01010000 		.4byte	.LASF12
 297 0091 02       		.uleb128 0x2
 298 0092 01       		.byte	0x1
 299 0093 08       		.byte	0x8
 300 0094 23020000 		.4byte	.LASF13
 301 0098 04       		.uleb128 0x4
 302 0099 C7000000 		.4byte	.LASF14
 303 009d 02       		.byte	0x2
 304 009e 8E02     		.2byte	0x28e
 305 00a0 A4000000 		.4byte	0xa4
 306 00a4 05       		.uleb128 0x5
 307 00a5 6B000000 		.4byte	0x6b
 308 00a9 04       		.uleb128 0x4
 309 00aa 00000000 		.4byte	.LASF15
 310 00ae 02       		.byte	0x2
 311 00af 8F02     		.2byte	0x28f
 312 00b1 B5000000 		.4byte	0xb5
 313 00b5 05       		.uleb128 0x5
 314 00b6 77000000 		.4byte	0x77
 315 00ba 02       		.uleb128 0x2
 316 00bb 08       		.byte	0x8
 317 00bc 04       		.byte	0x4
 318 00bd 6E020000 		.4byte	.LASF16
 319 00c1 02       		.uleb128 0x2
 320 00c2 04       		.byte	0x4
 321 00c3 07       		.byte	0x7
 322 00c4 05020000 		.4byte	.LASF17
 323 00c8 06       		.uleb128 0x6
 324 00c9 08       		.byte	0x8
 325 00ca 03       		.byte	0x3
 326 00cb 75       		.byte	0x75
ARM GAS  C:\Users\Timmo\AppData\Local\Temp\ccIILwqM.s 			page 17


 327 00cc DD000000 		.4byte	0xdd
 328 00d0 07       		.uleb128 0x7
 329 00d1 8B000000 		.4byte	.LASF19
 330 00d5 03       		.byte	0x3
 331 00d6 77       		.byte	0x77
 332 00d7 ED000000 		.4byte	0xed
 333 00db 00       		.byte	0
 334 00dc 00       		.byte	0
 335 00dd 08       		.uleb128 0x8
 336 00de 98000000 		.4byte	0x98
 337 00e2 ED000000 		.4byte	0xed
 338 00e6 09       		.uleb128 0x9
 339 00e7 C1000000 		.4byte	0xc1
 340 00eb 07       		.byte	0x7
 341 00ec 00       		.byte	0
 342 00ed 05       		.uleb128 0x5
 343 00ee DD000000 		.4byte	0xdd
 344 00f2 0A       		.uleb128 0xa
 345 00f3 42000000 		.4byte	.LASF18
 346 00f7 03       		.byte	0x3
 347 00f8 78       		.byte	0x78
 348 00f9 C8000000 		.4byte	0xc8
 349 00fd 06       		.uleb128 0x6
 350 00fe 04       		.byte	0x4
 351 00ff 03       		.byte	0x3
 352 0100 7B       		.byte	0x7b
 353 0101 12010000 		.4byte	0x112
 354 0105 07       		.uleb128 0x7
 355 0106 8B000000 		.4byte	.LASF19
 356 010a 03       		.byte	0x3
 357 010b 7D       		.byte	0x7d
 358 010c 22010000 		.4byte	0x122
 359 0110 00       		.byte	0
 360 0111 00       		.byte	0
 361 0112 08       		.uleb128 0x8
 362 0113 98000000 		.4byte	0x98
 363 0117 22010000 		.4byte	0x122
 364 011b 09       		.uleb128 0x9
 365 011c C1000000 		.4byte	0xc1
 366 0120 03       		.byte	0x3
 367 0121 00       		.byte	0
 368 0122 05       		.uleb128 0x5
 369 0123 12010000 		.4byte	0x112
 370 0127 0A       		.uleb128 0xa
 371 0128 5E010000 		.4byte	.LASF20
 372 012c 03       		.byte	0x3
 373 012d 7E       		.byte	0x7e
 374 012e FD000000 		.4byte	0xfd
 375 0132 06       		.uleb128 0x6
 376 0133 20       		.byte	0x20
 377 0134 03       		.byte	0x3
 378 0135 A0       		.byte	0xa0
 379 0136 8F010000 		.4byte	0x18f
 380 013a 07       		.uleb128 0x7
 381 013b 71010000 		.4byte	.LASF21
 382 013f 03       		.byte	0x3
 383 0140 A2       		.byte	0xa2
ARM GAS  C:\Users\Timmo\AppData\Local\Temp\ccIILwqM.s 			page 18


 384 0141 27010000 		.4byte	0x127
 385 0145 00       		.byte	0
 386 0146 07       		.uleb128 0x7
 387 0147 C2000000 		.4byte	.LASF22
 388 014b 03       		.byte	0x3
 389 014c A3       		.byte	0xa3
 390 014d 27010000 		.4byte	0x127
 391 0151 04       		.byte	0x4
 392 0152 07       		.uleb128 0x7
 393 0153 90000000 		.4byte	.LASF23
 394 0157 03       		.byte	0x3
 395 0158 A4       		.byte	0xa4
 396 0159 F2000000 		.4byte	0xf2
 397 015d 08       		.byte	0x8
 398 015e 07       		.uleb128 0x7
 399 015f 3C000000 		.4byte	.LASF24
 400 0163 03       		.byte	0x3
 401 0164 A5       		.byte	0xa5
 402 0165 27010000 		.4byte	0x127
 403 0169 10       		.byte	0x10
 404 016a 07       		.uleb128 0x7
 405 016b 5F020000 		.4byte	.LASF25
 406 016f 03       		.byte	0x3
 407 0170 A6       		.byte	0xa6
 408 0171 27010000 		.4byte	0x127
 409 0175 14       		.byte	0x14
 410 0176 07       		.uleb128 0x7
 411 0177 0E020000 		.4byte	.LASF26
 412 017b 03       		.byte	0x3
 413 017c A7       		.byte	0xa7
 414 017d 27010000 		.4byte	0x127
 415 0181 18       		.byte	0x18
 416 0182 07       		.uleb128 0x7
 417 0183 97000000 		.4byte	.LASF27
 418 0187 03       		.byte	0x3
 419 0188 A8       		.byte	0xa8
 420 0189 27010000 		.4byte	0x127
 421 018d 1C       		.byte	0x1c
 422 018e 00       		.byte	0
 423 018f 0A       		.uleb128 0xa
 424 0190 3F020000 		.4byte	.LASF28
 425 0194 03       		.byte	0x3
 426 0195 A9       		.byte	0xa9
 427 0196 32010000 		.4byte	0x132
 428 019a 0B       		.uleb128 0xb
 429 019b 1C010000 		.4byte	.LASF29
 430 019f 01       		.byte	0x1
 431 01a0 2801     		.2byte	0x128
 432 01a2 00000000 		.4byte	.LFB0
 433 01a6 18000000 		.4byte	.LFE0-.LFB0
 434 01aa 01       		.uleb128 0x1
 435 01ab 9C       		.byte	0x9c
 436 01ac C3010000 		.4byte	0x1c3
 437 01b0 0C       		.uleb128 0xc
 438 01b1 0C000000 		.4byte	.LVL0
 439 01b5 69020000 		.4byte	0x269
 440 01b9 0C       		.uleb128 0xc
ARM GAS  C:\Users\Timmo\AppData\Local\Temp\ccIILwqM.s 			page 19


 441 01ba 10000000 		.4byte	.LVL1
 442 01be 74020000 		.4byte	0x274
 443 01c2 00       		.byte	0
 444 01c3 0B       		.uleb128 0xb
 445 01c4 49010000 		.4byte	.LASF30
 446 01c8 01       		.byte	0x1
 447 01c9 9401     		.2byte	0x194
 448 01cb 00000000 		.4byte	.LFB1
 449 01cf 7C000000 		.4byte	.LFE1-.LFB1
 450 01d3 01       		.uleb128 0x1
 451 01d4 9C       		.byte	0x9c
 452 01d5 40020000 		.4byte	0x240
 453 01d9 0D       		.uleb128 0xd
 454 01da 59000000 		.4byte	.LASF31
 455 01de 01       		.byte	0x1
 456 01df 9601     		.2byte	0x196
 457 01e1 6B000000 		.4byte	0x6b
 458 01e5 00000000 		.4byte	.LLST0
 459 01e9 0D       		.uleb128 0xd
 460 01ea 1E000000 		.4byte	.LASF32
 461 01ee 01       		.byte	0x1
 462 01ef 9701     		.2byte	0x197
 463 01f1 77000000 		.4byte	0x77
 464 01f5 2A000000 		.4byte	.LLST1
 465 01f9 0C       		.uleb128 0xc
 466 01fa 3A000000 		.4byte	.LVL5
 467 01fe 7F020000 		.4byte	0x27f
 468 0202 0C       		.uleb128 0xc
 469 0203 40000000 		.4byte	.LVL6
 470 0207 8B020000 		.4byte	0x28b
 471 020b 0C       		.uleb128 0xc
 472 020c 46000000 		.4byte	.LVL7
 473 0210 97020000 		.4byte	0x297
 474 0214 0C       		.uleb128 0xc
 475 0215 4C000000 		.4byte	.LVL8
 476 0219 A3020000 		.4byte	0x2a3
 477 021d 0C       		.uleb128 0xc
 478 021e 52000000 		.4byte	.LVL9
 479 0222 AF020000 		.4byte	0x2af
 480 0226 0C       		.uleb128 0xc
 481 0227 58000000 		.4byte	.LVL10
 482 022b BB020000 		.4byte	0x2bb
 483 022f 0E       		.uleb128 0xe
 484 0230 60000000 		.4byte	.LVL11
 485 0234 C7020000 		.4byte	0x2c7
 486 0238 0F       		.uleb128 0xf
 487 0239 01       		.uleb128 0x1
 488 023a 50       		.byte	0x50
 489 023b 02       		.uleb128 0x2
 490 023c 74       		.byte	0x74
 491 023d 00       		.sleb128 0
 492 023e 00       		.byte	0
 493 023f 00       		.byte	0
 494 0240 0B       		.uleb128 0xb
 495 0241 9E000000 		.4byte	.LASF33
 496 0245 01       		.byte	0x1
 497 0246 DD01     		.2byte	0x1dd
ARM GAS  C:\Users\Timmo\AppData\Local\Temp\ccIILwqM.s 			page 20


 498 0248 00000000 		.4byte	.LFB2
 499 024c 24000000 		.4byte	.LFE2-.LFB2
 500 0250 01       		.uleb128 0x1
 501 0251 9C       		.byte	0x9c
 502 0252 69020000 		.4byte	0x269
 503 0256 0C       		.uleb128 0xc
 504 0257 10000000 		.4byte	.LVL17
 505 025b 9A010000 		.4byte	0x19a
 506 025f 0C       		.uleb128 0xc
 507 0260 1E000000 		.4byte	.LVL18
 508 0264 C3010000 		.4byte	0x1c3
 509 0268 00       		.byte	0
 510 0269 10       		.uleb128 0x10
 511 026a CC000000 		.4byte	.LASF34
 512 026e CC000000 		.4byte	.LASF34
 513 0272 03       		.byte	0x3
 514 0273 C9       		.byte	0xc9
 515 0274 10       		.uleb128 0x10
 516 0275 7A000000 		.4byte	.LASF35
 517 0279 7A000000 		.4byte	.LASF35
 518 027d 03       		.byte	0x3
 519 027e C6       		.byte	0xc6
 520 027f 11       		.uleb128 0x11
 521 0280 FB020000 		.4byte	.LASF36
 522 0284 FB020000 		.4byte	.LASF36
 523 0288 03       		.byte	0x3
 524 0289 3501     		.2byte	0x135
 525 028b 11       		.uleb128 0x11
 526 028c 13030000 		.4byte	.LASF37
 527 0290 13030000 		.4byte	.LASF37
 528 0294 03       		.byte	0x3
 529 0295 3801     		.2byte	0x138
 530 0297 11       		.uleb128 0x11
 531 0298 2B030000 		.4byte	.LASF38
 532 029c 2B030000 		.4byte	.LASF38
 533 02a0 03       		.byte	0x3
 534 02a1 3B01     		.2byte	0x13b
 535 02a3 11       		.uleb128 0x11
 536 02a4 43030000 		.4byte	.LASF39
 537 02a8 43030000 		.4byte	.LASF39
 538 02ac 03       		.byte	0x3
 539 02ad 3E01     		.2byte	0x13e
 540 02af 11       		.uleb128 0x11
 541 02b0 24000000 		.4byte	.LASF40
 542 02b4 24000000 		.4byte	.LASF40
 543 02b8 03       		.byte	0x3
 544 02b9 4101     		.2byte	0x141
 545 02bb 11       		.uleb128 0x11
 546 02bc 06000000 		.4byte	.LASF41
 547 02c0 06000000 		.4byte	.LASF41
 548 02c4 03       		.byte	0x3
 549 02c5 4401     		.2byte	0x144
 550 02c7 11       		.uleb128 0x11
 551 02c8 28020000 		.4byte	.LASF42
 552 02cc 28020000 		.4byte	.LASF42
 553 02d0 03       		.byte	0x3
 554 02d1 1A01     		.2byte	0x11a
ARM GAS  C:\Users\Timmo\AppData\Local\Temp\ccIILwqM.s 			page 21


 555 02d3 00       		.byte	0
 556              		.section	.debug_abbrev,"",%progbits
 557              	.Ldebug_abbrev0:
 558 0000 01       		.uleb128 0x1
 559 0001 11       		.uleb128 0x11
 560 0002 01       		.byte	0x1
 561 0003 25       		.uleb128 0x25
 562 0004 0E       		.uleb128 0xe
 563 0005 13       		.uleb128 0x13
 564 0006 0B       		.uleb128 0xb
 565 0007 03       		.uleb128 0x3
 566 0008 0E       		.uleb128 0xe
 567 0009 1B       		.uleb128 0x1b
 568 000a 0E       		.uleb128 0xe
 569 000b 55       		.uleb128 0x55
 570 000c 17       		.uleb128 0x17
 571 000d 11       		.uleb128 0x11
 572 000e 01       		.uleb128 0x1
 573 000f 10       		.uleb128 0x10
 574 0010 17       		.uleb128 0x17
 575 0011 00       		.byte	0
 576 0012 00       		.byte	0
 577 0013 02       		.uleb128 0x2
 578 0014 24       		.uleb128 0x24
 579 0015 00       		.byte	0
 580 0016 0B       		.uleb128 0xb
 581 0017 0B       		.uleb128 0xb
 582 0018 3E       		.uleb128 0x3e
 583 0019 0B       		.uleb128 0xb
 584 001a 03       		.uleb128 0x3
 585 001b 0E       		.uleb128 0xe
 586 001c 00       		.byte	0
 587 001d 00       		.byte	0
 588 001e 03       		.uleb128 0x3
 589 001f 24       		.uleb128 0x24
 590 0020 00       		.byte	0
 591 0021 0B       		.uleb128 0xb
 592 0022 0B       		.uleb128 0xb
 593 0023 3E       		.uleb128 0x3e
 594 0024 0B       		.uleb128 0xb
 595 0025 03       		.uleb128 0x3
 596 0026 08       		.uleb128 0x8
 597 0027 00       		.byte	0
 598 0028 00       		.byte	0
 599 0029 04       		.uleb128 0x4
 600 002a 16       		.uleb128 0x16
 601 002b 00       		.byte	0
 602 002c 03       		.uleb128 0x3
 603 002d 0E       		.uleb128 0xe
 604 002e 3A       		.uleb128 0x3a
 605 002f 0B       		.uleb128 0xb
 606 0030 3B       		.uleb128 0x3b
 607 0031 05       		.uleb128 0x5
 608 0032 49       		.uleb128 0x49
 609 0033 13       		.uleb128 0x13
 610 0034 00       		.byte	0
 611 0035 00       		.byte	0
ARM GAS  C:\Users\Timmo\AppData\Local\Temp\ccIILwqM.s 			page 22


 612 0036 05       		.uleb128 0x5
 613 0037 35       		.uleb128 0x35
 614 0038 00       		.byte	0
 615 0039 49       		.uleb128 0x49
 616 003a 13       		.uleb128 0x13
 617 003b 00       		.byte	0
 618 003c 00       		.byte	0
 619 003d 06       		.uleb128 0x6
 620 003e 13       		.uleb128 0x13
 621 003f 01       		.byte	0x1
 622 0040 0B       		.uleb128 0xb
 623 0041 0B       		.uleb128 0xb
 624 0042 3A       		.uleb128 0x3a
 625 0043 0B       		.uleb128 0xb
 626 0044 3B       		.uleb128 0x3b
 627 0045 0B       		.uleb128 0xb
 628 0046 01       		.uleb128 0x1
 629 0047 13       		.uleb128 0x13
 630 0048 00       		.byte	0
 631 0049 00       		.byte	0
 632 004a 07       		.uleb128 0x7
 633 004b 0D       		.uleb128 0xd
 634 004c 00       		.byte	0
 635 004d 03       		.uleb128 0x3
 636 004e 0E       		.uleb128 0xe
 637 004f 3A       		.uleb128 0x3a
 638 0050 0B       		.uleb128 0xb
 639 0051 3B       		.uleb128 0x3b
 640 0052 0B       		.uleb128 0xb
 641 0053 49       		.uleb128 0x49
 642 0054 13       		.uleb128 0x13
 643 0055 38       		.uleb128 0x38
 644 0056 0B       		.uleb128 0xb
 645 0057 00       		.byte	0
 646 0058 00       		.byte	0
 647 0059 08       		.uleb128 0x8
 648 005a 01       		.uleb128 0x1
 649 005b 01       		.byte	0x1
 650 005c 49       		.uleb128 0x49
 651 005d 13       		.uleb128 0x13
 652 005e 01       		.uleb128 0x1
 653 005f 13       		.uleb128 0x13
 654 0060 00       		.byte	0
 655 0061 00       		.byte	0
 656 0062 09       		.uleb128 0x9
 657 0063 21       		.uleb128 0x21
 658 0064 00       		.byte	0
 659 0065 49       		.uleb128 0x49
 660 0066 13       		.uleb128 0x13
 661 0067 2F       		.uleb128 0x2f
 662 0068 0B       		.uleb128 0xb
 663 0069 00       		.byte	0
 664 006a 00       		.byte	0
 665 006b 0A       		.uleb128 0xa
 666 006c 16       		.uleb128 0x16
 667 006d 00       		.byte	0
 668 006e 03       		.uleb128 0x3
ARM GAS  C:\Users\Timmo\AppData\Local\Temp\ccIILwqM.s 			page 23


 669 006f 0E       		.uleb128 0xe
 670 0070 3A       		.uleb128 0x3a
 671 0071 0B       		.uleb128 0xb
 672 0072 3B       		.uleb128 0x3b
 673 0073 0B       		.uleb128 0xb
 674 0074 49       		.uleb128 0x49
 675 0075 13       		.uleb128 0x13
 676 0076 00       		.byte	0
 677 0077 00       		.byte	0
 678 0078 0B       		.uleb128 0xb
 679 0079 2E       		.uleb128 0x2e
 680 007a 01       		.byte	0x1
 681 007b 3F       		.uleb128 0x3f
 682 007c 19       		.uleb128 0x19
 683 007d 03       		.uleb128 0x3
 684 007e 0E       		.uleb128 0xe
 685 007f 3A       		.uleb128 0x3a
 686 0080 0B       		.uleb128 0xb
 687 0081 3B       		.uleb128 0x3b
 688 0082 05       		.uleb128 0x5
 689 0083 27       		.uleb128 0x27
 690 0084 19       		.uleb128 0x19
 691 0085 11       		.uleb128 0x11
 692 0086 01       		.uleb128 0x1
 693 0087 12       		.uleb128 0x12
 694 0088 06       		.uleb128 0x6
 695 0089 40       		.uleb128 0x40
 696 008a 18       		.uleb128 0x18
 697 008b 9742     		.uleb128 0x2117
 698 008d 19       		.uleb128 0x19
 699 008e 01       		.uleb128 0x1
 700 008f 13       		.uleb128 0x13
 701 0090 00       		.byte	0
 702 0091 00       		.byte	0
 703 0092 0C       		.uleb128 0xc
 704 0093 898201   		.uleb128 0x4109
 705 0096 00       		.byte	0
 706 0097 11       		.uleb128 0x11
 707 0098 01       		.uleb128 0x1
 708 0099 31       		.uleb128 0x31
 709 009a 13       		.uleb128 0x13
 710 009b 00       		.byte	0
 711 009c 00       		.byte	0
 712 009d 0D       		.uleb128 0xd
 713 009e 34       		.uleb128 0x34
 714 009f 00       		.byte	0
 715 00a0 03       		.uleb128 0x3
 716 00a1 0E       		.uleb128 0xe
 717 00a2 3A       		.uleb128 0x3a
 718 00a3 0B       		.uleb128 0xb
 719 00a4 3B       		.uleb128 0x3b
 720 00a5 05       		.uleb128 0x5
 721 00a6 49       		.uleb128 0x49
 722 00a7 13       		.uleb128 0x13
 723 00a8 02       		.uleb128 0x2
 724 00a9 17       		.uleb128 0x17
 725 00aa 00       		.byte	0
ARM GAS  C:\Users\Timmo\AppData\Local\Temp\ccIILwqM.s 			page 24


 726 00ab 00       		.byte	0
 727 00ac 0E       		.uleb128 0xe
 728 00ad 898201   		.uleb128 0x4109
 729 00b0 01       		.byte	0x1
 730 00b1 11       		.uleb128 0x11
 731 00b2 01       		.uleb128 0x1
 732 00b3 31       		.uleb128 0x31
 733 00b4 13       		.uleb128 0x13
 734 00b5 00       		.byte	0
 735 00b6 00       		.byte	0
 736 00b7 0F       		.uleb128 0xf
 737 00b8 8A8201   		.uleb128 0x410a
 738 00bb 00       		.byte	0
 739 00bc 02       		.uleb128 0x2
 740 00bd 18       		.uleb128 0x18
 741 00be 9142     		.uleb128 0x2111
 742 00c0 18       		.uleb128 0x18
 743 00c1 00       		.byte	0
 744 00c2 00       		.byte	0
 745 00c3 10       		.uleb128 0x10
 746 00c4 2E       		.uleb128 0x2e
 747 00c5 00       		.byte	0
 748 00c6 3F       		.uleb128 0x3f
 749 00c7 19       		.uleb128 0x19
 750 00c8 3C       		.uleb128 0x3c
 751 00c9 19       		.uleb128 0x19
 752 00ca 6E       		.uleb128 0x6e
 753 00cb 0E       		.uleb128 0xe
 754 00cc 03       		.uleb128 0x3
 755 00cd 0E       		.uleb128 0xe
 756 00ce 3A       		.uleb128 0x3a
 757 00cf 0B       		.uleb128 0xb
 758 00d0 3B       		.uleb128 0x3b
 759 00d1 0B       		.uleb128 0xb
 760 00d2 00       		.byte	0
 761 00d3 00       		.byte	0
 762 00d4 11       		.uleb128 0x11
 763 00d5 2E       		.uleb128 0x2e
 764 00d6 00       		.byte	0
 765 00d7 3F       		.uleb128 0x3f
 766 00d8 19       		.uleb128 0x19
 767 00d9 3C       		.uleb128 0x3c
 768 00da 19       		.uleb128 0x19
 769 00db 6E       		.uleb128 0x6e
 770 00dc 0E       		.uleb128 0xe
 771 00dd 03       		.uleb128 0x3
 772 00de 0E       		.uleb128 0xe
 773 00df 3A       		.uleb128 0x3a
 774 00e0 0B       		.uleb128 0xb
 775 00e1 3B       		.uleb128 0x3b
 776 00e2 05       		.uleb128 0x5
 777 00e3 00       		.byte	0
 778 00e4 00       		.byte	0
 779 00e5 00       		.byte	0
 780              		.section	.debug_loc,"",%progbits
 781              	.Ldebug_loc0:
 782              	.LLST0:
ARM GAS  C:\Users\Timmo\AppData\Local\Temp\ccIILwqM.s 			page 25


 783 0000 08000000 		.4byte	.LVL3
 784 0004 0E000000 		.4byte	.LVL4
 785 0008 0200     		.2byte	0x2
 786 000a 30       		.byte	0x30
 787 000b 9F       		.byte	0x9f
 788 000c 0E000000 		.4byte	.LVL4
 789 0010 66000000 		.4byte	.LVL14
 790 0014 0100     		.2byte	0x1
 791 0016 54       		.byte	0x54
 792 0017 68000000 		.4byte	.LVL15
 793 001b 6E000000 		.4byte	.LVL16
 794 001f 0100     		.2byte	0x1
 795 0021 54       		.byte	0x54
 796 0022 00000000 		.4byte	0
 797 0026 00000000 		.4byte	0
 798              	.LLST1:
 799 002a 02000000 		.4byte	.LVL2
 800 002e 0E000000 		.4byte	.LVL4
 801 0032 0200     		.2byte	0x2
 802 0034 31       		.byte	0x31
 803 0035 9F       		.byte	0x9f
 804 0036 0E000000 		.4byte	.LVL4
 805 003a 62000000 		.4byte	.LVL12
 806 003e 0100     		.2byte	0x1
 807 0040 55       		.byte	0x55
 808 0041 64000000 		.4byte	.LVL13
 809 0045 6E000000 		.4byte	.LVL16
 810 0049 0100     		.2byte	0x1
 811 004b 55       		.byte	0x55
 812 004c 00000000 		.4byte	0
 813 0050 00000000 		.4byte	0
 814              		.section	.debug_aranges,"",%progbits
 815 0000 2C000000 		.4byte	0x2c
 816 0004 0200     		.2byte	0x2
 817 0006 00000000 		.4byte	.Ldebug_info0
 818 000a 04       		.byte	0x4
 819 000b 00       		.byte	0
 820 000c 0000     		.2byte	0
 821 000e 0000     		.2byte	0
 822 0010 00000000 		.4byte	.LFB0
 823 0014 18000000 		.4byte	.LFE0-.LFB0
 824 0018 00000000 		.4byte	.LFB1
 825 001c 7C000000 		.4byte	.LFE1-.LFB1
 826 0020 00000000 		.4byte	.LFB2
 827 0024 24000000 		.4byte	.LFE2-.LFB2
 828 0028 00000000 		.4byte	0
 829 002c 00000000 		.4byte	0
 830              		.section	.debug_ranges,"",%progbits
 831              	.Ldebug_ranges0:
 832 0000 00000000 		.4byte	.LFB0
 833 0004 18000000 		.4byte	.LFE0
 834 0008 00000000 		.4byte	.LFB1
 835 000c 7C000000 		.4byte	.LFE1
 836 0010 00000000 		.4byte	.LFB2
 837 0014 24000000 		.4byte	.LFE2
 838 0018 00000000 		.4byte	0
 839 001c 00000000 		.4byte	0
ARM GAS  C:\Users\Timmo\AppData\Local\Temp\ccIILwqM.s 			page 26


 840              		.section	.debug_line,"",%progbits
 841              	.Ldebug_line0:
 842 0000 CD000000 		.section	.debug_str,"MS",%progbits,1
 842      02005D00 
 842      00000201 
 842      FB0E0D00 
 842      01010101 
 843              	.LASF15:
 844 0000 72656731 		.ascii	"reg16\000"
 844      3600
 845              	.LASF41:
 846 0006 56656869 		.ascii	"Vehicle_CAN_ReceiveMsg5\000"
 846      636C655F 
 846      43414E5F 
 846      52656365 
 846      6976654D 
 847              	.LASF32:
 848 001e 73686966 		.ascii	"shift\000"
 848      7400
 849              	.LASF40:
 850 0024 56656869 		.ascii	"Vehicle_CAN_ReceiveMsg4\000"
 850      636C655F 
 850      43414E5F 
 850      52656365 
 850      6976654D 
 851              	.LASF24:
 852 003c 7278616D 		.ascii	"rxamr\000"
 852      7200
 853              	.LASF18:
 854 0042 56656869 		.ascii	"Vehicle_CAN_DATA_BYTES\000"
 854      636C655F 
 854      43414E5F 
 854      44415441 
 854      5F425954 
 855              	.LASF31:
 856 0059 6D61696C 		.ascii	"mailboxNumber\000"
 856      626F784E 
 856      756D6265 
 856      7200
 857              	.LASF3:
 858 0067 73686F72 		.ascii	"short unsigned int\000"
 858      7420756E 
 858      7369676E 
 858      65642069 
 858      6E7400
 859              	.LASF35:
 860 007a 56656869 		.ascii	"Vehicle_CAN_Stop\000"
 860      636C655F 
 860      43414E5F 
 860      53746F70 
 860      00
 861              	.LASF19:
 862 008b 62797465 		.ascii	"byte\000"
 862      00
 863              	.LASF23:
 864 0090 72786461 		.ascii	"rxdata\000"
 864      746100
ARM GAS  C:\Users\Timmo\AppData\Local\Temp\ccIILwqM.s 			page 27


 865              	.LASF27:
 866 0097 72786163 		.ascii	"rxacrd\000"
 866      726400
 867              	.LASF33:
 868 009e 56656869 		.ascii	"Vehicle_CAN_ISR\000"
 868      636C655F 
 868      43414E5F 
 868      49535200 
 869              	.LASF11:
 870 00ae 666C6F61 		.ascii	"float\000"
 870      7400
 871              	.LASF1:
 872 00b4 756E7369 		.ascii	"unsigned char\000"
 872      676E6564 
 872      20636861 
 872      7200
 873              	.LASF22:
 874 00c2 72786964 		.ascii	"rxid\000"
 874      00
 875              	.LASF14:
 876 00c7 72656738 		.ascii	"reg8\000"
 876      00
 877              	.LASF34:
 878 00cc 56656869 		.ascii	"Vehicle_CAN_GlobalIntDisable\000"
 878      636C655F 
 878      43414E5F 
 878      476C6F62 
 878      616C496E 
 879              	.LASF5:
 880 00e9 6C6F6E67 		.ascii	"long unsigned int\000"
 880      20756E73 
 880      69676E65 
 880      6420696E 
 880      7400
 881              	.LASF9:
 882 00fb 75696E74 		.ascii	"uint8\000"
 882      3800
 883              	.LASF12:
 884 0101 646F7562 		.ascii	"double\000"
 884      6C6500
 885              	.LASF10:
 886 0108 75696E74 		.ascii	"uint16\000"
 886      313600
 887              	.LASF8:
 888 010f 756E7369 		.ascii	"unsigned int\000"
 888      676E6564 
 888      20696E74 
 888      00
 889              	.LASF29:
 890 011c 56656869 		.ascii	"Vehicle_CAN_BusOffIsr\000"
 890      636C655F 
 890      43414E5F 
 890      4275734F 
 890      66664973 
 891              	.LASF7:
 892 0132 6C6F6E67 		.ascii	"long long unsigned int\000"
 892      206C6F6E 
ARM GAS  C:\Users\Timmo\AppData\Local\Temp\ccIILwqM.s 			page 28


 892      6720756E 
 892      7369676E 
 892      65642069 
 893              	.LASF30:
 894 0149 56656869 		.ascii	"Vehicle_CAN_MsgRXIsr\000"
 894      636C655F 
 894      43414E5F 
 894      4D736752 
 894      58497372 
 895              	.LASF20:
 896 015e 56656869 		.ascii	"Vehicle_CAN_REG_32\000"
 896      636C655F 
 896      43414E5F 
 896      5245475F 
 896      333200
 897              	.LASF21:
 898 0171 7278636D 		.ascii	"rxcmd\000"
 898      6400
 899              	.LASF43:
 900 0177 474E5520 		.ascii	"GNU C11 5.4.1 20160609 (release) [ARM/embedded-5-br"
 900      43313120 
 900      352E342E 
 900      31203230 
 900      31363036 
 901 01aa 616E6368 		.ascii	"anch revision 237715] -mcpu=cortex-m3 -mthumb -g -O"
 901      20726576 
 901      6973696F 
 901      6E203233 
 901      37373135 
 902 01dd 67202D66 		.ascii	"g -ffunction-sections -ffat-lto-objects\000"
 902      66756E63 
 902      74696F6E 
 902      2D736563 
 902      74696F6E 
 903              	.LASF17:
 904 0205 73697A65 		.ascii	"sizetype\000"
 904      74797065 
 904      00
 905              	.LASF26:
 906 020e 7278616D 		.ascii	"rxamrd\000"
 906      726400
 907              	.LASF6:
 908 0215 6C6F6E67 		.ascii	"long long int\000"
 908      206C6F6E 
 908      6720696E 
 908      7400
 909              	.LASF13:
 910 0223 63686172 		.ascii	"char\000"
 910      00
 911              	.LASF42:
 912 0228 56656869 		.ascii	"Vehicle_CAN_ReceiveMsg\000"
 912      636C655F 
 912      43414E5F 
 912      52656365 
 912      6976654D 
 913              	.LASF28:
 914 023f 56656869 		.ascii	"Vehicle_CAN_RX_STRUCT\000"
ARM GAS  C:\Users\Timmo\AppData\Local\Temp\ccIILwqM.s 			page 29


 914      636C655F 
 914      43414E5F 
 914      52585F53 
 914      54525543 
 915              	.LASF2:
 916 0255 73686F72 		.ascii	"short int\000"
 916      7420696E 
 916      7400
 917              	.LASF25:
 918 025f 72786163 		.ascii	"rxacr\000"
 918      7200
 919              	.LASF4:
 920 0265 6C6F6E67 		.ascii	"long int\000"
 920      20696E74 
 920      00
 921              	.LASF16:
 922 026e 6C6F6E67 		.ascii	"long double\000"
 922      20646F75 
 922      626C6500 
 923              	.LASF44:
 924 027a 47656E65 		.ascii	"Generated_Source\\PSoC5\\Vehicle_CAN_INT.c\000"
 924      72617465 
 924      645F536F 
 924      75726365 
 924      5C50536F 
 925              	.LASF0:
 926 02a3 7369676E 		.ascii	"signed char\000"
 926      65642063 
 926      68617200 
 927              	.LASF45:
 928 02af 433A5C55 		.ascii	"C:\\Users\\Timmo\\Documents\\GitHub\\Software\\BMS\\"
 928      73657273 
 928      5C54696D 
 928      6D6F5C44 
 928      6F63756D 
 929 02dc 424D535F 		.ascii	"BMS_Workspace\\BMS_Master.cydsn\000"
 929      576F726B 
 929      73706163 
 929      655C424D 
 929      535F4D61 
 930              	.LASF36:
 931 02fb 56656869 		.ascii	"Vehicle_CAN_ReceiveMsg0\000"
 931      636C655F 
 931      43414E5F 
 931      52656365 
 931      6976654D 
 932              	.LASF37:
 933 0313 56656869 		.ascii	"Vehicle_CAN_ReceiveMsg1\000"
 933      636C655F 
 933      43414E5F 
 933      52656365 
 933      6976654D 
 934              	.LASF38:
 935 032b 56656869 		.ascii	"Vehicle_CAN_ReceiveMsg2\000"
 935      636C655F 
 935      43414E5F 
 935      52656365 
ARM GAS  C:\Users\Timmo\AppData\Local\Temp\ccIILwqM.s 			page 30


 935      6976654D 
 936              	.LASF39:
 937 0343 56656869 		.ascii	"Vehicle_CAN_ReceiveMsg3\000"
 937      636C655F 
 937      43414E5F 
 937      52656365 
 937      6976654D 
 938              		.ident	"GCC: (GNU Tools for ARM Embedded Processors) 5.4.1 20160609 (release) [ARM/embedded-5-bran
